Archive member included to satisfy reference by file (symbol)

sdk\LIB\libwchble.a(message.o)
                              build\.objs\CH32V208GBU_Templete\cross\riscv\debug\app\tasks\tmos_led_task.c.o (tmos_msg_deallocate)
sdk\LIB\libwchble.a(tmos.o)   build\.objs\CH32V208GBU_Templete\cross\riscv\debug\sdk\HAL\MCU.c.o (tmos_memcpy)
sdk\LIB\libwchble.a(tmos_hw.o)
                              sdk\LIB\libwchble.a(tmos.o) (bleClock_t)
sdk\LIB\libwchble.a(tmos_snv.o)
                              sdk\LIB\libwchble.a(tmos.o) (tmos_snv_init)
sdk\LIB\libwchble.a(gap.o)    build\.objs\CH32V208GBU_Templete\cross\riscv\debug\app\peripheral.c.o (GAP_SetParamValue)
sdk\LIB\libwchble.a(gap_central.o)
                              sdk\LIB\libwchble.a(gap.o) (gapProcessPeriodicAdvertisingSyncEstablishedEvt)
sdk\LIB\libwchble.a(gap_peripheral.o)
                              sdk\LIB\libwchble.a(gap.o) (GAP_PeripheralParamInit)
sdk\LIB\libwchble.a(gapgattserver.o)
                              build\.objs\CH32V208GBU_Templete\cross\riscv\debug\app\peripheral.c.o (GGS_SetParameter)
sdk\LIB\libwchble.a(gatt.o)   build\.objs\CH32V208GBU_Templete\cross\riscv\debug\app\peripheral.c.o (GATT_bm_alloc)
sdk\LIB\libwchble.a(gatt_uuid.o)
                              sdk\LIB\libwchble.a(gatt.o) (serviceChangedUUID)
sdk\LIB\libwchble.a(gattclientapp.o)
                              sdk\LIB\libwchble.a(gatt.o) (gattGetClientStatus)
sdk\LIB\libwchble.a(gattservapp.o)
                              build\.objs\CH32V208GBU_Templete\cross\riscv\debug\ble_profile\gattprofile.c.o (GATTServApp_ReadCharCfg)
sdk\LIB\libwchble.a(l2cap.o)  sdk\LIB\libwchble.a(gatt.o) (L2CAP_GetMTU)
sdk\LIB\libwchble.a(l2cap_input.o)
                              sdk\LIB\libwchble.a(l2cap.o) (l2capProcessRxData)
sdk\LIB\libwchble.a(l2cap_output.o)
                              sdk\LIB\libwchble.a(l2cap_input.o) (l2capNotifyData)
sdk\LIB\libwchble.a(l2cap_sdu.o)
                              sdk\LIB\libwchble.a(l2cap_input.o) (l2capBuildDisconnectRsp)
sdk\LIB\libwchble.a(linkdb.o)
                              sdk\LIB\libwchble.a(l2cap.o) (linkDB_Init)
sdk\LIB\libwchble.a(sm.o)     sdk\LIB\libwchble.a(gap.o) (smFreePairingParams)
sdk\LIB\libwchble.a(sm_initiator.o)
                              sdk\LIB\libwchble.a(sm.o) (smInitiatorSendNextKeyInfo)
sdk\LIB\libwchble.a(sm_pdu.o)
                              sdk\LIB\libwchble.a(sm.o) (smpBuildPairingReq)
sdk\LIB\libwchble.a(sm_responding.o)
                              sdk\LIB\libwchble.a(sm.o) (smResponderSendNextKeyInfo)
sdk\LIB\libwchble.a(sm_toolbox.o)
                              sdk\LIB\libwchble.a(sm.o) (sm_ah)
sdk\LIB\libwchble.a(host_input.o)
                              sdk\LIB\libwchble.a(gap.o) (gBleHostPara)
sdk\LIB\libwchble.a(host_output.o)
                              sdk\LIB\libwchble.a(gap.o) (HCI_DisconnectCmd)
sdk\LIB\libwchble.a(ll.o)     sdk\LIB\libwchble.a(tmos.o) (gBleLlPara)
sdk\LIB\libwchble.a(ll_advertise.o)
                              sdk\LIB\libwchble.a(ll.o) (LL_AdvertiseEventRegister)
sdk\LIB\libwchble.a(ll_connect.o)
                              sdk\LIB\libwchble.a(ll.o) (LL_ConnectEventRegister)
sdk\LIB\libwchble.a(ll_core.o)
                              sdk\LIB\libwchble.a(ll_advertise.o) (LL_CoreGetCore)
sdk\LIB\libwchble.a(ll_hop.o)
                              sdk\LIB\libwchble.a(ll_connect.o) (LL_HopGetChannel)
sdk\LIB\libwchble.a(ll_master.o)
                              sdk\LIB\libwchble.a(gap_central.o) (LL_SetDataSendPriority)
sdk\LIB\libwchble.a(ll_pdu.o)
                              sdk\LIB\libwchble.a(ll_master.o) (LL_ConnectionUpdateInd)
sdk\LIB\libwchble.a(ll_report.o)
                              sdk\LIB\libwchble.a(ll.o) (LL_ProcessTMOSReportMsg)
sdk\LIB\libwchble.a(ll_resolvinglist.o)
                              sdk\LIB\libwchble.a(ll_advertise.o) (ll_resolvinglist_checkRPA)
sdk\LIB\libwchble.a(ll_scan.o)
                              sdk\LIB\libwchble.a(ll_master.o) (LL_ScanEnable)
sdk\LIB\libwchble.a(ll_slave.o)
                              sdk\LIB\libwchble.a(ll_connect.o) (pfnSlaveHandle)
sdk\LIB\libwchble.a(ll_sync.o)
                              sdk\LIB\libwchble.a(ll_scan.o) (debug_periodic_tmp)
sdk\LIB\libwchble.a(ll_whitelist.o)
                              sdk\LIB\libwchble.a(ll_advertise.o) (LL_WhitelistLookup)
sdk\LIB\libwchble.a(ble_task_process.o)
                              build\.objs\CH32V208GBU_Templete\cross\riscv\debug\sdk\HAL\MCU.c.o (LLE_IRQLibHandler)
sdk\LIB\libwchble.a(aes.o)    sdk\LIB\libwchble.a(ll_resolvinglist.o) (AES_DevAESEnc)
sdk\LIB\libwchble.a(bb.o)     sdk\LIB\libwchble.a(ll_advertise.o) (gptrBBReg)
sdk\LIB\libwchble.a(ip.o)     sdk\LIB\libwchble.a(tmos.o) (ll_rx_wait_finish)
sdk\LIB\libwchble.a(lle.o)    sdk\LIB\libwchble.a(ble_task_process.o) (LLE_IRQSubHandler)
sdk\LIB\libwchble.a(rf_fh.o)  sdk\LIB\libwchble.a(ip.o) (rfConfig)
sdk\LIB\libwchble.a(rfend.o)  sdk\LIB\libwchble.a(tmos.o) (gptrRFENDReg)
[...]
Memory Configuration

Name             Origin             Length             Attributes
FLASH            0x0000000000000000 0x0000000000020000 xr
RAM              0x0000000020000000 0x0000000000010000 xrw
*default*        0x0000000000000000 0xffffffffffffffff

Linker script and memory map

LOAD build\.objs\CH32V208GBU_Templete\cross\riscv\debug\sdk\Startup\startup_ch32v20x_D8W.S.o
LOAD build\.objs\CH32V208GBU_Templete\cross\riscv\debug\sdk\LIB\ble_task_scheduler.S.o
LOAD build\.objs\CH32V208GBU_Templete\cross\riscv\debug\app\tasks\tmos_led_task.c.o
LOAD build\.objs\CH32V208GBU_Templete\cross\riscv\debug\sdk\USBLIB\USB-Driver\src\usb_core.c.o
LOAD build\.objs\CH32V208GBU_Templete\cross\riscv\debug\sdk\USBLIB\USB-Driver\src\usb_init.c.o
LOAD build\.objs\CH32V208GBU_Templete\cross\riscv\debug\sdk\USBLIB\USB-Driver\src\usb_int.c.o
LOAD build\.objs\CH32V208GBU_Templete\cross\riscv\debug\sdk\USBLIB\USB-Driver\src\usb_mem.c.o
LOAD build\.objs\CH32V208GBU_Templete\cross\riscv\debug\sdk\USBLIB\USB-Driver\src\usb_regs.c.o
LOAD build\.objs\CH32V208GBU_Templete\cross\riscv\debug\sdk\USBLIB\USB-Driver\src\usb_sil.c.o
LOAD build\.objs\CH32V208GBU_Templete\cross\riscv\debug\sdk\USBLIB\CONFIG\hw_config.c.o
LOAD build\.objs\CH32V208GBU_Templete\cross\riscv\debug\sdk\USBLIB\CONFIG\usb_desc.c.o
LOAD build\.objs\CH32V208GBU_Templete\cross\riscv\debug\sdk\USBLIB\CONFIG\usb_endp.c.o
LOAD build\.objs\CH32V208GBU_Templete\cross\riscv\debug\sdk\USBLIB\CONFIG\usb_istr.c.o
LOAD build\.objs\CH32V208GBU_Templete\cross\riscv\debug\sdk\USBLIB\CONFIG\usb_prop.c.o
LOAD build\.objs\CH32V208GBU_Templete\cross\riscv\debug\sdk\USBLIB\CONFIG\usb_pwr.c.o
LOAD build\.objs\CH32V208GBU_Templete\cross\riscv\debug\sdk\Peripheral\src\ch32v20x_adc.c.o
LOAD build\.objs\CH32V208GBU_Templete\cross\riscv\debug\sdk\Peripheral\src\ch32v20x_bkp.c.o
LOAD build\.objs\CH32V208GBU_Templete\cross\riscv\debug\sdk\Peripheral\src\ch32v20x_can.c.o
LOAD build\.objs\CH32V208GBU_Templete\cross\riscv\debug\sdk\Peripheral\src\ch32v20x_crc.c.o
LOAD build\.objs\CH32V208GBU_Templete\cross\riscv\debug\sdk\Peripheral\src\ch32v20x_dbgmcu.c.o
LOAD build\.objs\CH32V208GBU_Templete\cross\riscv\debug\sdk\Peripheral\src\ch32v20x_dma.c.o
LOAD build\.objs\CH32V208GBU_Templete\cross\riscv\debug\sdk\Peripheral\src\ch32v20x_exti.c.o
LOAD build\.objs\CH32V208GBU_Templete\cross\riscv\debug\sdk\Peripheral\src\ch32v20x_flash.c.o
LOAD build\.objs\CH32V208GBU_Templete\cross\riscv\debug\sdk\Peripheral\src\ch32v20x_gpio.c.o
LOAD build\.objs\CH32V208GBU_Templete\cross\riscv\debug\sdk\Peripheral\src\ch32v20x_i2c.c.o
LOAD build\.objs\CH32V208GBU_Templete\cross\riscv\debug\sdk\Peripheral\src\ch32v20x_iwdg.c.o
LOAD build\.objs\CH32V208GBU_Templete\cross\riscv\debug\sdk\Peripheral\src\ch32v20x_misc.c.o
LOAD build\.objs\CH32V208GBU_Templete\cross\riscv\debug\sdk\Peripheral\src\ch32v20x_opa.c.o
LOAD build\.objs\CH32V208GBU_Templete\cross\riscv\debug\sdk\Peripheral\src\ch32v20x_pwr.c.o
LOAD build\.objs\CH32V208GBU_Templete\cross\riscv\debug\sdk\Peripheral\src\ch32v20x_rcc.c.o
LOAD build\.objs\CH32V208GBU_Templete\cross\riscv\debug\sdk\Peripheral\src\ch32v20x_rtc.c.o
LOAD build\.objs\CH32V208GBU_Templete\cross\riscv\debug\sdk\Peripheral\src\ch32v20x_spi.c.o
LOAD build\.objs\CH32V208GBU_Templete\cross\riscv\debug\sdk\Peripheral\src\ch32v20x_tim.c.o
LOAD build\.objs\CH32V208GBU_Templete\cross\riscv\debug\sdk\Peripheral\src\ch32v20x_usart.c.o
LOAD build\.objs\CH32V208GBU_Templete\cross\riscv\debug\sdk\Peripheral\src\ch32v20x_wwdg.c.o
LOAD build\.objs\CH32V208GBU_Templete\cross\riscv\debug\sdk\HAL\KEY.c.o
LOAD build\.objs\CH32V208GBU_Templete\cross\riscv\debug\sdk\HAL\LED.c.o
LOAD build\.objs\CH32V208GBU_Templete\cross\riscv\debug\sdk\HAL\MCU.c.o
LOAD build\.objs\CH32V208GBU_Templete\cross\riscv\debug\sdk\HAL\RTC.c.o
LOAD build\.objs\CH32V208GBU_Templete\cross\riscv\debug\sdk\HAL\SLEEP.c.o
LOAD build\.objs\CH32V208GBU_Templete\cross\riscv\debug\sdk\Debug\debug.c.o
LOAD build\.objs\CH32V208GBU_Templete\cross\riscv\debug\sdk\Core\core_riscv.c.o
LOAD build\.objs\CH32V208GBU_Templete\cross\riscv\debug\utils\ringbuffer.c.o
LOAD build\.objs\CH32V208GBU_Templete\cross\riscv\debug\utils\sw_timer.c.o
LOAD build\.objs\CH32V208GBU_Templete\cross\riscv\debug\lib\sht40\adapters\sht40_ch32_adapter.c.o
LOAD build\.objs\CH32V208GBU_Templete\cross\riscv\debug\lib\sht40\src\sht40_core.c.o
LOAD build\.objs\CH32V208GBU_Templete\cross\riscv\debug\lib\sht40\src\sht40_sync.c.o
LOAD build\.objs\CH32V208GBU_Templete\cross\riscv\debug\lib\sht40\src\sht40_async.c.o
LOAD build\.objs\CH32V208GBU_Templete\cross\riscv\debug\lib\sc7a20\adapters\sc7a20_ch32_adapter.c.o
LOAD build\.objs\CH32V208GBU_Templete\cross\riscv\debug\lib\sc7a20\src\sc7a20_core.c.o
LOAD build\.objs\CH32V208GBU_Templete\cross\riscv\debug\lib\sc7a20\src\sc7a20_sync.c.o
LOAD build\.objs\CH32V208GBU_Templete\cross\riscv\debug\lib\sc7a20\src\sc7a20_async.c.o
LOAD build\.objs\CH32V208GBU_Templete\cross\riscv\debug\lib\oled\OLED.c.o
LOAD build\.objs\CH32V208GBU_Templete\cross\riscv\debug\lib\oled\OLED_Data.c.o
LOAD build\.objs\CH32V208GBU_Templete\cross\riscv\debug\bsp\board.c.o
LOAD build\.objs\CH32V208GBU_Templete\cross\riscv\debug\bsp\src\drv_gpio.c.o
LOAD build\.objs\CH32V208GBU_Templete\cross\riscv\debug\bsp\src\drv_i2c.c.o
LOAD build\.objs\CH32V208GBU_Templete\cross\riscv\debug\bsp\src\drv_tim.c.o
LOAD build\.objs\CH32V208GBU_Templete\cross\riscv\debug\bsp\usb_cdc.c.o
LOAD build\.objs\CH32V208GBU_Templete\cross\riscv\debug\ble_profile\devinfoservice.c.o
LOAD build\.objs\CH32V208GBU_Templete\cross\riscv\debug\ble_profile\gattprofile.c.o
LOAD build\.objs\CH32V208GBU_Templete\cross\riscv\debug\app\ch32v20x_it.c.o
LOAD build\.objs\CH32V208GBU_Templete\cross\riscv\debug\app\main.c.o
LOAD build\.objs\CH32V208GBU_Templete\cross\riscv\debug\app\peripheral.c.o
LOAD build\.objs\CH32V208GBU_Templete\cross\riscv\debug\app\system_ch32v20x.c.o
LOAD sdk\LIB\libwchble.a
LOAD e:/app/mrs2/mounriver_studio2/resources/app/resources/win32/components/wch/toolchain/risc-v embedded gcc12/bin/../lib/gcc/riscv-wch-elf/12.2.0/../../../../riscv-wch-elf/lib/rv32imac_xw/ilp32\libstdc++_nano.a
LOAD e:/app/mrs2/mounriver_studio2/resources/app/resources/win32/components/wch/toolchain/risc-v embedded gcc12/bin/../lib/gcc/riscv-wch-elf/12.2.0/../../../../riscv-wch-elf/lib/rv32imac_xw/ilp32\libm_nano.a
LOAD e:/app/mrs2/mounriver_studio2/resources/app/resources/win32/components/wch/toolchain/risc-v embedded gcc12/bin/../lib/gcc/riscv-wch-elf/12.2.0/../../../../riscv-wch-elf/lib/rv32imac_xw/ilp32\libc_nano.a
LOAD e:/app/mrs2/mounriver_studio2/resources/app/resources/win32/components/wch/toolchain/risc-v embedded gcc12/bin/../lib/gcc/riscv-wch-elf/12.2.0/rv32imac_xw/ilp32\libgcc.a
LOAD e:/app/mrs2/mounriver_studio2/resources/app/resources/win32/components/wch/toolchain/risc-v embedded gcc12/bin/../lib/gcc/riscv-wch-elf/12.2.0/../../../../riscv-wch-elf/lib/rv32imac_xw/ilp32\libc_nano.a
LOAD e:/app/mrs2/mounriver_studio2/resources/app/resources/win32/components/wch/toolchain/risc-v embedded gcc12/bin/../lib/gcc/riscv-wch-elf/12.2.0/rv32imac_xw/ilp32\libgcc.a
START GROUP
LOAD e:/app/mrs2/mounriver_studio2/resources/app/resources/win32/components/wch/toolchain/risc-v embedded gcc12/bin/../lib/gcc/riscv-wch-elf/12.2.0/rv32imac_xw/ilp32\libgcc.a
LOAD e:/app/mrs2/mounriver_studio2/resources/app/resources/win32/components/wch/toolchain/risc-v embedded gcc12/bin/../lib/gcc/riscv-wch-elf/12.2.0/../../../../riscv-wch-elf/lib/rv32imac_xw/ilp32\libc_nano.a
LOAD e:/app/mrs2/mounriver_studio2/resources/app/resources/win32/components/wch/toolchain/risc-v embedded gcc12/bin/../lib/gcc/riscv-wch-elf/12.2.0/../../../../riscv-wch-elf/lib/rv32imac_xw/ilp32\libnosys.a
END GROUP
START GROUP
LOAD e:/app/mrs2/mounriver_studio2/resources/app/resources/win32/components/wch/toolchain/risc-v embedded gcc12/bin/../lib/gcc/riscv-wch-elf/12.2.0/rv32imac_xw/ilp32\libgcc.a
LOAD e:/app/mrs2/mounriver_studio2/resources/app/resources/win32/components/wch/toolchain/risc-v embedded gcc12/bin/../lib/gcc/riscv-wch-elf/12.2.0/../../../../riscv-wch-elf/lib/rv32imac_xw/ilp32\libc_nano.a
LOAD e:/app/mrs2/mounriver_studio2/resources/app/resources/win32/components/wch/toolchain/risc-v embedded gcc12/bin/../lib/gcc/riscv-wch-elf/12.2.0/../../../../riscv-wch-elf/lib/rv32imac_xw/ilp32\libnosys.a
END GROUP
                0x0000000000000800                __stack_size = 0x800
                [!provide]                        PROVIDE (_stack_size = __stack_size)

.init           0x0000000000000000        0x4
                0x0000000000000000                _sinit = .
                0x0000000000000000                . = ALIGN (0x4)
 *(SORT_NONE(.init))
 .init          0x0000000000000000        0x4 build\.objs\CH32V208GBU_Templete\cross\riscv\debug\sdk\Startup\startup_ch32v20x_D8W.S.o
                0x0000000000000000                _start
                0x0000000000000004                . = ALIGN (0x4)
                0x0000000000000004                _einit = .

.vector         0x0000000000000004      0x13c
 *(.vector)
 .vector        0x0000000000000004      0x118 build\.objs\CH32V208GBU_Templete\cross\riscv\debug\sdk\Startup\startup_ch32v20x_D8W.S.o
                0x0000000000000140                . = ALIGN (0x40)
 *fill*         0x000000000000011c       0x24 
 *(SORT_NONE(.handle_reset))

.highcode       0x0000000000000140     0x15c4
                0x0000000000000140                . = ALIGN (0x4)
 *(.highcode)
 .highcode      0x0000000000000140       0x4e build\.objs\CH32V208GBU_Templete\cross\riscv\debug\sdk\LIB\ble_task_scheduler.S.o
                0x0000000000000140                Ecall_U_Mode_Handler
                0x0000000000000140                Ecall_M_Mode_Handler
 .highcode      0x000000000000018e      0x220 build\.objs\CH32V208GBU_Templete\cross\riscv\debug\app\main.c.o
                0x000000000000018e                Main_Circulation
 .highcode      0x00000000000003ae       0xf8 sdk\LIB\libwchble.a(message.o)
                0x00000000000003ae                tmos_msg_enqueue
                0x00000000000003c8                tmos_msg_allocate
                0x0000000000000424                tmos_msg_receive
 .highcode      0x00000000000004a6      0x6e0 sdk\LIB\libwchble.a(tmos.o)
                0x00000000000004ca                tmos_memcpy
                0x0000000000000504                tmos_memcpy_word
                0x0000000000000534                tmos_memset
                0x0000000000000562                tmos_strlen
                0x000000000000058e                tmos_memdup
                0x00000000000005dc                tmos_memcmp
                0x0000000000000626                tmos_revmemcpy
                0x000000000000065a                tmos_isbufset
                0x00000000000007d8                tmos_proces_idle
                0x0000000000000960                TMOS_SysRegister
                0x000000000000096e                ble_controller_func
                0x000000000000099a                TMOS_SystemProcess
 .highcode      0x0000000000000b86       0x68 sdk\LIB\libwchble.a(tmos_hw.o)
                0x0000000000000bba                TMOS_TimerIRQHandler
 .highcode      0x0000000000000bee      0x114 sdk\LIB\libwchble.a(bb.o)
                0x0000000000000bee                BB_IRQLibHandler
 .highcode      0x0000000000000d02      0x39a sdk\LIB\libwchble.a(ip.o)
                0x0000000000000d02                ll_rx_wait_finish
                0x0000000000000d36                ble_ll_chkcrc
                0x0000000000000dc2                ll_tx_wait_finish
                0x0000000000000ebc                BLE_CheckHoppingMap
 .highcode      0x000000000000109c      0x336 sdk\LIB\libwchble.a(lle.o)
                0x000000000000109c                LLE_IRQSubHandler
                0x0000000000001294                lle_irq_process
 .highcode      0x00000000000013d2       0x3a sdk\LIB\libwchble.a(rfend.o)
                0x00000000000013d2                RFEND_WaitTune
 .highcode      0x000000000000140c      0x22a sdk\LIB\libwchble.a(memory.o)
                0x000000000000140c                tmos_memory_allocate
                0x00000000000014fa                tmos_memory_free
                0x00000000000015fa                tmos_bm_adjust_header
 *(.highcode.*)
 *fill*         0x0000000000001636        0x2 
 .highcode.LLE_IRQHandler
                0x0000000000001638       0x86 build\.objs\CH32V208GBU_Templete\cross\riscv\debug\sdk\LIB\ble_task_scheduler.S.o
                0x0000000000001638                LLE_IRQHandler
 *fill*         0x00000000000016be        0x2 
 .highcode.ble_controller_scheduler
                0x00000000000016c0        0xa sdk\LIB\libwchble.a(ble_task_process.o)
 *fill*         0x00000000000016ca        0x2 
 .highcode.LLE_IRQLibHandler
                0x00000000000016cc       0x36 sdk\LIB\libwchble.a(ble_task_process.o)
                0x00000000000016cc                LLE_IRQLibHandler
                0x0000000000001704                . = ALIGN (0x4)
 *fill*         0x0000000000001702        0x2 

.text           0x0000000000001704    0x12854
                0x0000000000001704                . = ALIGN (0x4)
 EXCLUDE_FILE(*wchble.a) *(.text .text*)
 .text.vector_handler
                0x0000000000001704        0x2 build\.objs\CH32V208GBU_Templete\cross\riscv\debug\sdk\Startup\startup_ch32v20x_D8W.S.o
                0x0000000000001704                TIM1_CC_IRQHandler
                0x0000000000001704                SysTick_Handler
                0x0000000000001704                PVD_IRQHandler
                0x0000000000001704                USBFS_IRQHandler
                0x0000000000001704                I2C2_EV_IRQHandler
                0x0000000000001704                ADC1_2_IRQHandler
                0x0000000000001704                Break_Point_Handler
                0x0000000000001704                SPI1_IRQHandler
                0x0000000000001704                TAMPER_IRQHandler
                0x0000000000001704                OSCWakeUp_IRQHandler
                0x0000000000001704                DMA1_Channel4_IRQHandler
                0x0000000000001704                USART3_IRQHandler
                0x0000000000001704                RTC_IRQHandler
                0x0000000000001704                DMA1_Channel7_IRQHandler
                0x0000000000001704                CAN1_RX1_IRQHandler
                0x0000000000001704                TIM4_IRQHandler
                0x0000000000001704                DMA1_Channel6_IRQHandler
                0x0000000000001704                UART4_IRQHandler
                0x0000000000001704                TIM3_IRQHandler
                0x0000000000001704                RCC_IRQHandler
                0x0000000000001704                TIM1_TRG_COM_IRQHandler
                0x0000000000001704                DMA1_Channel1_IRQHandler
                0x0000000000001704                EXTI15_10_IRQHandler
                0x0000000000001704                DMA1_Channel8_IRQHandler
                0x0000000000001704                TIM5_IRQHandler
                0x0000000000001704                SPI2_IRQHandler
                0x0000000000001704                OSC32KCal_IRQHandler
                0x0000000000001704                DMA1_Channel5_IRQHandler
                0x0000000000001704                USB_HP_CAN1_TX_IRQHandler
                0x0000000000001704                DMA1_Channel3_IRQHandler
                0x0000000000001704                ETH_IRQHandler
                0x0000000000001704                TIM1_UP_IRQHandler
                0x0000000000001704                WWDG_IRQHandler
                0x0000000000001704                SW_Handler
                0x0000000000001704                TIM1_BRK_IRQHandler
                0x0000000000001704                ETHWakeUp_IRQHandler
                0x0000000000001704                I2C2_ER_IRQHandler
                0x0000000000001704                DMA1_Channel2_IRQHandler
                0x0000000000001704                CAN1_SCE_IRQHandler
                0x0000000000001704                FLASH_IRQHandler
                0x0000000000001704                USBFSWakeUp_IRQHandler
                0x0000000000001704                USART1_IRQHandler
 .text.handle_reset
                0x0000000000001706       0x8a build\.objs\CH32V208GBU_Templete\cross\riscv\debug\sdk\Startup\startup_ch32v20x_D8W.S.o
                0x0000000000001706                handle_reset
 .text.led_task_init
                0x0000000000001790       0x78 build\.objs\CH32V208GBU_Templete\cross\riscv\debug\app\tasks\tmos_led_task.c.o
                0x0000000000001790                led_task_init
 .text.demo_task_process_TMOSMsg
                0x0000000000001808       0x70 build\.objs\CH32V208GBU_Templete\cross\riscv\debug\app\tasks\tmos_led_task.c.o
 .text.demo_task_data_process_TMOSMsg
                0x0000000000001878       0x9c build\.objs\CH32V208GBU_Templete\cross\riscv\debug\app\tasks\tmos_led_task.c.o
 .text.led_task_process_event
                0x0000000000001914      0x148 build\.objs\CH32V208GBU_Templete\cross\riscv\debug\app\tasks\tmos_led_task.c.o
 .text.ledMsg_task_process_event
                0x0000000000001a5c       0xf2 build\.objs\CH32V208GBU_Templete\cross\riscv\debug\app\tasks\tmos_led_task.c.o
 .text.Standard_GetConfiguration
                0x0000000000001b4e       0x38 build\.objs\CH32V208GBU_Templete\cross\riscv\debug\sdk\USBLIB\USB-Driver\src\usb_core.c.o
                0x0000000000001b4e                Standard_GetConfiguration
 .text.Standard_SetConfiguration
                0x0000000000001b86       0x4c build\.objs\CH32V208GBU_Templete\cross\riscv\debug\sdk\USBLIB\USB-Driver\src\usb_core.c.o
                0x0000000000001b86                Standard_SetConfiguration
 .text.Standard_GetInterface
                0x0000000000001bd2       0x38 build\.objs\CH32V208GBU_Templete\cross\riscv\debug\sdk\USBLIB\USB-Driver\src\usb_core.c.o
                0x0000000000001bd2                Standard_GetInterface
 .text.Standard_SetInterface
                0x0000000000001c0a       0x7c build\.objs\CH32V208GBU_Templete\cross\riscv\debug\sdk\USBLIB\USB-Driver\src\usb_core.c.o
                0x0000000000001c0a                Standard_SetInterface
 .text.Standard_GetStatus
                0x0000000000001c86      0x156 build\.objs\CH32V208GBU_Templete\cross\riscv\debug\sdk\USBLIB\USB-Driver\src\usb_core.c.o
                0x0000000000001c86                Standard_GetStatus
 .text.Standard_ClearFeature
                0x0000000000001ddc      0x318 build\.objs\CH32V208GBU_Templete\cross\riscv\debug\sdk\USBLIB\USB-Driver\src\usb_core.c.o
                0x0000000000001ddc                Standard_ClearFeature
 .text.Standard_SetEndPointFeature
                0x00000000000020f4      0x210 build\.objs\CH32V208GBU_Templete\cross\riscv\debug\sdk\USBLIB\USB-Driver\src\usb_core.c.o
                0x00000000000020f4                Standard_SetEndPointFeature
 .text.Standard_SetDeviceFeature
                0x0000000000002304       0x30 build\.objs\CH32V208GBU_Templete\cross\riscv\debug\sdk\USBLIB\USB-Driver\src\usb_core.c.o
                0x0000000000002304                Standard_SetDeviceFeature
 .text.Standard_GetDescriptorData
                0x0000000000002334       0x56 build\.objs\CH32V208GBU_Templete\cross\riscv\debug\sdk\USBLIB\USB-Driver\src\usb_core.c.o
                0x0000000000002334                Standard_GetDescriptorData
 .text.DataStageOut
                0x000000000000238a      0x140 build\.objs\CH32V208GBU_Templete\cross\riscv\debug\sdk\USBLIB\USB-Driver\src\usb_core.c.o
 .text.DataStageIn
                0x00000000000024ca      0x154 build\.objs\CH32V208GBU_Templete\cross\riscv\debug\sdk\USBLIB\USB-Driver\src\usb_core.c.o
 .text.NoData_Setup0
                0x000000000000261e      0x1c2 build\.objs\CH32V208GBU_Templete\cross\riscv\debug\sdk\USBLIB\USB-Driver\src\usb_core.c.o
 .text.Data_Setup0
                0x00000000000027e0      0x35a build\.objs\CH32V208GBU_Templete\cross\riscv\debug\sdk\USBLIB\USB-Driver\src\usb_core.c.o
 .text.Setup0_Process
                0x0000000000002b3a      0x10e build\.objs\CH32V208GBU_Templete\cross\riscv\debug\sdk\USBLIB\USB-Driver\src\usb_core.c.o
                0x0000000000002b3a                Setup0_Process
 .text.In0_Process
                0x0000000000002c48       0x9c build\.objs\CH32V208GBU_Templete\cross\riscv\debug\sdk\USBLIB\USB-Driver\src\usb_core.c.o
                0x0000000000002c48                In0_Process
 .text.Out0_Process
                0x0000000000002ce4       0x8e build\.objs\CH32V208GBU_Templete\cross\riscv\debug\sdk\USBLIB\USB-Driver\src\usb_core.c.o
                0x0000000000002ce4                Out0_Process
 .text.Post0_Process
                0x0000000000002d72       0x4e build\.objs\CH32V208GBU_Templete\cross\riscv\debug\sdk\USBLIB\USB-Driver\src\usb_core.c.o
                0x0000000000002d72                Post0_Process
 .text.SetDeviceAddress
                0x0000000000002dc0       0xa2 build\.objs\CH32V208GBU_Templete\cross\riscv\debug\sdk\USBLIB\USB-Driver\src\usb_core.c.o
                0x0000000000002dc0                SetDeviceAddress
 .text.NOP_Process
                0x0000000000002e62        0xe build\.objs\CH32V208GBU_Templete\cross\riscv\debug\sdk\USBLIB\USB-Driver\src\usb_core.c.o
                0x0000000000002e62                NOP_Process
 .text.USB_Init
                0x0000000000002e70       0x42 build\.objs\CH32V208GBU_Templete\cross\riscv\debug\sdk\USBLIB\USB-Driver\src\usb_init.c.o
                0x0000000000002e70                USB_Init
 .text.CTR_LP   0x0000000000002eb2      0x66a build\.objs\CH32V208GBU_Templete\cross\riscv\debug\sdk\USBLIB\USB-Driver\src\usb_int.c.o
                0x0000000000002eb2                CTR_LP
 .text.UserToPMABufferCopy
                0x000000000000351c       0xa8 build\.objs\CH32V208GBU_Templete\cross\riscv\debug\sdk\USBLIB\USB-Driver\src\usb_mem.c.o
                0x000000000000351c                UserToPMABufferCopy
 .text.PMAToUserBufferCopy
                0x00000000000035c4       0x84 build\.objs\CH32V208GBU_Templete\cross\riscv\debug\sdk\USBLIB\USB-Driver\src\usb_mem.c.o
                0x00000000000035c4                PMAToUserBufferCopy
 .text.SetBTABLE
                0x0000000000003648       0x28 build\.objs\CH32V208GBU_Templete\cross\riscv\debug\sdk\USBLIB\USB-Driver\src\usb_regs.c.o
                0x0000000000003648                SetBTABLE
 .text.SetEPType
                0x0000000000003670       0x6a build\.objs\CH32V208GBU_Templete\cross\riscv\debug\sdk\USBLIB\USB-Driver\src\usb_regs.c.o
                0x0000000000003670                SetEPType
 .text.SetEPTxStatus
                0x00000000000036da       0xe6 build\.objs\CH32V208GBU_Templete\cross\riscv\debug\sdk\USBLIB\USB-Driver\src\usb_regs.c.o
                0x00000000000036da                SetEPTxStatus
 .text.SetEPRxStatus
                0x00000000000037c0       0xee build\.objs\CH32V208GBU_Templete\cross\riscv\debug\sdk\USBLIB\USB-Driver\src\usb_regs.c.o
                0x00000000000037c0                SetEPRxStatus
 .text.SetEPRxValid
                0x00000000000038ae       0xc4 build\.objs\CH32V208GBU_Templete\cross\riscv\debug\sdk\USBLIB\USB-Driver\src\usb_regs.c.o
                0x00000000000038ae                SetEPRxValid
 .text.Clear_Status_Out
                0x0000000000003972       0x64 build\.objs\CH32V208GBU_Templete\cross\riscv\debug\sdk\USBLIB\USB-Driver\src\usb_regs.c.o
                0x0000000000003972                Clear_Status_Out
 .text.ClearDTOG_RX
                0x00000000000039d6       0x76 build\.objs\CH32V208GBU_Templete\cross\riscv\debug\sdk\USBLIB\USB-Driver\src\usb_regs.c.o
                0x00000000000039d6                ClearDTOG_RX
 .text.ClearDTOG_TX
                0x0000000000003a4c       0x74 build\.objs\CH32V208GBU_Templete\cross\riscv\debug\sdk\USBLIB\USB-Driver\src\usb_regs.c.o
                0x0000000000003a4c                ClearDTOG_TX
 .text.SetEPTxAddr
                0x0000000000003ac0       0x50 build\.objs\CH32V208GBU_Templete\cross\riscv\debug\sdk\USBLIB\USB-Driver\src\usb_regs.c.o
                0x0000000000003ac0                SetEPTxAddr
 .text.SetEPRxAddr
                0x0000000000003b10       0x52 build\.objs\CH32V208GBU_Templete\cross\riscv\debug\sdk\USBLIB\USB-Driver\src\usb_regs.c.o
                0x0000000000003b10                SetEPRxAddr
 .text.GetEPTxAddr
                0x0000000000003b62       0x3a build\.objs\CH32V208GBU_Templete\cross\riscv\debug\sdk\USBLIB\USB-Driver\src\usb_regs.c.o
                0x0000000000003b62                GetEPTxAddr
 .text.GetEPRxAddr
                0x0000000000003b9c       0x3c build\.objs\CH32V208GBU_Templete\cross\riscv\debug\sdk\USBLIB\USB-Driver\src\usb_regs.c.o
                0x0000000000003b9c                GetEPRxAddr
 .text.SetEPTxCount
                0x0000000000003bd8       0x46 build\.objs\CH32V208GBU_Templete\cross\riscv\debug\sdk\USBLIB\USB-Driver\src\usb_regs.c.o
                0x0000000000003bd8                SetEPTxCount
 .text.SetEPRxCount
                0x0000000000003c1e      0x154 build\.objs\CH32V208GBU_Templete\cross\riscv\debug\sdk\USBLIB\USB-Driver\src\usb_regs.c.o
                0x0000000000003c1e                SetEPRxCount
 .text.GetEPRxCount
                0x0000000000003d72       0x44 build\.objs\CH32V208GBU_Templete\cross\riscv\debug\sdk\USBLIB\USB-Driver\src\usb_regs.c.o
                0x0000000000003d72                GetEPRxCount
 .text.ByteSwap
                0x0000000000003db6       0x44 build\.objs\CH32V208GBU_Templete\cross\riscv\debug\sdk\USBLIB\USB-Driver\src\usb_regs.c.o
                0x0000000000003db6                ByteSwap
 .text.USB_SIL_Init
                0x0000000000003dfa       0x34 build\.objs\CH32V208GBU_Templete\cross\riscv\debug\sdk\USBLIB\USB-Driver\src\usb_sil.c.o
                0x0000000000003dfa                USB_SIL_Init
 .text.USB_SIL_Write
                0x0000000000003e2e       0x64 build\.objs\CH32V208GBU_Templete\cross\riscv\debug\sdk\USBLIB\USB-Driver\src\usb_sil.c.o
                0x0000000000003e2e                USB_SIL_Write
 .text.USBWakeUp_IRQHandler
                0x0000000000003e92       0x18 build\.objs\CH32V208GBU_Templete\cross\riscv\debug\sdk\USBLIB\CONFIG\hw_config.c.o
                0x0000000000003e92                USBWakeUp_IRQHandler
 .text.USB_LP_CAN1_RX0_IRQHandler
                0x0000000000003eaa       0x12 build\.objs\CH32V208GBU_Templete\cross\riscv\debug\sdk\USBLIB\CONFIG\hw_config.c.o
                0x0000000000003eaa                USB_LP_CAN1_RX0_IRQHandler
 .text.Set_USBConfig
                0x0000000000003ebc       0xa4 build\.objs\CH32V208GBU_Templete\cross\riscv\debug\sdk\USBLIB\CONFIG\hw_config.c.o
                0x0000000000003ebc                Set_USBConfig
 .text.Enter_LowPowerMode
                0x0000000000003f60       0x14 build\.objs\CH32V208GBU_Templete\cross\riscv\debug\sdk\USBLIB\CONFIG\hw_config.c.o
                0x0000000000003f60                Enter_LowPowerMode
 .text.Leave_LowPowerMode
                0x0000000000003f74       0x2c build\.objs\CH32V208GBU_Templete\cross\riscv\debug\sdk\USBLIB\CONFIG\hw_config.c.o
                0x0000000000003f74                Leave_LowPowerMode
 .text.USB_Interrupts_Config
                0x0000000000003fa0       0x76 build\.objs\CH32V208GBU_Templete\cross\riscv\debug\sdk\USBLIB\CONFIG\hw_config.c.o
                0x0000000000003fa0                USB_Interrupts_Config
 .text.USB_Port_Set
                0x0000000000004016      0x142 build\.objs\CH32V208GBU_Templete\cross\riscv\debug\sdk\USBLIB\CONFIG\hw_config.c.o
                0x0000000000004016                USB_Port_Set
 .text.EP1_IN_Callback
                0x0000000000004158        0xe build\.objs\CH32V208GBU_Templete\cross\riscv\debug\sdk\USBLIB\CONFIG\usb_endp.c.o
                0x0000000000004158                EP1_IN_Callback
 .text.EP2_OUT_Callback
                0x0000000000004166       0x60 build\.objs\CH32V208GBU_Templete\cross\riscv\debug\sdk\USBLIB\CONFIG\usb_endp.c.o
                0x0000000000004166                EP2_OUT_Callback
 .text.EP3_IN_Callback
                0x00000000000041c6       0x12 build\.objs\CH32V208GBU_Templete\cross\riscv\debug\sdk\USBLIB\CONFIG\usb_endp.c.o
                0x00000000000041c6                EP3_IN_Callback
 .text.USBD_ENDPx_DataUp
                0x00000000000041d8       0x60 build\.objs\CH32V208GBU_Templete\cross\riscv\debug\sdk\USBLIB\CONFIG\usb_endp.c.o
                0x00000000000041d8                USBD_ENDPx_DataUp
 .text.USB_Istr
                0x0000000000004238      0x316 build\.objs\CH32V208GBU_Templete\cross\riscv\debug\sdk\USBLIB\CONFIG\usb_istr.c.o
                0x0000000000004238                USB_Istr
 .text.USBD_SetConfiguration
                0x000000000000454e       0x24 build\.objs\CH32V208GBU_Templete\cross\riscv\debug\sdk\USBLIB\CONFIG\usb_prop.c.o
                0x000000000000454e                USBD_SetConfiguration
 .text.USBD_SetDeviceAddress
                0x0000000000004572       0x14 build\.objs\CH32V208GBU_Templete\cross\riscv\debug\sdk\USBLIB\CONFIG\usb_prop.c.o
                0x0000000000004572                USBD_SetDeviceAddress
 .text.USBD_SetDeviceFeature
                0x0000000000004586        0xe build\.objs\CH32V208GBU_Templete\cross\riscv\debug\sdk\USBLIB\CONFIG\usb_prop.c.o
                0x0000000000004586                USBD_SetDeviceFeature
 .text.USBD_ClearFeature
                0x0000000000004594        0xe build\.objs\CH32V208GBU_Templete\cross\riscv\debug\sdk\USBLIB\CONFIG\usb_prop.c.o
                0x0000000000004594                USBD_ClearFeature
 .text.USBD_Status_In
                0x00000000000045a2        0xe build\.objs\CH32V208GBU_Templete\cross\riscv\debug\sdk\USBLIB\CONFIG\usb_prop.c.o
                0x00000000000045a2                USBD_Status_In
 .text.USBD_Status_Out
                0x00000000000045b0        0xe build\.objs\CH32V208GBU_Templete\cross\riscv\debug\sdk\USBLIB\CONFIG\usb_prop.c.o
                0x00000000000045b0                USBD_Status_Out
 .text.USBD_init
                0x00000000000045be       0x98 build\.objs\CH32V208GBU_Templete\cross\riscv\debug\sdk\USBLIB\CONFIG\usb_prop.c.o
                0x00000000000045be                USBD_init
 .text.USBD_Reset
                0x0000000000004656      0x2fa build\.objs\CH32V208GBU_Templete\cross\riscv\debug\sdk\USBLIB\CONFIG\usb_prop.c.o
                0x0000000000004656                USBD_Reset
 .text.USBD_GetDeviceDescriptor
                0x0000000000004950       0x28 build\.objs\CH32V208GBU_Templete\cross\riscv\debug\sdk\USBLIB\CONFIG\usb_prop.c.o
                0x0000000000004950                USBD_GetDeviceDescriptor
 .text.USBD_GetConfigDescriptor
                0x0000000000004978       0x28 build\.objs\CH32V208GBU_Templete\cross\riscv\debug\sdk\USBLIB\CONFIG\usb_prop.c.o
                0x0000000000004978                USBD_GetConfigDescriptor
 .text.USBD_GetStringDescriptor
                0x00000000000049a0       0x50 build\.objs\CH32V208GBU_Templete\cross\riscv\debug\sdk\USBLIB\CONFIG\usb_prop.c.o
                0x00000000000049a0                USBD_GetStringDescriptor
 .text.USBD_Get_Interface_Setting
                0x00000000000049f0       0x36 build\.objs\CH32V208GBU_Templete\cross\riscv\debug\sdk\USBLIB\CONFIG\usb_prop.c.o
                0x00000000000049f0                USBD_Get_Interface_Setting
 .text.USB_CDC_GetLineCoding
                0x0000000000004a26       0x2e build\.objs\CH32V208GBU_Templete\cross\riscv\debug\sdk\USBLIB\CONFIG\usb_prop.c.o
                0x0000000000004a26                USB_CDC_GetLineCoding
 .text.USB_CDC_SetLineCoding
                0x0000000000004a54       0x2e build\.objs\CH32V208GBU_Templete\cross\riscv\debug\sdk\USBLIB\CONFIG\usb_prop.c.o
                0x0000000000004a54                USB_CDC_SetLineCoding
 .text.USBD_Data_Setup
                0x0000000000004a82       0xa6 build\.objs\CH32V208GBU_Templete\cross\riscv\debug\sdk\USBLIB\CONFIG\usb_prop.c.o
                0x0000000000004a82                USBD_Data_Setup
 .text.USBD_NoData_Setup
                0x0000000000004b28       0x4e build\.objs\CH32V208GBU_Templete\cross\riscv\debug\sdk\USBLIB\CONFIG\usb_prop.c.o
                0x0000000000004b28                USBD_NoData_Setup
 .text.PowerOn  0x0000000000004b76       0x5a build\.objs\CH32V208GBU_Templete\cross\riscv\debug\sdk\USBLIB\CONFIG\usb_pwr.c.o
                0x0000000000004b76                PowerOn
 .text.Suspend  0x0000000000004bd0      0x162 build\.objs\CH32V208GBU_Templete\cross\riscv\debug\sdk\USBLIB\CONFIG\usb_pwr.c.o
                0x0000000000004bd0                Suspend
 .text.Resume_Init
                0x0000000000004d32       0x4c build\.objs\CH32V208GBU_Templete\cross\riscv\debug\sdk\USBLIB\CONFIG\usb_pwr.c.o
                0x0000000000004d32                Resume_Init
 .text.Resume   0x0000000000004d7e      0x152 build\.objs\CH32V208GBU_Templete\cross\riscv\debug\sdk\USBLIB\CONFIG\usb_pwr.c.o
                0x0000000000004d7e                Resume
 .text.ADC_DeInit
                0x0000000000004ed0       0x60 build\.objs\CH32V208GBU_Templete\cross\riscv\debug\sdk\Peripheral\src\ch32v20x_adc.c.o
                0x0000000000004ed0                ADC_DeInit
 .text.ADC_Init
                0x0000000000004f30      0x100 build\.objs\CH32V208GBU_Templete\cross\riscv\debug\sdk\Peripheral\src\ch32v20x_adc.c.o
                0x0000000000004f30                ADC_Init
 .text.ADC_Cmd  0x0000000000005030       0x3e build\.objs\CH32V208GBU_Templete\cross\riscv\debug\sdk\Peripheral\src\ch32v20x_adc.c.o
                0x0000000000005030                ADC_Cmd
 .text.ADC_SoftwareStartConvCmd
                0x000000000000506e       0x44 build\.objs\CH32V208GBU_Templete\cross\riscv\debug\sdk\Peripheral\src\ch32v20x_adc.c.o
                0x000000000000506e                ADC_SoftwareStartConvCmd
 .text.ADC_RegularChannelConfig
                0x00000000000050b2      0x248 build\.objs\CH32V208GBU_Templete\cross\riscv\debug\sdk\Peripheral\src\ch32v20x_adc.c.o
                0x00000000000050b2                ADC_RegularChannelConfig
 .text.ADC_GetConversionValue
                0x00000000000052fa       0x1c build\.objs\CH32V208GBU_Templete\cross\riscv\debug\sdk\Peripheral\src\ch32v20x_adc.c.o
                0x00000000000052fa                ADC_GetConversionValue
 .text.ADC_TempSensorVrefintCmd
                0x0000000000005316       0x50 build\.objs\CH32V208GBU_Templete\cross\riscv\debug\sdk\Peripheral\src\ch32v20x_adc.c.o
                0x0000000000005316                ADC_TempSensorVrefintCmd
 .text.ADC_GetFlagStatus
                0x0000000000005366       0x3a build\.objs\CH32V208GBU_Templete\cross\riscv\debug\sdk\Peripheral\src\ch32v20x_adc.c.o
                0x0000000000005366                ADC_GetFlagStatus
 .text.ADC_BufferCmd
                0x00000000000053a0       0x44 build\.objs\CH32V208GBU_Templete\cross\riscv\debug\sdk\Peripheral\src\ch32v20x_adc.c.o
                0x00000000000053a0                ADC_BufferCmd
 .text.DMA_Init
                0x00000000000053e4       0xa8 build\.objs\CH32V208GBU_Templete\cross\riscv\debug\sdk\Peripheral\src\ch32v20x_dma.c.o
                0x00000000000053e4                DMA_Init
 .text.DMA_StructInit
                0x000000000000548c       0x6a build\.objs\CH32V208GBU_Templete\cross\riscv\debug\sdk\Peripheral\src\ch32v20x_dma.c.o
                0x000000000000548c                DMA_StructInit
 .text.DMA_Cmd  0x00000000000054f6       0x40 build\.objs\CH32V208GBU_Templete\cross\riscv\debug\sdk\Peripheral\src\ch32v20x_dma.c.o
                0x00000000000054f6                DMA_Cmd
 .text.DMA_ITConfig
                0x0000000000005536       0x4a build\.objs\CH32V208GBU_Templete\cross\riscv\debug\sdk\Peripheral\src\ch32v20x_dma.c.o
                0x0000000000005536                DMA_ITConfig
 .text.EXTI_Init
                0x0000000000005580      0x170 build\.objs\CH32V208GBU_Templete\cross\riscv\debug\sdk\Peripheral\src\ch32v20x_exti.c.o
                0x0000000000005580                EXTI_Init
 .text.EXTI_GetITStatus
                0x00000000000056f0       0x56 build\.objs\CH32V208GBU_Templete\cross\riscv\debug\sdk\Peripheral\src\ch32v20x_exti.c.o
                0x00000000000056f0                EXTI_GetITStatus
 .text.EXTI_ClearITPendingBit
                0x0000000000005746       0x20 build\.objs\CH32V208GBU_Templete\cross\riscv\debug\sdk\Peripheral\src\ch32v20x_exti.c.o
                0x0000000000005746                EXTI_ClearITPendingBit
 .text.FLASH_Unlock_Fast
                0x0000000000005766       0x46 build\.objs\CH32V208GBU_Templete\cross\riscv\debug\sdk\Peripheral\src\ch32v20x_flash.c.o
                0x0000000000005766                FLASH_Unlock_Fast
 .text.FLASH_Lock_Fast
                0x00000000000057ac       0x1e build\.objs\CH32V208GBU_Templete\cross\riscv\debug\sdk\Peripheral\src\ch32v20x_flash.c.o
                0x00000000000057ac                FLASH_Lock_Fast
 .text.FLASH_ErasePage_Fast
                0x00000000000057ca       0x68 build\.objs\CH32V208GBU_Templete\cross\riscv\debug\sdk\Peripheral\src\ch32v20x_flash.c.o
                0x00000000000057ca                FLASH_ErasePage_Fast
 .text.FLASH_ProgramPage_Fast
                0x0000000000005832       0xc0 build\.objs\CH32V208GBU_Templete\cross\riscv\debug\sdk\Peripheral\src\ch32v20x_flash.c.o
                0x0000000000005832                FLASH_ProgramPage_Fast
 .text.FLASH_GetMACAddress
                0x00000000000058f2       0x9c build\.objs\CH32V208GBU_Templete\cross\riscv\debug\sdk\Peripheral\src\ch32v20x_flash.c.o
                0x00000000000058f2                FLASH_GetMACAddress
 .text.GPIO_Init
                0x000000000000598e      0x222 build\.objs\CH32V208GBU_Templete\cross\riscv\debug\sdk\Peripheral\src\ch32v20x_gpio.c.o
                0x000000000000598e                GPIO_Init
 .text.GPIO_SetBits
                0x0000000000005bb0       0x22 build\.objs\CH32V208GBU_Templete\cross\riscv\debug\sdk\Peripheral\src\ch32v20x_gpio.c.o
                0x0000000000005bb0                GPIO_SetBits
 .text.GPIO_ResetBits
                0x0000000000005bd2       0x22 build\.objs\CH32V208GBU_Templete\cross\riscv\debug\sdk\Peripheral\src\ch32v20x_gpio.c.o
                0x0000000000005bd2                GPIO_ResetBits
 .text.GPIO_WriteBit
                0x0000000000005bf4       0x38 build\.objs\CH32V208GBU_Templete\cross\riscv\debug\sdk\Peripheral\src\ch32v20x_gpio.c.o
                0x0000000000005bf4                GPIO_WriteBit
 .text.GPIO_PinRemapConfig
                0x0000000000005c2c      0x1fe build\.objs\CH32V208GBU_Templete\cross\riscv\debug\sdk\Peripheral\src\ch32v20x_gpio.c.o
                0x0000000000005c2c                GPIO_PinRemapConfig
 .text.I2C_DeInit
                0x0000000000005e2a       0x50 build\.objs\CH32V208GBU_Templete\cross\riscv\debug\sdk\Peripheral\src\ch32v20x_i2c.c.o
                0x0000000000005e2a                I2C_DeInit
 .text.I2C_Init
                0x0000000000005e7a      0x236 build\.objs\CH32V208GBU_Templete\cross\riscv\debug\sdk\Peripheral\src\ch32v20x_i2c.c.o
                0x0000000000005e7a                I2C_Init
 .text.I2C_StructInit
                0x00000000000060b0       0x48 build\.objs\CH32V208GBU_Templete\cross\riscv\debug\sdk\Peripheral\src\ch32v20x_i2c.c.o
                0x00000000000060b0                I2C_StructInit
 .text.I2C_Cmd  0x00000000000060f8       0x50 build\.objs\CH32V208GBU_Templete\cross\riscv\debug\sdk\Peripheral\src\ch32v20x_i2c.c.o
                0x00000000000060f8                I2C_Cmd
 .text.I2C_DMACmd
                0x0000000000006148       0x5e build\.objs\CH32V208GBU_Templete\cross\riscv\debug\sdk\Peripheral\src\ch32v20x_i2c.c.o
                0x0000000000006148                I2C_DMACmd
 .text.I2C_GenerateSTART
                0x00000000000061a6       0x52 build\.objs\CH32V208GBU_Templete\cross\riscv\debug\sdk\Peripheral\src\ch32v20x_i2c.c.o
                0x00000000000061a6                I2C_GenerateSTART
 .text.I2C_GenerateSTOP
                0x00000000000061f8       0x52 build\.objs\CH32V208GBU_Templete\cross\riscv\debug\sdk\Peripheral\src\ch32v20x_i2c.c.o
                0x00000000000061f8                I2C_GenerateSTOP
 .text.I2C_AcknowledgeConfig
                0x000000000000624a       0x52 build\.objs\CH32V208GBU_Templete\cross\riscv\debug\sdk\Peripheral\src\ch32v20x_i2c.c.o
                0x000000000000624a                I2C_AcknowledgeConfig
 .text.I2C_ITConfig
                0x000000000000629c       0x66 build\.objs\CH32V208GBU_Templete\cross\riscv\debug\sdk\Peripheral\src\ch32v20x_i2c.c.o
                0x000000000000629c                I2C_ITConfig
 .text.I2C_SendData
                0x0000000000006302       0x28 build\.objs\CH32V208GBU_Templete\cross\riscv\debug\sdk\Peripheral\src\ch32v20x_i2c.c.o
                0x0000000000006302                I2C_SendData
 .text.I2C_ReceiveData
                0x000000000000632a       0x20 build\.objs\CH32V208GBU_Templete\cross\riscv\debug\sdk\Peripheral\src\ch32v20x_i2c.c.o
                0x000000000000632a                I2C_ReceiveData
 .text.I2C_Send7bitAddress
                0x000000000000634a       0x4e build\.objs\CH32V208GBU_Templete\cross\riscv\debug\sdk\Peripheral\src\ch32v20x_i2c.c.o
                0x000000000000634a                I2C_Send7bitAddress
 .text.I2C_CheckEvent
                0x0000000000006398       0x84 build\.objs\CH32V208GBU_Templete\cross\riscv\debug\sdk\Peripheral\src\ch32v20x_i2c.c.o
                0x0000000000006398                I2C_CheckEvent
 .text.I2C_GetFlagStatus
                0x000000000000641c       0x88 build\.objs\CH32V208GBU_Templete\cross\riscv\debug\sdk\Peripheral\src\ch32v20x_i2c.c.o
                0x000000000000641c                I2C_GetFlagStatus
 .text.I2C_ClearFlag
                0x00000000000064a4       0x42 build\.objs\CH32V208GBU_Templete\cross\riscv\debug\sdk\Peripheral\src\ch32v20x_i2c.c.o
                0x00000000000064a4                I2C_ClearFlag
 .text.I2C_GetITStatus
                0x00000000000064e6       0x72 build\.objs\CH32V208GBU_Templete\cross\riscv\debug\sdk\Peripheral\src\ch32v20x_i2c.c.o
                0x00000000000064e6                I2C_GetITStatus
 .text.NVIC_PriorityGroupConfig
                0x0000000000006558       0x1a build\.objs\CH32V208GBU_Templete\cross\riscv\debug\sdk\Peripheral\src\ch32v20x_misc.c.o
                0x0000000000006558                NVIC_PriorityGroupConfig
 .text.NVIC_Init
                0x0000000000006572      0x100 build\.objs\CH32V208GBU_Templete\cross\riscv\debug\sdk\Peripheral\src\ch32v20x_misc.c.o
                0x0000000000006572                NVIC_Init
 .text.PWR_BackupAccessCmd
                0x0000000000006672       0x3a build\.objs\CH32V208GBU_Templete\cross\riscv\debug\sdk\Peripheral\src\ch32v20x_pwr.c.o
                0x0000000000006672                PWR_BackupAccessCmd
 .text.RCC_USBCLKConfig
                0x00000000000066ac       0x3c build\.objs\CH32V208GBU_Templete\cross\riscv\debug\sdk\Peripheral\src\ch32v20x_rcc.c.o
                0x00000000000066ac                RCC_USBCLKConfig
 .text.RCC_ADCCLKConfig
                0x00000000000066e8       0x46 build\.objs\CH32V208GBU_Templete\cross\riscv\debug\sdk\Peripheral\src\ch32v20x_rcc.c.o
                0x00000000000066e8                RCC_ADCCLKConfig
 .text.RCC_LSEConfig
                0x000000000000672e       0x5a build\.objs\CH32V208GBU_Templete\cross\riscv\debug\sdk\Peripheral\src\ch32v20x_rcc.c.o
                0x000000000000672e                RCC_LSEConfig
 .text.RCC_LSICmd
                0x0000000000006788       0x38 build\.objs\CH32V208GBU_Templete\cross\riscv\debug\sdk\Peripheral\src\ch32v20x_rcc.c.o
                0x0000000000006788                RCC_LSICmd
 .text.RCC_RTCCLKConfig
                0x00000000000067c0       0x24 build\.objs\CH32V208GBU_Templete\cross\riscv\debug\sdk\Peripheral\src\ch32v20x_rcc.c.o
                0x00000000000067c0                RCC_RTCCLKConfig
 .text.RCC_RTCCLKCmd
                0x00000000000067e4       0x3c build\.objs\CH32V208GBU_Templete\cross\riscv\debug\sdk\Peripheral\src\ch32v20x_rcc.c.o
                0x00000000000067e4                RCC_RTCCLKCmd
 .text.RCC_GetClocksFreq
                0x0000000000006820      0x28a build\.objs\CH32V208GBU_Templete\cross\riscv\debug\sdk\Peripheral\src\ch32v20x_rcc.c.o
                0x0000000000006820                RCC_GetClocksFreq
 .text.RCC_AHBPeriphClockCmd
                0x0000000000006aaa       0x46 build\.objs\CH32V208GBU_Templete\cross\riscv\debug\sdk\Peripheral\src\ch32v20x_rcc.c.o
                0x0000000000006aaa                RCC_AHBPeriphClockCmd
 .text.RCC_APB2PeriphClockCmd
                0x0000000000006af0       0x46 build\.objs\CH32V208GBU_Templete\cross\riscv\debug\sdk\Peripheral\src\ch32v20x_rcc.c.o
                0x0000000000006af0                RCC_APB2PeriphClockCmd
 .text.RCC_APB1PeriphClockCmd
                0x0000000000006b36       0x46 build\.objs\CH32V208GBU_Templete\cross\riscv\debug\sdk\Peripheral\src\ch32v20x_rcc.c.o
                0x0000000000006b36                RCC_APB1PeriphClockCmd
 .text.RCC_APB2PeriphResetCmd
                0x0000000000006b7c       0x46 build\.objs\CH32V208GBU_Templete\cross\riscv\debug\sdk\Peripheral\src\ch32v20x_rcc.c.o
                0x0000000000006b7c                RCC_APB2PeriphResetCmd
 .text.RCC_APB1PeriphResetCmd
                0x0000000000006bc2       0x46 build\.objs\CH32V208GBU_Templete\cross\riscv\debug\sdk\Peripheral\src\ch32v20x_rcc.c.o
                0x0000000000006bc2                RCC_APB1PeriphResetCmd
 .text.RCC_USB5PRE_JUDGE
                0x0000000000006c08       0x10 build\.objs\CH32V208GBU_Templete\cross\riscv\debug\sdk\Peripheral\src\ch32v20x_rcc.c.o
                0x0000000000006c08                RCC_USB5PRE_JUDGE
 .text.RTC_EnterConfigMode
                0x0000000000006c18       0x30 build\.objs\CH32V208GBU_Templete\cross\riscv\debug\sdk\Peripheral\src\ch32v20x_rtc.c.o
                0x0000000000006c18                RTC_EnterConfigMode
 .text.RTC_ExitConfigMode
                0x0000000000006c48       0x2e build\.objs\CH32V208GBU_Templete\cross\riscv\debug\sdk\Peripheral\src\ch32v20x_rtc.c.o
                0x0000000000006c48                RTC_ExitConfigMode
 .text.RTC_GetCounter
                0x0000000000006c76       0xe0 build\.objs\CH32V208GBU_Templete\cross\riscv\debug\sdk\Peripheral\src\ch32v20x_rtc.c.o
                0x0000000000006c76                RTC_GetCounter
 .text.RTC_SetCounter
                0x0000000000006d56       0x46 build\.objs\CH32V208GBU_Templete\cross\riscv\debug\sdk\Peripheral\src\ch32v20x_rtc.c.o
                0x0000000000006d56                RTC_SetCounter
 .text.RTC_SetPrescaler
                0x0000000000006d9c       0x4c build\.objs\CH32V208GBU_Templete\cross\riscv\debug\sdk\Peripheral\src\ch32v20x_rtc.c.o
                0x0000000000006d9c                RTC_SetPrescaler
 .text.RTC_WaitForLastTask
                0x0000000000006de8       0x26 build\.objs\CH32V208GBU_Templete\cross\riscv\debug\sdk\Peripheral\src\ch32v20x_rtc.c.o
                0x0000000000006de8                RTC_WaitForLastTask
 .text.RTC_ClearITPendingBit
                0x0000000000006e0e       0x42 build\.objs\CH32V208GBU_Templete\cross\riscv\debug\sdk\Peripheral\src\ch32v20x_rtc.c.o
                0x0000000000006e0e                RTC_ClearITPendingBit
 .text.Calibration_LSI
                0x0000000000006e50      0xb92 build\.objs\CH32V208GBU_Templete\cross\riscv\debug\sdk\Peripheral\src\ch32v20x_rtc.c.o
                0x0000000000006e50                Calibration_LSI
 .text.TIM_DeInit
                0x00000000000079e2       0xc2 build\.objs\CH32V208GBU_Templete\cross\riscv\debug\sdk\Peripheral\src\ch32v20x_tim.c.o
                0x00000000000079e2                TIM_DeInit
 .text.TIM_TimeBaseInit
                0x0000000000007aa4       0xe0 build\.objs\CH32V208GBU_Templete\cross\riscv\debug\sdk\Peripheral\src\ch32v20x_tim.c.o
                0x0000000000007aa4                TIM_TimeBaseInit
 .text.TIM_Cmd  0x0000000000007b84       0x50 build\.objs\CH32V208GBU_Templete\cross\riscv\debug\sdk\Peripheral\src\ch32v20x_tim.c.o
                0x0000000000007b84                TIM_Cmd
 .text.TIM_ITConfig
                0x0000000000007bd4       0x66 build\.objs\CH32V208GBU_Templete\cross\riscv\debug\sdk\Peripheral\src\ch32v20x_tim.c.o
                0x0000000000007bd4                TIM_ITConfig
 .text.TIM_ClearFlag
                0x0000000000007c3a       0x2c build\.objs\CH32V208GBU_Templete\cross\riscv\debug\sdk\Peripheral\src\ch32v20x_tim.c.o
                0x0000000000007c3a                TIM_ClearFlag
 .text.TIM_GetITStatus
                0x0000000000007c66       0x68 build\.objs\CH32V208GBU_Templete\cross\riscv\debug\sdk\Peripheral\src\ch32v20x_tim.c.o
                0x0000000000007c66                TIM_GetITStatus
 .text.TIM_ClearITPendingBit
                0x0000000000007cce       0x2c build\.objs\CH32V208GBU_Templete\cross\riscv\debug\sdk\Peripheral\src\ch32v20x_tim.c.o
                0x0000000000007cce                TIM_ClearITPendingBit
 .text.USART_Init
                0x0000000000007cfa      0x316 build\.objs\CH32V208GBU_Templete\cross\riscv\debug\sdk\Peripheral\src\ch32v20x_usart.c.o
                0x0000000000007cfa                USART_Init
 .text.USART_Cmd
                0x0000000000008010       0x58 build\.objs\CH32V208GBU_Templete\cross\riscv\debug\sdk\Peripheral\src\ch32v20x_usart.c.o
                0x0000000000008010                USART_Cmd
 .text.USART_ITConfig
                0x0000000000008068       0xc4 build\.objs\CH32V208GBU_Templete\cross\riscv\debug\sdk\Peripheral\src\ch32v20x_usart.c.o
                0x0000000000008068                USART_ITConfig
 .text.USART_SendData
                0x000000000000812c       0x2c build\.objs\CH32V208GBU_Templete\cross\riscv\debug\sdk\Peripheral\src\ch32v20x_usart.c.o
                0x000000000000812c                USART_SendData
 .text.USART_ClearFlag
                0x0000000000008158       0x2c build\.objs\CH32V208GBU_Templete\cross\riscv\debug\sdk\Peripheral\src\ch32v20x_usart.c.o
                0x0000000000008158                USART_ClearFlag
 .text.USART_GetITStatus
                0x0000000000008184       0xfa build\.objs\CH32V208GBU_Templete\cross\riscv\debug\sdk\Peripheral\src\ch32v20x_usart.c.o
                0x0000000000008184                USART_GetITStatus
 .text.Lib_Calibration_LSI
                0x000000000000827e       0x18 build\.objs\CH32V208GBU_Templete\cross\riscv\debug\sdk\HAL\MCU.c.o
                0x000000000000827e                Lib_Calibration_LSI
 .text.Lib_Read_Flash
                0x0000000000008296       0x36 build\.objs\CH32V208GBU_Templete\cross\riscv\debug\sdk\HAL\MCU.c.o
                0x0000000000008296                Lib_Read_Flash
 .text.Lib_Write_Flash
                0x00000000000082cc       0x42 build\.objs\CH32V208GBU_Templete\cross\riscv\debug\sdk\HAL\MCU.c.o
                0x00000000000082cc                Lib_Write_Flash
 .text.WCHBLE_Init
                0x000000000000830e      0x1f8 build\.objs\CH32V208GBU_Templete\cross\riscv\debug\sdk\HAL\MCU.c.o
                0x000000000000830e                WCHBLE_Init
 .text.HAL_ProcessEvent
                0x0000000000008506       0xd6 build\.objs\CH32V208GBU_Templete\cross\riscv\debug\sdk\HAL\MCU.c.o
                0x0000000000008506                HAL_ProcessEvent
 .text.HAL_Init
                0x00000000000085dc       0x4a build\.objs\CH32V208GBU_Templete\cross\riscv\debug\sdk\HAL\MCU.c.o
                0x00000000000085dc                HAL_Init
 .text.HAL_GetInterTempValue
                0x0000000000008626      0x2a6 build\.objs\CH32V208GBU_Templete\cross\riscv\debug\sdk\HAL\MCU.c.o
                0x0000000000008626                HAL_GetInterTempValue
 .text.HAL_TimeInit
                0x00000000000088cc       0xb8 build\.objs\CH32V208GBU_Templete\cross\riscv\debug\sdk\HAL\RTC.c.o
                0x00000000000088cc                HAL_TimeInit
 .text.RTCAlarm_IRQHandler
                0x0000000000008984       0x28 build\.objs\CH32V208GBU_Templete\cross\riscv\debug\sdk\HAL\RTC.c.o
                0x0000000000008984                RTCAlarm_IRQHandler
 .text.Delay_Init
                0x00000000000089ac       0x3e build\.objs\CH32V208GBU_Templete\cross\riscv\debug\sdk\Debug\debug.c.o
                0x00000000000089ac                Delay_Init
 .text.Delay_Us
                0x00000000000089ea       0x82 build\.objs\CH32V208GBU_Templete\cross\riscv\debug\sdk\Debug\debug.c.o
                0x00000000000089ea                Delay_Us
 .text.Delay_Ms
                0x0000000000008a6c       0x82 build\.objs\CH32V208GBU_Templete\cross\riscv\debug\sdk\Debug\debug.c.o
                0x0000000000008a6c                Delay_Ms
 .text.USART_Printf_Init
                0x0000000000008aee       0xda build\.objs\CH32V208GBU_Templete\cross\riscv\debug\sdk\Debug\debug.c.o
                0x0000000000008aee                USART_Printf_Init
 .text._write   0x0000000000008bc8       0x98 build\.objs\CH32V208GBU_Templete\cross\riscv\debug\sdk\Debug\debug.c.o
                0x0000000000008bc8                _write
 .text._sbrk    0x0000000000008c60       0x5e build\.objs\CH32V208GBU_Templete\cross\riscv\debug\sdk\Debug\debug.c.o
                0x0000000000008c60                _sbrk
 .text.USART2_IRQHandler
                0x0000000000008cbe       0x5e build\.objs\CH32V208GBU_Templete\cross\riscv\debug\sdk\Debug\debug.c.o
                0x0000000000008cbe                USART2_IRQHandler
 .text.ringbuffer_init
                0x0000000000008d1c       0x60 build\.objs\CH32V208GBU_Templete\cross\riscv\debug\utils\ringbuffer.c.o
                0x0000000000008d1c                ringbuffer_init
 .text.wheel_insert
                0x0000000000008d7c       0x96 build\.objs\CH32V208GBU_Templete\cross\riscv\debug\utils\sw_timer.c.o
 .text.sw_timer_wheel_init
                0x0000000000008e12       0x5c build\.objs\CH32V208GBU_Templete\cross\riscv\debug\utils\sw_timer.c.o
                0x0000000000008e12                sw_timer_wheel_init
 .text.sw_timer_tick_isr
                0x0000000000008e6e       0xc4 build\.objs\CH32V208GBU_Templete\cross\riscv\debug\utils\sw_timer.c.o
                0x0000000000008e6e                sw_timer_tick_isr
 .text.sw_timer_process
                0x0000000000008f32       0xaa build\.objs\CH32V208GBU_Templete\cross\riscv\debug\utils\sw_timer.c.o
                0x0000000000008f32                sw_timer_process
 .text.sht40_i2c_wait_idle
                0x0000000000008fdc       0xac build\.objs\CH32V208GBU_Templete\cross\riscv\debug\lib\sht40\adapters\sht40_ch32_adapter.c.o
 .text.sht40_ch32_xfer
                0x0000000000009088      0x120 build\.objs\CH32V208GBU_Templete\cross\riscv\debug\lib\sht40\adapters\sht40_ch32_adapter.c.o
 .text.sht40_ch32_cancel
                0x00000000000091a8       0x36 build\.objs\CH32V208GBU_Templete\cross\riscv\debug\lib\sht40\adapters\sht40_ch32_adapter.c.o
 .text.sht40_core_try_lock
                0x00000000000091de       0x42 build\.objs\CH32V208GBU_Templete\cross\riscv\debug\lib\sht40\src\sht40_core.c.o
                0x00000000000091de                sht40_core_try_lock
 .text.sht40_core_unlock
                0x0000000000009220       0x26 build\.objs\CH32V208GBU_Templete\cross\riscv\debug\lib\sht40\src\sht40_core.c.o
                0x0000000000009220                sht40_core_unlock
 .text.sht40_core_validate_dev
                0x0000000000009246       0x30 build\.objs\CH32V208GBU_Templete\cross\riscv\debug\lib\sht40\src\sht40_core.c.o
                0x0000000000009246                sht40_core_validate_dev
 .text.sht40_core_map_bus_status
                0x0000000000009276       0x2c build\.objs\CH32V208GBU_Templete\cross\riscv\debug\lib\sht40\src\sht40_core.c.o
                0x0000000000009276                sht40_core_map_bus_status
 .text.sht40_core_precision_cmd
                0x00000000000092a2       0x4e build\.objs\CH32V208GBU_Templete\cross\riscv\debug\lib\sht40\src\sht40_core.c.o
                0x00000000000092a2                sht40_core_precision_cmd
 .text.sht40_core_measure_delay_ms
                0x00000000000092f0       0x96 build\.objs\CH32V208GBU_Templete\cross\riscv\debug\lib\sht40\src\sht40_core.c.o
                0x00000000000092f0                sht40_core_measure_delay_ms
 .text.sht40_core_xfer_sync
                0x0000000000009386       0x7c build\.objs\CH32V208GBU_Templete\cross\riscv\debug\lib\sht40\src\sht40_core.c.o
                0x0000000000009386                sht40_core_xfer_sync
 .text.sht40_core_read_sample_parse
                0x0000000000009402      0x13e build\.objs\CH32V208GBU_Templete\cross\riscv\debug\lib\sht40\src\sht40_core.c.o
                0x0000000000009402                sht40_core_read_sample_parse
 .text.sht40_delay_if_present
                0x0000000000009540       0x36 build\.objs\CH32V208GBU_Templete\cross\riscv\debug\lib\sht40\src\sht40_sync.c.o
 .text.sht40_init
                0x0000000000009576       0x98 build\.objs\CH32V208GBU_Templete\cross\riscv\debug\lib\sht40\src\sht40_sync.c.o
                0x0000000000009576                sht40_init
 .text.sht40_soft_reset
                0x000000000000960e       0x6a build\.objs\CH32V208GBU_Templete\cross\riscv\debug\lib\sht40\src\sht40_sync.c.o
                0x000000000000960e                sht40_soft_reset
 .text.sht40_read_serial
                0x0000000000009678       0xba build\.objs\CH32V208GBU_Templete\cross\riscv\debug\lib\sht40\src\sht40_sync.c.o
                0x0000000000009678                sht40_read_serial
 .text.sht40_read_sample
                0x0000000000009732       0xba build\.objs\CH32V208GBU_Templete\cross\riscv\debug\lib\sht40\src\sht40_sync.c.o
                0x0000000000009732                sht40_read_sample
 .text.ch32_i2c_wait_idle
                0x00000000000097ec       0xac build\.objs\CH32V208GBU_Templete\cross\riscv\debug\lib\sc7a20\adapters\sc7a20_ch32_adapter.c.o
 .text.ch32_do_two_msg_xfer
                0x0000000000009898      0x106 build\.objs\CH32V208GBU_Templete\cross\riscv\debug\lib\sc7a20\adapters\sc7a20_ch32_adapter.c.o
 .text.ch32_i2c_xfer
                0x000000000000999e       0x82 build\.objs\CH32V208GBU_Templete\cross\riscv\debug\lib\sc7a20\adapters\sc7a20_ch32_adapter.c.o
 .text.ch32_i2c_cancel
                0x0000000000009a20       0x36 build\.objs\CH32V208GBU_Templete\cross\riscv\debug\lib\sc7a20\adapters\sc7a20_ch32_adapter.c.o
 .text.sc7a20_sensitivity_g_per_lsb
                0x0000000000009a56       0x72 build\.objs\CH32V208GBU_Templete\cross\riscv\debug\lib\sc7a20\src\sc7a20_core.c.o
 .text.sc7a20_core_try_lock
                0x0000000000009ac8       0x44 build\.objs\CH32V208GBU_Templete\cross\riscv\debug\lib\sc7a20\src\sc7a20_core.c.o
                0x0000000000009ac8                sc7a20_core_try_lock
 .text.sc7a20_core_unlock
                0x0000000000009b0c       0x28 build\.objs\CH32V208GBU_Templete\cross\riscv\debug\lib\sc7a20\src\sc7a20_core.c.o
                0x0000000000009b0c                sc7a20_core_unlock
 .text.sc7a20_core_map_bus_status
                0x0000000000009b34       0x2c build\.objs\CH32V208GBU_Templete\cross\riscv\debug\lib\sc7a20\src\sc7a20_core.c.o
                0x0000000000009b34                sc7a20_core_map_bus_status
 .text.sc7a20_core_validate_dev
                0x0000000000009b60       0x30 build\.objs\CH32V208GBU_Templete\cross\riscv\debug\lib\sc7a20\src\sc7a20_core.c.o
                0x0000000000009b60                sc7a20_core_validate_dev
 .text.sc7a20_core_xfer
                0x0000000000009b90       0x6a build\.objs\CH32V208GBU_Templete\cross\riscv\debug\lib\sc7a20\src\sc7a20_core.c.o
 .text.sc7a20_core_read_reg
                0x0000000000009bfa       0x9a build\.objs\CH32V208GBU_Templete\cross\riscv\debug\lib\sc7a20\src\sc7a20_core.c.o
                0x0000000000009bfa                sc7a20_core_read_reg
 .text.sc7a20_core_write_reg
                0x0000000000009c94       0x9a build\.objs\CH32V208GBU_Templete\cross\riscv\debug\lib\sc7a20\src\sc7a20_core.c.o
                0x0000000000009c94                sc7a20_core_write_reg
 .text.sc7a20_core_decode_xyz
                0x0000000000009d2e      0x13a build\.objs\CH32V208GBU_Templete\cross\riscv\debug\lib\sc7a20\src\sc7a20_core.c.o
                0x0000000000009d2e                sc7a20_core_decode_xyz
 .text.sc7a20_core_apply_config
                0x0000000000009e68      0x288 build\.objs\CH32V208GBU_Templete\cross\riscv\debug\lib\sc7a20\src\sc7a20_core.c.o
                0x0000000000009e68                sc7a20_core_apply_config
 .text.sc7a20_init_with_config
                0x000000000000a0f0      0x126 build\.objs\CH32V208GBU_Templete\cross\riscv\debug\lib\sc7a20\src\sc7a20_sync.c.o
                0x000000000000a0f0                sc7a20_init_with_config
 .text.sc7a20_read_xyz_raw
                0x000000000000a216       0x96 build\.objs\CH32V208GBU_Templete\cross\riscv\debug\lib\sc7a20\src\sc7a20_sync.c.o
                0x000000000000a216                sc7a20_read_xyz_raw
 .text.OLED_WriteCommand
                0x000000000000a2ac       0x42 build\.objs\CH32V208GBU_Templete\cross\riscv\debug\lib\oled\OLED.c.o
                0x000000000000a2ac                OLED_WriteCommand
 .text.OLED_WriteData
                0x000000000000a2ee       0x50 build\.objs\CH32V208GBU_Templete\cross\riscv\debug\lib\oled\OLED.c.o
                0x000000000000a2ee                OLED_WriteData
 .text.OLED_Init
                0x000000000000a33e       0xc8 build\.objs\CH32V208GBU_Templete\cross\riscv\debug\lib\oled\OLED.c.o
                0x000000000000a33e                OLED_Init
 .text.OLED_SetCursor
                0x000000000000a406       0x5a build\.objs\CH32V208GBU_Templete\cross\riscv\debug\lib\oled\OLED.c.o
                0x000000000000a406                OLED_SetCursor
 .text.OLED_Update
                0x000000000000a460       0x52 build\.objs\CH32V208GBU_Templete\cross\riscv\debug\lib\oled\OLED.c.o
                0x000000000000a460                OLED_Update
 .text.OLED_Clear
                0x000000000000a4b2       0x58 build\.objs\CH32V208GBU_Templete\cross\riscv\debug\lib\oled\OLED.c.o
                0x000000000000a4b2                OLED_Clear
 .text.OLED_ClearArea
                0x000000000000a50a      0x12e build\.objs\CH32V208GBU_Templete\cross\riscv\debug\lib\oled\OLED.c.o
                0x000000000000a50a                OLED_ClearArea
 .text.OLED_ShowChar
                0x000000000000a638       0x8c build\.objs\CH32V208GBU_Templete\cross\riscv\debug\lib\oled\OLED.c.o
                0x000000000000a638                OLED_ShowChar
 .text.OLED_ShowString
                0x000000000000a6c4       0x86 build\.objs\CH32V208GBU_Templete\cross\riscv\debug\lib\oled\OLED.c.o
                0x000000000000a6c4                OLED_ShowString
 .text.OLED_ShowImage
                0x000000000000a74a      0x20c build\.objs\CH32V208GBU_Templete\cross\riscv\debug\lib\oled\OLED.c.o
                0x000000000000a74a                OLED_ShowImage
 .text.HAL_GetTick
                0x000000000000a956       0x18 build\.objs\CH32V208GBU_Templete\cross\riscv\debug\bsp\board.c.o
                0x000000000000a956                HAL_GetTick
 .text.HAL_Delay
                0x000000000000a96e       0x1e build\.objs\CH32V208GBU_Templete\cross\riscv\debug\bsp\board.c.o
                0x000000000000a96e                HAL_Delay
 .text.i2c_master_tx_cplt_callback
                0x000000000000a98c       0x16 build\.objs\CH32V208GBU_Templete\cross\riscv\debug\bsp\board.c.o
                0x000000000000a98c                i2c_master_tx_cplt_callback
 .text.i2c_master_rx_cplt_callback
                0x000000000000a9a2       0x12 build\.objs\CH32V208GBU_Templete\cross\riscv\debug\bsp\board.c.o
                0x000000000000a9a2                i2c_master_rx_cplt_callback
 .text.i2c_master_error_callback
                0x000000000000a9b4       0x1a build\.objs\CH32V208GBU_Templete\cross\riscv\debug\bsp\board.c.o
                0x000000000000a9b4                i2c_master_error_callback
 .text.board_i2c_init
                0x000000000000a9ce       0x68 build\.objs\CH32V208GBU_Templete\cross\riscv\debug\bsp\board.c.o
 .text.GPIO_Toggle_INIT
                0x000000000000aa36       0x48 build\.objs\CH32V208GBU_Templete\cross\riscv\debug\bsp\board.c.o
 .text.board_init
                0x000000000000aa7e       0x30 build\.objs\CH32V208GBU_Templete\cross\riscv\debug\bsp\board.c.o
                0x000000000000aa7e                board_init
 .text.oled_test
                0x000000000000aaae       0x38 build\.objs\CH32V208GBU_Templete\cross\riscv\debug\bsp\board.c.o
 .text.gpio_get_pin
                0x000000000000aae6       0x44 build\.objs\CH32V208GBU_Templete\cross\riscv\debug\bsp\src\drv_gpio.c.o
 .text.gpio_init
                0x000000000000ab2a       0x36 build\.objs\CH32V208GBU_Templete\cross\riscv\debug\bsp\src\drv_gpio.c.o
                0x000000000000ab2a                gpio_init
 .text.gpio_mode
                0x000000000000ab60       0xb4 build\.objs\CH32V208GBU_Templete\cross\riscv\debug\bsp\src\drv_gpio.c.o
                0x000000000000ab60                gpio_mode
 .text.gpio_write
                0x000000000000ac14       0x5c build\.objs\CH32V208GBU_Templete\cross\riscv\debug\bsp\src\drv_gpio.c.o
                0x000000000000ac14                gpio_write
 .text.gpio_irq_handler
                0x000000000000ac70       0x52 build\.objs\CH32V208GBU_Templete\cross\riscv\debug\bsp\src\drv_gpio.c.o
 .text.EXTI0_IRQHandler
                0x000000000000acc2       0x30 build\.objs\CH32V208GBU_Templete\cross\riscv\debug\bsp\src\drv_gpio.c.o
                0x000000000000acc2                EXTI0_IRQHandler
 .text.EXTI1_IRQHandler
                0x000000000000acf2       0x30 build\.objs\CH32V208GBU_Templete\cross\riscv\debug\bsp\src\drv_gpio.c.o
                0x000000000000acf2                EXTI1_IRQHandler
 .text.EXTI2_IRQHandler
                0x000000000000ad22       0x30 build\.objs\CH32V208GBU_Templete\cross\riscv\debug\bsp\src\drv_gpio.c.o
                0x000000000000ad22                EXTI2_IRQHandler
 .text.EXTI3_IRQHandler
                0x000000000000ad52       0x30 build\.objs\CH32V208GBU_Templete\cross\riscv\debug\bsp\src\drv_gpio.c.o
                0x000000000000ad52                EXTI3_IRQHandler
 .text.EXTI4_IRQHandler
                0x000000000000ad82       0x30 build\.objs\CH32V208GBU_Templete\cross\riscv\debug\bsp\src\drv_gpio.c.o
                0x000000000000ad82                EXTI4_IRQHandler
 .text.EXTI9_5_IRQHandler
                0x000000000000adb2       0x9c build\.objs\CH32V208GBU_Templete\cross\riscv\debug\bsp\src\drv_gpio.c.o
                0x000000000000adb2                EXTI9_5_IRQHandler
 .text.get_handle
                0x000000000000ae4e       0x22 build\.objs\CH32V208GBU_Templete\cross\riscv\debug\bsp\src\drv_i2c.c.o
 .text.get_periph
                0x000000000000ae70       0x2a build\.objs\CH32V208GBU_Templete\cross\riscv\debug\bsp\src\drv_i2c.c.o
 .text.wait_flag
                0x000000000000ae9a       0x4e build\.objs\CH32V208GBU_Templete\cross\riscv\debug\bsp\src\drv_i2c.c.o
 .text.wait_event
                0x000000000000aee8       0x44 build\.objs\CH32V208GBU_Templete\cross\riscv\debug\bsp\src\drv_i2c.c.o
 .text.i2c_error_handler
                0x000000000000af2c       0xbc build\.objs\CH32V208GBU_Templete\cross\riscv\debug\bsp\src\drv_i2c.c.o
 .text.i2c_sw_reset
                0x000000000000afe8      0x1c4 build\.objs\CH32V208GBU_Templete\cross\riscv\debug\bsp\src\drv_i2c.c.o
 .text.i2c_recover_bus
                0x000000000000b1ac       0x1e build\.objs\CH32V208GBU_Templete\cross\riscv\debug\bsp\src\drv_i2c.c.o
 .text.bsp_i2c_init
                0x000000000000b1ca      0x244 build\.objs\CH32V208GBU_Templete\cross\riscv\debug\bsp\src\drv_i2c.c.o
                0x000000000000b1ca                bsp_i2c_init
 .text.bsp_i2c_get_state
                0x000000000000b40e       0x32 build\.objs\CH32V208GBU_Templete\cross\riscv\debug\bsp\src\drv_i2c.c.o
                0x000000000000b40e                bsp_i2c_get_state
 .text.bsp_i2c_get_error
                0x000000000000b440       0x32 build\.objs\CH32V208GBU_Templete\cross\riscv\debug\bsp\src\drv_i2c.c.o
                0x000000000000b440                bsp_i2c_get_error
 .text.bsp_i2c_recover
                0x000000000000b472       0x66 build\.objs\CH32V208GBU_Templete\cross\riscv\debug\bsp\src\drv_i2c.c.o
                0x000000000000b472                bsp_i2c_recover
 .text.bsp_i2c_write_polling
                0x000000000000b4d8      0x19c build\.objs\CH32V208GBU_Templete\cross\riscv\debug\bsp\src\drv_i2c.c.o
                0x000000000000b4d8                bsp_i2c_write_polling
 .text.bsp_i2c_read_polling
                0x000000000000b674      0x1ac build\.objs\CH32V208GBU_Templete\cross\riscv\debug\bsp\src\drv_i2c.c.o
                0x000000000000b674                bsp_i2c_read_polling
 .text.bsp_i2c_write_register_polling
                0x000000000000b820      0x1d6 build\.objs\CH32V208GBU_Templete\cross\riscv\debug\bsp\src\drv_i2c.c.o
                0x000000000000b820                bsp_i2c_write_register_polling
 .text.bsp_i2c_read_register_polling
                0x000000000000b9f6       0x90 build\.objs\CH32V208GBU_Templete\cross\riscv\debug\bsp\src\drv_i2c.c.o
                0x000000000000b9f6                bsp_i2c_read_register_polling
 .text.bsp_i2c_write_it
                0x000000000000ba86       0xc8 build\.objs\CH32V208GBU_Templete\cross\riscv\debug\bsp\src\drv_i2c.c.o
                0x000000000000ba86                bsp_i2c_write_it
 .text.bsp_i2c_read_it
                0x000000000000bb4e       0xdc build\.objs\CH32V208GBU_Templete\cross\riscv\debug\bsp\src\drv_i2c.c.o
                0x000000000000bb4e                bsp_i2c_read_it
 .text.bsp_i2c_write_register_it
                0x000000000000bc2a      0x11c build\.objs\CH32V208GBU_Templete\cross\riscv\debug\bsp\src\drv_i2c.c.o
                0x000000000000bc2a                bsp_i2c_write_register_it
 .text.bsp_i2c_read_register_it
                0x000000000000bd46       0xde build\.objs\CH32V208GBU_Templete\cross\riscv\debug\bsp\src\drv_i2c.c.o
                0x000000000000bd46                bsp_i2c_read_register_it
 .text.i2c_dma_config
                0x000000000000be24       0xae build\.objs\CH32V208GBU_Templete\cross\riscv\debug\bsp\src\drv_i2c.c.o
 .text.bsp_i2c_write_dma
                0x000000000000bed2      0x10e build\.objs\CH32V208GBU_Templete\cross\riscv\debug\bsp\src\drv_i2c.c.o
                0x000000000000bed2                bsp_i2c_write_dma
 .text.bsp_i2c_read_dma
                0x000000000000bfe0      0x122 build\.objs\CH32V208GBU_Templete\cross\riscv\debug\bsp\src\drv_i2c.c.o
                0x000000000000bfe0                bsp_i2c_read_dma
 .text.bsp_i2c_write_register_dma
                0x000000000000c102       0xca build\.objs\CH32V208GBU_Templete\cross\riscv\debug\bsp\src\drv_i2c.c.o
                0x000000000000c102                bsp_i2c_write_register_dma
 .text.bsp_i2c_read_register_dma
                0x000000000000c1cc       0xa2 build\.objs\CH32V208GBU_Templete\cross\riscv\debug\bsp\src\drv_i2c.c.o
                0x000000000000c1cc                bsp_i2c_read_register_dma
 .text.bsp_i2c_write
                0x000000000000c26e       0xbc build\.objs\CH32V208GBU_Templete\cross\riscv\debug\bsp\src\drv_i2c.c.o
                0x000000000000c26e                bsp_i2c_write
 .text.bsp_i2c_read
                0x000000000000c32a       0xbc build\.objs\CH32V208GBU_Templete\cross\riscv\debug\bsp\src\drv_i2c.c.o
                0x000000000000c32a                bsp_i2c_read
 .text.bsp_i2c_write_register
                0x000000000000c3e6       0xc6 build\.objs\CH32V208GBU_Templete\cross\riscv\debug\bsp\src\drv_i2c.c.o
                0x000000000000c3e6                bsp_i2c_write_register
 .text.bsp_i2c_read_register
                0x000000000000c4ac       0xc6 build\.objs\CH32V208GBU_Templete\cross\riscv\debug\bsp\src\drv_i2c.c.o
                0x000000000000c4ac                bsp_i2c_read_register
 .text.bsp_i2c_write_byte
                0x000000000000c572       0x44 build\.objs\CH32V208GBU_Templete\cross\riscv\debug\bsp\src\drv_i2c.c.o
                0x000000000000c572                bsp_i2c_write_byte
 .text.bsp_i2c_register_tx_callback
                0x000000000000c5b6       0x36 build\.objs\CH32V208GBU_Templete\cross\riscv\debug\bsp\src\drv_i2c.c.o
                0x000000000000c5b6                bsp_i2c_register_tx_callback
 .text.bsp_i2c_register_rx_callback
                0x000000000000c5ec       0x36 build\.objs\CH32V208GBU_Templete\cross\riscv\debug\bsp\src\drv_i2c.c.o
                0x000000000000c5ec                bsp_i2c_register_rx_callback
 .text.bsp_i2c_register_error_callback
                0x000000000000c622       0x36 build\.objs\CH32V208GBU_Templete\cross\riscv\debug\bsp\src\drv_i2c.c.o
                0x000000000000c622                bsp_i2c_register_error_callback
 .text.i2c_ev_handler
                0x000000000000c658      0x2f4 build\.objs\CH32V208GBU_Templete\cross\riscv\debug\bsp\src\drv_i2c.c.o
 .text.i2c_er_handler
                0x000000000000c94c       0xe4 build\.objs\CH32V208GBU_Templete\cross\riscv\debug\bsp\src\drv_i2c.c.o
 .text.bsp_i2c_irq_handler
                0x000000000000ca30      0x104 build\.objs\CH32V208GBU_Templete\cross\riscv\debug\bsp\src\drv_i2c.c.o
                0x000000000000ca30                bsp_i2c_irq_handler
 .text.drv_tim_init
                0x000000000000cb34      0x108 build\.objs\CH32V208GBU_Templete\cross\riscv\debug\bsp\src\drv_tim.c.o
                0x000000000000cb34                drv_tim_init
 .text.drv_tim_irq_handler
                0x000000000000cc3c       0x3a build\.objs\CH32V208GBU_Templete\cross\riscv\debug\bsp\src\drv_tim.c.o
                0x000000000000cc3c                drv_tim_irq_handler
 .text.drv_tim_get_tick_ms
                0x000000000000cc76       0x12 build\.objs\CH32V208GBU_Templete\cross\riscv\debug\bsp\src\drv_tim.c.o
                0x000000000000cc76                drv_tim_get_tick_ms
 .text.drv_tim_delay_ms
                0x000000000000cc88       0x38 build\.objs\CH32V208GBU_Templete\cross\riscv\debug\bsp\src\drv_tim.c.o
                0x000000000000cc88                drv_tim_delay_ms
 .text.CDC_VirtualUartInit
                0x000000000000ccc0       0x54 build\.objs\CH32V208GBU_Templete\cross\riscv\debug\bsp\usb_cdc.c.o
                0x000000000000ccc0                CDC_VirtualUartInit
 .text.CDC_SendData
                0x000000000000cd14      0x138 build\.objs\CH32V208GBU_Templete\cross\riscv\debug\bsp\usb_cdc.c.o
                0x000000000000cd14                CDC_SendData
 .text.CDC_ReceiveData
                0x000000000000ce4c      0x108 build\.objs\CH32V208GBU_Templete\cross\riscv\debug\bsp\usb_cdc.c.o
                0x000000000000ce4c                CDC_ReceiveData
 .text.CDC_StoreReceivedData
                0x000000000000cf54       0xb6 build\.objs\CH32V208GBU_Templete\cross\riscv\debug\bsp\usb_cdc.c.o
                0x000000000000cf54                CDC_StoreReceivedData
 .text.NMI_Handler
                0x000000000000d00a       0x10 build\.objs\CH32V208GBU_Templete\cross\riscv\debug\app\ch32v20x_it.c.o
                0x000000000000d00a                NMI_Handler
 .text.HardFault_Handler
                0x000000000000d01a       0x1a build\.objs\CH32V208GBU_Templete\cross\riscv\debug\app\ch32v20x_it.c.o
                0x000000000000d01a                HardFault_Handler
 .text.BB_IRQHandler
                0x000000000000d034       0x14 build\.objs\CH32V208GBU_Templete\cross\riscv\debug\app\ch32v20x_it.c.o
                0x000000000000d034                BB_IRQHandler
 .text.TIM2_IRQHandler
                0x000000000000d048       0x14 build\.objs\CH32V208GBU_Templete\cross\riscv\debug\app\ch32v20x_it.c.o
                0x000000000000d048                TIM2_IRQHandler
 .text.I2C1_EV_IRQHandler
                0x000000000000d05c       0x16 build\.objs\CH32V208GBU_Templete\cross\riscv\debug\app\ch32v20x_it.c.o
                0x000000000000d05c                I2C1_EV_IRQHandler
 .text.I2C1_ER_IRQHandler
                0x000000000000d072       0x16 build\.objs\CH32V208GBU_Templete\cross\riscv\debug\app\ch32v20x_it.c.o
                0x000000000000d072                I2C1_ER_IRQHandler
 .text.sht40_delay_adapter
                0x000000000000d088       0x22 build\.objs\CH32V208GBU_Templete\cross\riscv\debug\app\main.c.o
 .text.sensors_init_new
                0x000000000000d0aa      0x16a build\.objs\CH32V208GBU_Templete\cross\riscv\debug\app\main.c.o
 .text.read_sc7a20_sample
                0x000000000000d214       0xca build\.objs\CH32V208GBU_Templete\cross\riscv\debug\app\main.c.o
 .text.cdc_send_text
                0x000000000000d2de       0x88 build\.objs\CH32V208GBU_Templete\cross\riscv\debug\app\main.c.o
 .text.main     0x000000000000d366       0x6c build\.objs\CH32V208GBU_Templete\cross\riscv\debug\app\main.c.o
                0x000000000000d366                main
 .text.SystemInit
                0x000000000000d3d2       0x7c build\.objs\CH32V208GBU_Templete\cross\riscv\debug\app\system_ch32v20x.c.o
                0x000000000000d3d2                SystemInit
 .text.SystemCoreClockUpdate
                0x000000000000d44e      0x1ae build\.objs\CH32V208GBU_Templete\cross\riscv\debug\app\system_ch32v20x.c.o
                0x000000000000d44e                SystemCoreClockUpdate
 .text.SetSysClock
                0x000000000000d5fc       0x14 build\.objs\CH32V208GBU_Templete\cross\riscv\debug\app\system_ch32v20x.c.o
 .text.SetSysClockTo144_HSE
                0x000000000000d610      0x114 build\.objs\CH32V208GBU_Templete\cross\riscv\debug\app\system_ch32v20x.c.o
 .text          0x000000000000d724       0x16 e:/app/mrs2/mounriver_studio2/resources/app/resources/win32/components/wch/toolchain/risc-v embedded gcc12/bin/../lib/gcc/riscv-wch-elf/12.2.0/../../../../riscv-wch-elf/lib/rv32imac_xw/ilp32\libc_nano.a(lib_a-memcpy-asm.o)
                0x000000000000d724                memcpy
 .text          0x000000000000d73a       0x10 e:/app/mrs2/mounriver_studio2/resources/app/resources/win32/components/wch/toolchain/risc-v embedded gcc12/bin/../lib/gcc/riscv-wch-elf/12.2.0/../../../../riscv-wch-elf/lib/rv32imac_xw/ilp32\libc_nano.a(lib_a-memset.o)
                0x000000000000d73a                memset
 .text.printf   0x000000000000d74a       0x3a e:/app/mrs2/mounriver_studio2/resources/app/resources/win32/components/wch/toolchain/risc-v embedded gcc12/bin/../lib/gcc/riscv-wch-elf/12.2.0/../../../../riscv-wch-elf/lib/rv32imac_xw/ilp32\libc_nano.a(lib_a-printf.o)
                0x000000000000d74a                iprintf
                0x000000000000d74a                printf
 .text._puts_r  0x000000000000d784      0x106 e:/app/mrs2/mounriver_studio2/resources/app/resources/win32/components/wch/toolchain/risc-v embedded gcc12/bin/../lib/gcc/riscv-wch-elf/12.2.0/../../../../riscv-wch-elf/lib/rv32imac_xw/ilp32\libc_nano.a(lib_a-puts.o)
                0x000000000000d784                _puts_r
 .text.puts     0x000000000000d88a        0xa e:/app/mrs2/mounriver_studio2/resources/app/resources/win32/components/wch/toolchain/risc-v embedded gcc12/bin/../lib/gcc/riscv-wch-elf/12.2.0/../../../../riscv-wch-elf/lib/rv32imac_xw/ilp32\libc_nano.a(lib_a-puts.o)
                0x000000000000d88a                puts
 .text.snprintf
                0x000000000000d894       0x6e e:/app/mrs2/mounriver_studio2/resources/app/resources/win32/components/wch/toolchain/risc-v embedded gcc12/bin/../lib/gcc/riscv-wch-elf/12.2.0/../../../../riscv-wch-elf/lib/rv32imac_xw/ilp32\libc_nano.a(lib_a-snprintf.o)
                0x000000000000d894                sniprintf
                0x000000000000d894                snprintf
 .text.strlen   0x000000000000d902       0x10 e:/app/mrs2/mounriver_studio2/resources/app/resources/win32/components/wch/toolchain/risc-v embedded gcc12/bin/../lib/gcc/riscv-wch-elf/12.2.0/../../../../riscv-wch-elf/lib/rv32imac_xw/ilp32\libc_nano.a(lib_a-strlen.o)
                0x000000000000d902                strlen
 .text.__swbuf_r
                0x000000000000d912       0xbc e:/app/mrs2/mounriver_studio2/resources/app/resources/win32/components/wch/toolchain/risc-v embedded gcc12/bin/../lib/gcc/riscv-wch-elf/12.2.0/../../../../riscv-wch-elf/lib/rv32imac_xw/ilp32\libc_nano.a(lib_a-wbuf.o)
                0x000000000000d912                __swbuf_r
 .text.__swsetup_r
                0x000000000000d9ce       0xee e:/app/mrs2/mounriver_studio2/resources/app/resources/win32/components/wch/toolchain/risc-v embedded gcc12/bin/../lib/gcc/riscv-wch-elf/12.2.0/../../../../riscv-wch-elf/lib/rv32imac_xw/ilp32\libc_nano.a(lib_a-wsetup.o)
                0x000000000000d9ce                __swsetup_r
 .text.__sflush_r
                0x000000000000dabc      0x132 e:/app/mrs2/mounriver_studio2/resources/app/resources/win32/components/wch/toolchain/risc-v embedded gcc12/bin/../lib/gcc/riscv-wch-elf/12.2.0/../../../../riscv-wch-elf/lib/rv32imac_xw/ilp32\libc_nano.a(lib_a-fflush.o)
                0x000000000000dabc                __sflush_r
 .text._fflush_r
                0x000000000000dbee       0x88 e:/app/mrs2/mounriver_studio2/resources/app/resources/win32/components/wch/toolchain/risc-v embedded gcc12/bin/../lib/gcc/riscv-wch-elf/12.2.0/../../../../riscv-wch-elf/lib/rv32imac_xw/ilp32\libc_nano.a(lib_a-fflush.o)
                0x000000000000dbee                _fflush_r
 .text.std      0x000000000000dc76       0x66 e:/app/mrs2/mounriver_studio2/resources/app/resources/win32/components/wch/toolchain/risc-v embedded gcc12/bin/../lib/gcc/riscv-wch-elf/12.2.0/../../../../riscv-wch-elf/lib/rv32imac_xw/ilp32\libc_nano.a(lib_a-findfp.o)
 .text._cleanup_r
                0x000000000000dcdc        0xa e:/app/mrs2/mounriver_studio2/resources/app/resources/win32/components/wch/toolchain/risc-v embedded gcc12/bin/../lib/gcc/riscv-wch-elf/12.2.0/../../../../riscv-wch-elf/lib/rv32imac_xw/ilp32\libc_nano.a(lib_a-findfp.o)
                0x000000000000dcdc                _cleanup_r
 .text.__sfmoreglue
                0x000000000000dce6       0x46 e:/app/mrs2/mounriver_studio2/resources/app/resources/win32/components/wch/toolchain/risc-v embedded gcc12/bin/../lib/gcc/riscv-wch-elf/12.2.0/../../../../riscv-wch-elf/lib/rv32imac_xw/ilp32\libc_nano.a(lib_a-findfp.o)
                0x000000000000dce6                __sfmoreglue
 .text.__sfp_lock_acquire
                0x000000000000dd2c        0x6 e:/app/mrs2/mounriver_studio2/resources/app/resources/win32/components/wch/toolchain/risc-v embedded gcc12/bin/../lib/gcc/riscv-wch-elf/12.2.0/../../../../riscv-wch-elf/lib/rv32imac_xw/ilp32\libc_nano.a(lib_a-findfp.o)
                0x000000000000dd2c                __sfp_lock_acquire
 .text.__sfp_lock_release
                0x000000000000dd32        0x6 e:/app/mrs2/mounriver_studio2/resources/app/resources/win32/components/wch/toolchain/risc-v embedded gcc12/bin/../lib/gcc/riscv-wch-elf/12.2.0/../../../../riscv-wch-elf/lib/rv32imac_xw/ilp32\libc_nano.a(lib_a-findfp.o)
                0x000000000000dd32                __sfp_lock_release
 .text.__sinit_lock_acquire
                0x000000000000dd38        0x6 e:/app/mrs2/mounriver_studio2/resources/app/resources/win32/components/wch/toolchain/risc-v embedded gcc12/bin/../lib/gcc/riscv-wch-elf/12.2.0/../../../../riscv-wch-elf/lib/rv32imac_xw/ilp32\libc_nano.a(lib_a-findfp.o)
                0x000000000000dd38                __sinit_lock_acquire
 .text.__sinit_lock_release
                0x000000000000dd3e        0x6 e:/app/mrs2/mounriver_studio2/resources/app/resources/win32/components/wch/toolchain/risc-v embedded gcc12/bin/../lib/gcc/riscv-wch-elf/12.2.0/../../../../riscv-wch-elf/lib/rv32imac_xw/ilp32\libc_nano.a(lib_a-findfp.o)
                0x000000000000dd3e                __sinit_lock_release
 .text.__sinit  0x000000000000dd44       0x72 e:/app/mrs2/mounriver_studio2/resources/app/resources/win32/components/wch/toolchain/risc-v embedded gcc12/bin/../lib/gcc/riscv-wch-elf/12.2.0/../../../../riscv-wch-elf/lib/rv32imac_xw/ilp32\libc_nano.a(lib_a-findfp.o)
                0x000000000000dd44                __sinit
 .text.__sfp    0x000000000000ddb6       0xb0 e:/app/mrs2/mounriver_studio2/resources/app/resources/win32/components/wch/toolchain/risc-v embedded gcc12/bin/../lib/gcc/riscv-wch-elf/12.2.0/../../../../riscv-wch-elf/lib/rv32imac_xw/ilp32\libc_nano.a(lib_a-findfp.o)
                0x000000000000ddb6                __sfp
 .text._fwalk_reent
                0x000000000000de66       0x68 e:/app/mrs2/mounriver_studio2/resources/app/resources/win32/components/wch/toolchain/risc-v embedded gcc12/bin/../lib/gcc/riscv-wch-elf/12.2.0/../../../../riscv-wch-elf/lib/rv32imac_xw/ilp32\libc_nano.a(lib_a-fwalk.o)
                0x000000000000de66                _fwalk_reent
 .text.__retarget_lock_init_recursive
                0x000000000000dece        0x2 e:/app/mrs2/mounriver_studio2/resources/app/resources/win32/components/wch/toolchain/risc-v embedded gcc12/bin/../lib/gcc/riscv-wch-elf/12.2.0/../../../../riscv-wch-elf/lib/rv32imac_xw/ilp32\libc_nano.a(lib_a-lock.o)
                0x000000000000dece                __retarget_lock_init_recursive
 .text.__retarget_lock_acquire_recursive
                0x000000000000ded0        0x2 e:/app/mrs2/mounriver_studio2/resources/app/resources/win32/components/wch/toolchain/risc-v embedded gcc12/bin/../lib/gcc/riscv-wch-elf/12.2.0/../../../../riscv-wch-elf/lib/rv32imac_xw/ilp32\libc_nano.a(lib_a-lock.o)
                0x000000000000ded0                __retarget_lock_acquire_recursive
 .text.__retarget_lock_release_recursive
                0x000000000000ded2        0x2 e:/app/mrs2/mounriver_studio2/resources/app/resources/win32/components/wch/toolchain/risc-v embedded gcc12/bin/../lib/gcc/riscv-wch-elf/12.2.0/../../../../riscv-wch-elf/lib/rv32imac_xw/ilp32\libc_nano.a(lib_a-lock.o)
                0x000000000000ded2                __retarget_lock_release_recursive
 .text.__swhatbuf_r
                0x000000000000ded4       0x5a e:/app/mrs2/mounriver_studio2/resources/app/resources/win32/components/wch/toolchain/risc-v embedded gcc12/bin/../lib/gcc/riscv-wch-elf/12.2.0/../../../../riscv-wch-elf/lib/rv32imac_xw/ilp32\libc_nano.a(lib_a-makebuf.o)
                0x000000000000ded4                __swhatbuf_r
 .text.__smakebuf_r
                0x000000000000df2e       0x96 e:/app/mrs2/mounriver_studio2/resources/app/resources/win32/components/wch/toolchain/risc-v embedded gcc12/bin/../lib/gcc/riscv-wch-elf/12.2.0/../../../../riscv-wch-elf/lib/rv32imac_xw/ilp32\libc_nano.a(lib_a-makebuf.o)
                0x000000000000df2e                __smakebuf_r
 .text._free_r  0x000000000000dfc4       0xa2 e:/app/mrs2/mounriver_studio2/resources/app/resources/win32/components/wch/toolchain/risc-v embedded gcc12/bin/../lib/gcc/riscv-wch-elf/12.2.0/../../../../riscv-wch-elf/lib/rv32imac_xw/ilp32\libc_nano.a(lib_a-nano-freer.o)
                0x000000000000dfc4                _free_r
 .text.sbrk_aligned
                0x000000000000e066       0x5a e:/app/mrs2/mounriver_studio2/resources/app/resources/win32/components/wch/toolchain/risc-v embedded gcc12/bin/../lib/gcc/riscv-wch-elf/12.2.0/../../../../riscv-wch-elf/lib/rv32imac_xw/ilp32\libc_nano.a(lib_a-nano-mallocr.o)
 .text._malloc_r
                0x000000000000e0c0      0x114 e:/app/mrs2/mounriver_studio2/resources/app/resources/win32/components/wch/toolchain/risc-v embedded gcc12/bin/../lib/gcc/riscv-wch-elf/12.2.0/../../../../riscv-wch-elf/lib/rv32imac_xw/ilp32\libc_nano.a(lib_a-nano-mallocr.o)
                0x000000000000e0c0                _malloc_r
 .text.__ssputs_r
                0x000000000000e1d4       0xe4 e:/app/mrs2/mounriver_studio2/resources/app/resources/win32/components/wch/toolchain/risc-v embedded gcc12/bin/../lib/gcc/riscv-wch-elf/12.2.0/../../../../riscv-wch-elf/lib/rv32imac_xw/ilp32\libc_nano.a(lib_a-nano-svfprintf.o)
                0x000000000000e1d4                __ssputs_r
 .text._svfprintf_r
                0x000000000000e2b8      0x260 e:/app/mrs2/mounriver_studio2/resources/app/resources/win32/components/wch/toolchain/risc-v embedded gcc12/bin/../lib/gcc/riscv-wch-elf/12.2.0/../../../../riscv-wch-elf/lib/rv32imac_xw/ilp32\libc_nano.a(lib_a-nano-svfprintf.o)
                0x000000000000e2b8                _svfiprintf_r
                0x000000000000e2b8                _svfprintf_r
 .text._printf_common
                0x000000000000e518      0x110 e:/app/mrs2/mounriver_studio2/resources/app/resources/win32/components/wch/toolchain/risc-v embedded gcc12/bin/../lib/gcc/riscv-wch-elf/12.2.0/../../../../riscv-wch-elf/lib/rv32imac_xw/ilp32\libc_nano.a(lib_a-nano-vfprintf_i.o)
                0x000000000000e518                _printf_common
 .text._printf_i
                0x000000000000e628      0x27a e:/app/mrs2/mounriver_studio2/resources/app/resources/win32/components/wch/toolchain/risc-v embedded gcc12/bin/../lib/gcc/riscv-wch-elf/12.2.0/../../../../riscv-wch-elf/lib/rv32imac_xw/ilp32\libc_nano.a(lib_a-nano-vfprintf_i.o)
                0x000000000000e628                _printf_i
 .text.__sfputc_r
                0x000000000000e8a2       0x28 e:/app/mrs2/mounriver_studio2/resources/app/resources/win32/components/wch/toolchain/risc-v embedded gcc12/bin/../lib/gcc/riscv-wch-elf/12.2.0/../../../../riscv-wch-elf/lib/rv32imac_xw/ilp32\libc_nano.a(lib_a-nano-vfprintf.o)
 .text.__sfputs_r
                0x000000000000e8ca       0x42 e:/app/mrs2/mounriver_studio2/resources/app/resources/win32/components/wch/toolchain/risc-v embedded gcc12/bin/../lib/gcc/riscv-wch-elf/12.2.0/../../../../riscv-wch-elf/lib/rv32imac_xw/ilp32\libc_nano.a(lib_a-nano-vfprintf.o)
                0x000000000000e8ca                __sfputs_r
 .text._vfprintf_r
                0x000000000000e90c      0x2c2 e:/app/mrs2/mounriver_studio2/resources/app/resources/win32/components/wch/toolchain/risc-v embedded gcc12/bin/../lib/gcc/riscv-wch-elf/12.2.0/../../../../riscv-wch-elf/lib/rv32imac_xw/ilp32\libc_nano.a(lib_a-nano-vfprintf.o)
                0x000000000000e90c                _vfprintf_r
                0x000000000000e90c                _vfiprintf_r
 .text._sbrk_r  0x000000000000ebce       0x28 e:/app/mrs2/mounriver_studio2/resources/app/resources/win32/components/wch/toolchain/risc-v embedded gcc12/bin/../lib/gcc/riscv-wch-elf/12.2.0/../../../../riscv-wch-elf/lib/rv32imac_xw/ilp32\libc_nano.a(lib_a-sbrkr.o)
                0x000000000000ebce                _sbrk_r
 .text.__sread  0x000000000000ebf6       0x2c e:/app/mrs2/mounriver_studio2/resources/app/resources/win32/components/wch/toolchain/risc-v embedded gcc12/bin/../lib/gcc/riscv-wch-elf/12.2.0/../../../../riscv-wch-elf/lib/rv32imac_xw/ilp32\libc_nano.a(lib_a-stdio.o)
                0x000000000000ebf6                __sread
 .text.__swrite
                0x000000000000ec22       0x48 e:/app/mrs2/mounriver_studio2/resources/app/resources/win32/components/wch/toolchain/risc-v embedded gcc12/bin/../lib/gcc/riscv-wch-elf/12.2.0/../../../../riscv-wch-elf/lib/rv32imac_xw/ilp32\libc_nano.a(lib_a-stdio.o)
                0x000000000000ec22                __swrite
 .text.__sseek  0x000000000000ec6a       0x30 e:/app/mrs2/mounriver_studio2/resources/app/resources/win32/components/wch/toolchain/risc-v embedded gcc12/bin/../lib/gcc/riscv-wch-elf/12.2.0/../../../../riscv-wch-elf/lib/rv32imac_xw/ilp32\libc_nano.a(lib_a-stdio.o)
                0x000000000000ec6a                __sseek
 .text.__sclose
                0x000000000000ec9a        0x6 e:/app/mrs2/mounriver_studio2/resources/app/resources/win32/components/wch/toolchain/risc-v embedded gcc12/bin/../lib/gcc/riscv-wch-elf/12.2.0/../../../../riscv-wch-elf/lib/rv32imac_xw/ilp32\libc_nano.a(lib_a-stdio.o)
                0x000000000000ec9a                __sclose
 .text._write_r
                0x000000000000eca0       0x2c e:/app/mrs2/mounriver_studio2/resources/app/resources/win32/components/wch/toolchain/risc-v embedded gcc12/bin/../lib/gcc/riscv-wch-elf/12.2.0/../../../../riscv-wch-elf/lib/rv32imac_xw/ilp32\libc_nano.a(lib_a-writer.o)
                0x000000000000eca0                _write_r
 .text._close_r
                0x000000000000eccc       0x28 e:/app/mrs2/mounriver_studio2/resources/app/resources/win32/components/wch/toolchain/risc-v embedded gcc12/bin/../lib/gcc/riscv-wch-elf/12.2.0/../../../../riscv-wch-elf/lib/rv32imac_xw/ilp32\libc_nano.a(lib_a-closer.o)
                0x000000000000eccc                _close_r
 .text._fstat_r
                0x000000000000ecf4       0x2a e:/app/mrs2/mounriver_studio2/resources/app/resources/win32/components/wch/toolchain/risc-v embedded gcc12/bin/../lib/gcc/riscv-wch-elf/12.2.0/../../../../riscv-wch-elf/lib/rv32imac_xw/ilp32\libc_nano.a(lib_a-fstatr.o)
                0x000000000000ecf4                _fstat_r
 .text._isatty_r
                0x000000000000ed1e       0x28 e:/app/mrs2/mounriver_studio2/resources/app/resources/win32/components/wch/toolchain/risc-v embedded gcc12/bin/../lib/gcc/riscv-wch-elf/12.2.0/../../../../riscv-wch-elf/lib/rv32imac_xw/ilp32\libc_nano.a(lib_a-isattyr.o)
                0x000000000000ed1e                _isatty_r
 .text._lseek_r
                0x000000000000ed46       0x2c e:/app/mrs2/mounriver_studio2/resources/app/resources/win32/components/wch/toolchain/risc-v embedded gcc12/bin/../lib/gcc/riscv-wch-elf/12.2.0/../../../../riscv-wch-elf/lib/rv32imac_xw/ilp32\libc_nano.a(lib_a-lseekr.o)
                0x000000000000ed46                _lseek_r
 .text.memchr   0x000000000000ed72       0x18 e:/app/mrs2/mounriver_studio2/resources/app/resources/win32/components/wch/toolchain/risc-v embedded gcc12/bin/../lib/gcc/riscv-wch-elf/12.2.0/../../../../riscv-wch-elf/lib/rv32imac_xw/ilp32\libc_nano.a(lib_a-memchr.o)
                0x000000000000ed72                memchr
 .text          0x000000000000ed8a       0x26 e:/app/mrs2/mounriver_studio2/resources/app/resources/win32/components/wch/toolchain/risc-v embedded gcc12/bin/../lib/gcc/riscv-wch-elf/12.2.0/../../../../riscv-wch-elf/lib/rv32imac_xw/ilp32\libc_nano.a(lib_a-memmove.o)