Archive member included to satisfy reference by file (symbol)

./sdk/LIB\libwchble.a(message.o)
                              build\.objs\CH32V208GBU_Templete\cross\riscv\debug\sdk\HAL\MCU.c.o (tmos_msg_deallocate)
./sdk/LIB\libwchble.a(tmos.o)
                              build\.objs\CH32V208GBU_Templete\cross\riscv\debug\sdk\HAL\MCU.c.o (tmos_memcpy)
./sdk/LIB\libwchble.a(tmos_hw.o)
                              ./sdk/LIB\libwchble.a(tmos.o) (bleClock_t)
./sdk/LIB\libwchble.a(tmos_snv.o)
                              ./sdk/LIB\libwchble.a(tmos.o) (tmos_snv_init)
./sdk/LIB\libwchble.a(gap.o)  build\.objs\CH32V208GBU_Templete\cross\riscv\debug\APP\peripheral.c.o (GAP_SetParamValue)
./sdk/LIB\libwchble.a(gap_central.o)
                              ./sdk/LIB\libwchble.a(gap.o) (gapProcessPeriodicAdvertisingSyncEstablishedEvt)
./sdk/LIB\libwchble.a(gap_peripheral.o)
                              ./sdk/LIB\libwchble.a(gap.o) (GAP_PeripheralParamInit)
./sdk/LIB\libwchble.a(gapgattserver.o)
                              build\.objs\CH32V208GBU_Templete\cross\riscv\debug\APP\peripheral.c.o (GGS_SetParameter)
./sdk/LIB\libwchble.a(gatt.o)
                              build\.objs\CH32V208GBU_Templete\cross\riscv\debug\APP\peripheral.c.o (GATT_bm_alloc)
./sdk/LIB\libwchble.a(gatt_uuid.o)
                              ./sdk/LIB\libwchble.a(gatt.o) (serviceChangedUUID)
./sdk/LIB\libwchble.a(gattclientapp.o)
                              ./sdk/LIB\libwchble.a(gatt.o) (gattGetClientStatus)
./sdk/LIB\libwchble.a(gattservapp.o)
                              build\.objs\CH32V208GBU_Templete\cross\riscv\debug\Profile\gattprofile.c.o (GATTServApp_ReadCharCfg)
./sdk/LIB\libwchble.a(l2cap.o)
                              ./sdk/LIB\libwchble.a(gatt.o) (L2CAP_GetMTU)
./sdk/LIB\libwchble.a(l2cap_input.o)
                              ./sdk/LIB\libwchble.a(l2cap.o) (l2capProcessRxData)
./sdk/LIB\libwchble.a(l2cap_output.o)
                              ./sdk/LIB\libwchble.a(l2cap_input.o) (l2capNotifyData)
./sdk/LIB\libwchble.a(l2cap_sdu.o)
                              ./sdk/LIB\libwchble.a(l2cap_input.o) (l2capBuildDisconnectRsp)
./sdk/LIB\libwchble.a(linkdb.o)
                              ./sdk/LIB\libwchble.a(l2cap.o) (linkDB_Init)
./sdk/LIB\libwchble.a(sm.o)   ./sdk/LIB\libwchble.a(gap.o) (smFreePairingParams)
./sdk/LIB\libwchble.a(sm_initiator.o)
                              ./sdk/LIB\libwchble.a(sm.o) (smInitiatorSendNextKeyInfo)
./sdk/LIB\libwchble.a(sm_pdu.o)
                              ./sdk/LIB\libwchble.a(sm.o) (smpBuildPairingReq)
./sdk/LIB\libwchble.a(sm_responding.o)
                              ./sdk/LIB\libwchble.a(sm.o) (smResponderSendNextKeyInfo)
./sdk/LIB\libwchble.a(sm_toolbox.o)
                              ./sdk/LIB\libwchble.a(sm.o) (sm_ah)
./sdk/LIB\libwchble.a(host_input.o)
                              ./sdk/LIB\libwchble.a(gap.o) (gBleHostPara)
./sdk/LIB\libwchble.a(host_output.o)
                              ./sdk/LIB\libwchble.a(gap.o) (HCI_DisconnectCmd)
./sdk/LIB\libwchble.a(ll.o)   ./sdk/LIB\libwchble.a(tmos.o) (gBleLlPara)
./sdk/LIB\libwchble.a(ll_advertise.o)
                              ./sdk/LIB\libwchble.a(ll.o) (LL_AdvertiseEventRegister)
./sdk/LIB\libwchble.a(ll_connect.o)
                              ./sdk/LIB\libwchble.a(ll.o) (LL_ConnectEventRegister)
./sdk/LIB\libwchble.a(ll_core.o)
                              ./sdk/LIB\libwchble.a(ll_advertise.o) (LL_CoreGetCore)
./sdk/LIB\libwchble.a(ll_hop.o)
                              ./sdk/LIB\libwchble.a(ll_connect.o) (LL_HopGetChannel)
./sdk/LIB\libwchble.a(ll_master.o)
                              ./sdk/LIB\libwchble.a(gap_central.o) (LL_SetDataSendPriority)
./sdk/LIB\libwchble.a(ll_pdu.o)
                              ./sdk/LIB\libwchble.a(ll_master.o) (LL_ConnectionUpdateInd)
./sdk/LIB\libwchble.a(ll_report.o)
                              ./sdk/LIB\libwchble.a(ll.o) (LL_ProcessTMOSReportMsg)
./sdk/LIB\libwchble.a(ll_resolvinglist.o)
                              ./sdk/LIB\libwchble.a(ll_advertise.o) (ll_resolvinglist_checkRPA)
./sdk/LIB\libwchble.a(ll_scan.o)
                              ./sdk/LIB\libwchble.a(ll_master.o) (LL_ScanEnable)
./sdk/LIB\libwchble.a(ll_slave.o)
                              ./sdk/LIB\libwchble.a(ll_connect.o) (pfnSlaveHandle)
./sdk/LIB\libwchble.a(ll_sync.o)
                              ./sdk/LIB\libwchble.a(ll_scan.o) (debug_periodic_tmp)
./sdk/LIB\libwchble.a(ll_whitelist.o)
                              ./sdk/LIB\libwchble.a(ll_advertise.o) (LL_WhitelistLookup)
./sdk/LIB\libwchble.a(ble_task_process.o)
                              build\.objs\CH32V208GBU_Templete\cross\riscv\debug\sdk\HAL\MCU.c.o (LLE_IRQLibHandler)
./sdk/LIB\libwchble.a(aes.o)  ./sdk/LIB\libwchble.a(ll_resolvinglist.o) (AES_DevAESEnc)
./sdk/LIB\libwchble.a(bb.o)   ./sdk/LIB\libwchble.a(ll_advertise.o) (gptrBBReg)
./sdk/LIB\libwchble.a(ip.o)   ./sdk/LIB\libwchble.a(tmos.o) (ll_rx_wait_finish)
[...]
Memory Configuration

Name             Origin             Length             Attributes
FLASH            0x0000000000000000 0x0000000000020000 xr
RAM              0x0000000020000000 0x0000000000010000 xrw
*default*        0x0000000000000000 0xffffffffffffffff

Linker script and memory map

LOAD build\.objs\CH32V208GBU_Templete\cross\riscv\debug\sdk\Startup\startup_ch32v20x_D8W.S.o
LOAD build\.objs\CH32V208GBU_Templete\cross\riscv\debug\sdk\LIB\ble_task_scheduler.S.o
LOAD build\.objs\CH32V208GBU_Templete\cross\riscv\debug\sdk\Peripheral\src\ch32v20x_adc.c.o
LOAD build\.objs\CH32V208GBU_Templete\cross\riscv\debug\sdk\Peripheral\src\ch32v20x_bkp.c.o
LOAD build\.objs\CH32V208GBU_Templete\cross\riscv\debug\sdk\Peripheral\src\ch32v20x_can.c.o
LOAD build\.objs\CH32V208GBU_Templete\cross\riscv\debug\sdk\Peripheral\src\ch32v20x_crc.c.o
LOAD build\.objs\CH32V208GBU_Templete\cross\riscv\debug\sdk\Peripheral\src\ch32v20x_dbgmcu.c.o
LOAD build\.objs\CH32V208GBU_Templete\cross\riscv\debug\sdk\Peripheral\src\ch32v20x_dma.c.o
LOAD build\.objs\CH32V208GBU_Templete\cross\riscv\debug\sdk\Peripheral\src\ch32v20x_exti.c.o
LOAD build\.objs\CH32V208GBU_Templete\cross\riscv\debug\sdk\Peripheral\src\ch32v20x_flash.c.o
LOAD build\.objs\CH32V208GBU_Templete\cross\riscv\debug\sdk\Peripheral\src\ch32v20x_gpio.c.o
LOAD build\.objs\CH32V208GBU_Templete\cross\riscv\debug\sdk\Peripheral\src\ch32v20x_i2c.c.o
LOAD build\.objs\CH32V208GBU_Templete\cross\riscv\debug\sdk\Peripheral\src\ch32v20x_iwdg.c.o
LOAD build\.objs\CH32V208GBU_Templete\cross\riscv\debug\sdk\Peripheral\src\ch32v20x_misc.c.o
LOAD build\.objs\CH32V208GBU_Templete\cross\riscv\debug\sdk\Peripheral\src\ch32v20x_opa.c.o
LOAD build\.objs\CH32V208GBU_Templete\cross\riscv\debug\sdk\Peripheral\src\ch32v20x_pwr.c.o
LOAD build\.objs\CH32V208GBU_Templete\cross\riscv\debug\sdk\Peripheral\src\ch32v20x_rcc.c.o
LOAD build\.objs\CH32V208GBU_Templete\cross\riscv\debug\sdk\Peripheral\src\ch32v20x_rtc.c.o
LOAD build\.objs\CH32V208GBU_Templete\cross\riscv\debug\sdk\Peripheral\src\ch32v20x_spi.c.o
LOAD build\.objs\CH32V208GBU_Templete\cross\riscv\debug\sdk\Peripheral\src\ch32v20x_tim.c.o
LOAD build\.objs\CH32V208GBU_Templete\cross\riscv\debug\sdk\Peripheral\src\ch32v20x_usart.c.o
LOAD build\.objs\CH32V208GBU_Templete\cross\riscv\debug\sdk\Peripheral\src\ch32v20x_wwdg.c.o
LOAD build\.objs\CH32V208GBU_Templete\cross\riscv\debug\sdk\Debug\debug.c.o
LOAD build\.objs\CH32V208GBU_Templete\cross\riscv\debug\sdk\Core\core_riscv.c.o
LOAD build\.objs\CH32V208GBU_Templete\cross\riscv\debug\sdk\HAL\KEY.c.o
LOAD build\.objs\CH32V208GBU_Templete\cross\riscv\debug\sdk\HAL\LED.c.o
LOAD build\.objs\CH32V208GBU_Templete\cross\riscv\debug\sdk\HAL\MCU.c.o
LOAD build\.objs\CH32V208GBU_Templete\cross\riscv\debug\sdk\HAL\RTC.c.o
LOAD build\.objs\CH32V208GBU_Templete\cross\riscv\debug\sdk\HAL\SLEEP.c.o
LOAD build\.objs\CH32V208GBU_Templete\cross\riscv\debug\bsp\drv_gpio.c.o
LOAD build\.objs\CH32V208GBU_Templete\cross\riscv\debug\Profile\devinfoservice.c.o
LOAD build\.objs\CH32V208GBU_Templete\cross\riscv\debug\Profile\gattprofile.c.o
LOAD build\.objs\CH32V208GBU_Templete\cross\riscv\debug\APP\ch32v20x_it.c.o
LOAD build\.objs\CH32V208GBU_Templete\cross\riscv\debug\APP\peripheral.c.o
LOAD build\.objs\CH32V208GBU_Templete\cross\riscv\debug\APP\main.c.o
LOAD build\.objs\CH32V208GBU_Templete\cross\riscv\debug\APP\system_ch32v20x.c.o
LOAD build\.objs\CH32V208GBU_Templete\cross\riscv\debug\task\tmos_led_task.c.o
LOAD ./sdk/LIB\libwchble.a
LOAD e:/app/mrs2/mounriver_studio2/resources/app/resources/win32/components/wch/toolchain/risc-v embedded gcc12/bin/../lib/gcc/riscv-wch-elf/12.2.0/rv32imac_xw/ilp32\libgcc.a
LOAD e:/app/mrs2/mounriver_studio2/resources/app/resources/win32/components/wch/toolchain/risc-v embedded gcc12/bin/../lib/gcc/riscv-wch-elf/12.2.0/../../../../riscv-wch-elf/lib/rv32imac_xw/ilp32\libg_nano.a
LOAD e:/app/mrs2/mounriver_studio2/resources/app/resources/win32/components/wch/toolchain/risc-v embedded gcc12/bin/../lib/gcc/riscv-wch-elf/12.2.0/../../../../riscv-wch-elf/lib/rv32imac_xw/ilp32\libc_nano.a
LOAD e:/app/mrs2/mounriver_studio2/resources/app/resources/win32/components/wch/toolchain/risc-v embedded gcc12/bin/../lib/gcc/riscv-wch-elf/12.2.0/rv32imac_xw/ilp32\libgcc.a
START GROUP
LOAD e:/app/mrs2/mounriver_studio2/resources/app/resources/win32/components/wch/toolchain/risc-v embedded gcc12/bin/../lib/gcc/riscv-wch-elf/12.2.0/rv32imac_xw/ilp32\libgcc.a
LOAD e:/app/mrs2/mounriver_studio2/resources/app/resources/win32/components/wch/toolchain/risc-v embedded gcc12/bin/../lib/gcc/riscv-wch-elf/12.2.0/../../../../riscv-wch-elf/lib/rv32imac_xw/ilp32\libc_nano.a
LOAD e:/app/mrs2/mounriver_studio2/resources/app/resources/win32/components/wch/toolchain/risc-v embedded gcc12/bin/../lib/gcc/riscv-wch-elf/12.2.0/../../../../riscv-wch-elf/lib/rv32imac_xw/ilp32\libnosys.a
END GROUP
START GROUP
LOAD e:/app/mrs2/mounriver_studio2/resources/app/resources/win32/components/wch/toolchain/risc-v embedded gcc12/bin/../lib/gcc/riscv-wch-elf/12.2.0/rv32imac_xw/ilp32\libgcc.a
LOAD e:/app/mrs2/mounriver_studio2/resources/app/resources/win32/components/wch/toolchain/risc-v embedded gcc12/bin/../lib/gcc/riscv-wch-elf/12.2.0/../../../../riscv-wch-elf/lib/rv32imac_xw/ilp32\libc_nano.a
LOAD e:/app/mrs2/mounriver_studio2/resources/app/resources/win32/components/wch/toolchain/risc-v embedded gcc12/bin/../lib/gcc/riscv-wch-elf/12.2.0/../../../../riscv-wch-elf/lib/rv32imac_xw/ilp32\libnosys.a
END GROUP
                0x0000000000000800                __stack_size = 0x800
                [!provide]                        PROVIDE (_stack_size = __stack_size)

.init           0x0000000000000000        0x4
                0x0000000000000000                _sinit = .
                0x0000000000000000                . = ALIGN (0x4)
 *(SORT_NONE(.init))
 .init          0x0000000000000000        0x4 build\.objs\CH32V208GBU_Templete\cross\riscv\debug\sdk\Startup\startup_ch32v20x_D8W.S.o
                0x0000000000000000                _start
                0x0000000000000004                . = ALIGN (0x4)
                0x0000000000000004                _einit = .

.vector         0x0000000000000004      0x13c
 *(.vector)
 .vector        0x0000000000000004      0x118 build\.objs\CH32V208GBU_Templete\cross\riscv\debug\sdk\Startup\startup_ch32v20x_D8W.S.o
                0x0000000000000140                . = ALIGN (0x40)
 *fill*         0x000000000000011c       0x24 
 *(SORT_NONE(.handle_reset))

.highcode       0x0000000000000140     0x13b0
                0x0000000000000140                . = ALIGN (0x4)
 *(.highcode)
 .highcode      0x0000000000000140       0x4e build\.objs\CH32V208GBU_Templete\cross\riscv\debug\sdk\LIB\ble_task_scheduler.S.o
                0x0000000000000140                Ecall_U_Mode_Handler
                0x0000000000000140                Ecall_M_Mode_Handler
 .highcode      0x000000000000018e        0xc build\.objs\CH32V208GBU_Templete\cross\riscv\debug\APP\main.c.o
                0x000000000000018e                Main_Circulation
 .highcode      0x000000000000019a       0xf8 ./sdk/LIB\libwchble.a(message.o)
                0x000000000000019a                tmos_msg_enqueue
                0x00000000000001b4                tmos_msg_allocate
                0x0000000000000210                tmos_msg_receive
 .highcode      0x0000000000000292      0x6e0 ./sdk/LIB\libwchble.a(tmos.o)
                0x00000000000002b6                tmos_memcpy
                0x00000000000002f0                tmos_memcpy_word
                0x0000000000000320                tmos_memset
                0x000000000000034e                tmos_strlen
                0x000000000000037a                tmos_memdup
                0x00000000000003c8                tmos_memcmp
                0x0000000000000412                tmos_revmemcpy
                0x0000000000000446                tmos_isbufset
                0x00000000000005c4                tmos_proces_idle
                0x000000000000074c                TMOS_SysRegister
                0x000000000000075a                ble_controller_func
                0x0000000000000786                TMOS_SystemProcess
 .highcode      0x0000000000000972       0x68 ./sdk/LIB\libwchble.a(tmos_hw.o)
                0x00000000000009a6                TMOS_TimerIRQHandler
 .highcode      0x00000000000009da      0x114 ./sdk/LIB\libwchble.a(bb.o)
                0x00000000000009da                BB_IRQLibHandler
 .highcode      0x0000000000000aee      0x39a ./sdk/LIB\libwchble.a(ip.o)
                0x0000000000000aee                ll_rx_wait_finish
                0x0000000000000b22                ble_ll_chkcrc
                0x0000000000000bae                ll_tx_wait_finish
                0x0000000000000ca8                BLE_CheckHoppingMap
 .highcode      0x0000000000000e88      0x336 ./sdk/LIB\libwchble.a(lle.o)
                0x0000000000000e88                LLE_IRQSubHandler
                0x0000000000001080                lle_irq_process
 .highcode      0x00000000000011be       0x3a ./sdk/LIB\libwchble.a(rfend.o)
                0x00000000000011be                RFEND_WaitTune
 .highcode      0x00000000000011f8      0x22a ./sdk/LIB\libwchble.a(memory.o)
                0x00000000000011f8                tmos_memory_allocate
                0x00000000000012e6                tmos_memory_free
                0x00000000000013e6                tmos_bm_adjust_header
 *(.highcode.*)
 *fill*         0x0000000000001422        0x2 
 .highcode.LLE_IRQHandler
                0x0000000000001424       0x86 build\.objs\CH32V208GBU_Templete\cross\riscv\debug\sdk\LIB\ble_task_scheduler.S.o
                0x0000000000001424                LLE_IRQHandler
 *fill*         0x00000000000014aa        0x2 
 .highcode.ble_controller_scheduler
                0x00000000000014ac        0xa ./sdk/LIB\libwchble.a(ble_task_process.o)
 *fill*         0x00000000000014b6        0x2 
 .highcode.LLE_IRQLibHandler
                0x00000000000014b8       0x36 ./sdk/LIB\libwchble.a(ble_task_process.o)
                0x00000000000014b8                LLE_IRQLibHandler
                0x00000000000014f0                . = ALIGN (0x4)
 *fill*         0x00000000000014ee        0x2 

.text           0x00000000000014f0     0x8000
                0x00000000000014f0                . = ALIGN (0x4)
 EXCLUDE_FILE(*wchble.a) *(.text .text*)
 .text.vector_handler
                0x00000000000014f0        0x2 build\.objs\CH32V208GBU_Templete\cross\riscv\debug\sdk\Startup\startup_ch32v20x_D8W.S.o
                0x00000000000014f0                TIM1_CC_IRQHandler
                0x00000000000014f0                SysTick_Handler
                0x00000000000014f0                PVD_IRQHandler
                0x00000000000014f0                USBFS_IRQHandler
                0x00000000000014f0                I2C2_EV_IRQHandler
                0x00000000000014f0                ADC1_2_IRQHandler
                0x00000000000014f0                Break_Point_Handler
                0x00000000000014f0                SPI1_IRQHandler
                0x00000000000014f0                TAMPER_IRQHandler
                0x00000000000014f0                OSCWakeUp_IRQHandler
                0x00000000000014f0                DMA1_Channel4_IRQHandler
                0x00000000000014f0                USART3_IRQHandler
                0x00000000000014f0                RTC_IRQHandler
                0x00000000000014f0                DMA1_Channel7_IRQHandler
                0x00000000000014f0                CAN1_RX1_IRQHandler
                0x00000000000014f0                TIM4_IRQHandler
                0x00000000000014f0                I2C1_EV_IRQHandler
                0x00000000000014f0                DMA1_Channel6_IRQHandler
                0x00000000000014f0                UART4_IRQHandler
                0x00000000000014f0                TIM3_IRQHandler
                0x00000000000014f0                RCC_IRQHandler
                0x00000000000014f0                TIM1_TRG_COM_IRQHandler
                0x00000000000014f0                DMA1_Channel1_IRQHandler
                0x00000000000014f0                EXTI15_10_IRQHandler
                0x00000000000014f0                DMA1_Channel8_IRQHandler
                0x00000000000014f0                TIM5_IRQHandler
                0x00000000000014f0                SPI2_IRQHandler
                0x00000000000014f0                OSC32KCal_IRQHandler
                0x00000000000014f0                DMA1_Channel5_IRQHandler
                0x00000000000014f0                USB_LP_CAN1_RX0_IRQHandler
                0x00000000000014f0                USB_HP_CAN1_TX_IRQHandler
                0x00000000000014f0                DMA1_Channel3_IRQHandler
                0x00000000000014f0                ETH_IRQHandler
                0x00000000000014f0                TIM1_UP_IRQHandler
                0x00000000000014f0                WWDG_IRQHandler
                0x00000000000014f0                TIM2_IRQHandler
                0x00000000000014f0                SW_Handler
                0x00000000000014f0                TIM1_BRK_IRQHandler
                0x00000000000014f0                USART2_IRQHandler
                0x00000000000014f0                ETHWakeUp_IRQHandler
                0x00000000000014f0                I2C2_ER_IRQHandler
                0x00000000000014f0                DMA1_Channel2_IRQHandler
                0x00000000000014f0                CAN1_SCE_IRQHandler
                0x00000000000014f0                FLASH_IRQHandler
                0x00000000000014f0                USBFSWakeUp_IRQHandler
                0x00000000000014f0                USART1_IRQHandler
                0x00000000000014f0                I2C1_ER_IRQHandler
                0x00000000000014f0                USBWakeUp_IRQHandler
 .text.handle_reset
                0x00000000000014f2       0x8a build\.objs\CH32V208GBU_Templete\cross\riscv\debug\sdk\Startup\startup_ch32v20x_D8W.S.o
                0x00000000000014f2                handle_reset
 .text.ADC_DeInit
                0x000000000000157c       0x60 build\.objs\CH32V208GBU_Templete\cross\riscv\debug\sdk\Peripheral\src\ch32v20x_adc.c.o
                0x000000000000157c                ADC_DeInit
 .text.ADC_Init
                0x00000000000015dc      0x100 build\.objs\CH32V208GBU_Templete\cross\riscv\debug\sdk\Peripheral\src\ch32v20x_adc.c.o
                0x00000000000015dc                ADC_Init
 .text.ADC_Cmd  0x00000000000016dc       0x3e build\.objs\CH32V208GBU_Templete\cross\riscv\debug\sdk\Peripheral\src\ch32v20x_adc.c.o
                0x00000000000016dc                ADC_Cmd
 .text.ADC_SoftwareStartConvCmd
                0x000000000000171a       0x44 build\.objs\CH32V208GBU_Templete\cross\riscv\debug\sdk\Peripheral\src\ch32v20x_adc.c.o
                0x000000000000171a                ADC_SoftwareStartConvCmd
 .text.ADC_RegularChannelConfig
                0x000000000000175e      0x248 build\.objs\CH32V208GBU_Templete\cross\riscv\debug\sdk\Peripheral\src\ch32v20x_adc.c.o
                0x000000000000175e                ADC_RegularChannelConfig
 .text.ADC_GetConversionValue
                0x00000000000019a6       0x1c build\.objs\CH32V208GBU_Templete\cross\riscv\debug\sdk\Peripheral\src\ch32v20x_adc.c.o
                0x00000000000019a6                ADC_GetConversionValue
 .text.ADC_TempSensorVrefintCmd
                0x00000000000019c2       0x50 build\.objs\CH32V208GBU_Templete\cross\riscv\debug\sdk\Peripheral\src\ch32v20x_adc.c.o
                0x00000000000019c2                ADC_TempSensorVrefintCmd
 .text.ADC_GetFlagStatus
                0x0000000000001a12       0x3a build\.objs\CH32V208GBU_Templete\cross\riscv\debug\sdk\Peripheral\src\ch32v20x_adc.c.o
                0x0000000000001a12                ADC_GetFlagStatus
 .text.ADC_BufferCmd
                0x0000000000001a4c       0x44 build\.objs\CH32V208GBU_Templete\cross\riscv\debug\sdk\Peripheral\src\ch32v20x_adc.c.o
                0x0000000000001a4c                ADC_BufferCmd
 .text.EXTI_GetITStatus
                0x0000000000001a90       0x56 build\.objs\CH32V208GBU_Templete\cross\riscv\debug\sdk\Peripheral\src\ch32v20x_exti.c.o
                0x0000000000001a90                EXTI_GetITStatus
 .text.EXTI_ClearITPendingBit
                0x0000000000001ae6       0x20 build\.objs\CH32V208GBU_Templete\cross\riscv\debug\sdk\Peripheral\src\ch32v20x_exti.c.o
                0x0000000000001ae6                EXTI_ClearITPendingBit
 .text.FLASH_Unlock_Fast
                0x0000000000001b06       0x46 build\.objs\CH32V208GBU_Templete\cross\riscv\debug\sdk\Peripheral\src\ch32v20x_flash.c.o
                0x0000000000001b06                FLASH_Unlock_Fast
 .text.FLASH_Lock_Fast
                0x0000000000001b4c       0x1e build\.objs\CH32V208GBU_Templete\cross\riscv\debug\sdk\Peripheral\src\ch32v20x_flash.c.o
                0x0000000000001b4c                FLASH_Lock_Fast
 .text.FLASH_ErasePage_Fast
                0x0000000000001b6a       0x68 build\.objs\CH32V208GBU_Templete\cross\riscv\debug\sdk\Peripheral\src\ch32v20x_flash.c.o
                0x0000000000001b6a                FLASH_ErasePage_Fast
 .text.FLASH_ProgramPage_Fast
                0x0000000000001bd2       0xc0 build\.objs\CH32V208GBU_Templete\cross\riscv\debug\sdk\Peripheral\src\ch32v20x_flash.c.o
                0x0000000000001bd2                FLASH_ProgramPage_Fast
 .text.FLASH_GetMACAddress
                0x0000000000001c92       0x9c build\.objs\CH32V208GBU_Templete\cross\riscv\debug\sdk\Peripheral\src\ch32v20x_flash.c.o
                0x0000000000001c92                FLASH_GetMACAddress
 .text.GPIO_Init
                0x0000000000001d2e      0x222 build\.objs\CH32V208GBU_Templete\cross\riscv\debug\sdk\Peripheral\src\ch32v20x_gpio.c.o
                0x0000000000001d2e                GPIO_Init
 .text.GPIO_WriteBit
                0x0000000000001f50       0x38 build\.objs\CH32V208GBU_Templete\cross\riscv\debug\sdk\Peripheral\src\ch32v20x_gpio.c.o
                0x0000000000001f50                GPIO_WriteBit
 .text.PWR_BackupAccessCmd
                0x0000000000001f88       0x3a build\.objs\CH32V208GBU_Templete\cross\riscv\debug\sdk\Peripheral\src\ch32v20x_pwr.c.o
                0x0000000000001f88                PWR_BackupAccessCmd
 .text.RCC_ADCCLKConfig
                0x0000000000001fc2       0x46 build\.objs\CH32V208GBU_Templete\cross\riscv\debug\sdk\Peripheral\src\ch32v20x_rcc.c.o
                0x0000000000001fc2                RCC_ADCCLKConfig
 .text.RCC_LSEConfig
                0x0000000000002008       0x5a build\.objs\CH32V208GBU_Templete\cross\riscv\debug\sdk\Peripheral\src\ch32v20x_rcc.c.o
                0x0000000000002008                RCC_LSEConfig
 .text.RCC_LSICmd
                0x0000000000002062       0x38 build\.objs\CH32V208GBU_Templete\cross\riscv\debug\sdk\Peripheral\src\ch32v20x_rcc.c.o
                0x0000000000002062                RCC_LSICmd
 .text.RCC_RTCCLKConfig
                0x000000000000209a       0x24 build\.objs\CH32V208GBU_Templete\cross\riscv\debug\sdk\Peripheral\src\ch32v20x_rcc.c.o
                0x000000000000209a                RCC_RTCCLKConfig
 .text.RCC_RTCCLKCmd
                0x00000000000020be       0x3c build\.objs\CH32V208GBU_Templete\cross\riscv\debug\sdk\Peripheral\src\ch32v20x_rcc.c.o
                0x00000000000020be                RCC_RTCCLKCmd
 .text.RCC_GetClocksFreq
                0x00000000000020fa      0x28e build\.objs\CH32V208GBU_Templete\cross\riscv\debug\sdk\Peripheral\src\ch32v20x_rcc.c.o
                0x00000000000020fa                RCC_GetClocksFreq
 .text.RCC_AHBPeriphClockCmd
                0x0000000000002388       0x46 build\.objs\CH32V208GBU_Templete\cross\riscv\debug\sdk\Peripheral\src\ch32v20x_rcc.c.o
                0x0000000000002388                RCC_AHBPeriphClockCmd
 .text.RCC_APB2PeriphClockCmd
                0x00000000000023ce       0x46 build\.objs\CH32V208GBU_Templete\cross\riscv\debug\sdk\Peripheral\src\ch32v20x_rcc.c.o
                0x00000000000023ce                RCC_APB2PeriphClockCmd
 .text.RCC_APB1PeriphClockCmd
                0x0000000000002414       0x46 build\.objs\CH32V208GBU_Templete\cross\riscv\debug\sdk\Peripheral\src\ch32v20x_rcc.c.o
                0x0000000000002414                RCC_APB1PeriphClockCmd
 .text.RCC_APB2PeriphResetCmd
                0x000000000000245a       0x46 build\.objs\CH32V208GBU_Templete\cross\riscv\debug\sdk\Peripheral\src\ch32v20x_rcc.c.o
                0x000000000000245a                RCC_APB2PeriphResetCmd
 .text.RCC_USB5PRE_JUDGE
                0x00000000000024a0       0x10 build\.objs\CH32V208GBU_Templete\cross\riscv\debug\sdk\Peripheral\src\ch32v20x_rcc.c.o
                0x00000000000024a0                RCC_USB5PRE_JUDGE
 .text.RTC_EnterConfigMode
                0x00000000000024b0       0x30 build\.objs\CH32V208GBU_Templete\cross\riscv\debug\sdk\Peripheral\src\ch32v20x_rtc.c.o
                0x00000000000024b0                RTC_EnterConfigMode
 .text.RTC_ExitConfigMode
                0x00000000000024e0       0x2e build\.objs\CH32V208GBU_Templete\cross\riscv\debug\sdk\Peripheral\src\ch32v20x_rtc.c.o
                0x00000000000024e0                RTC_ExitConfigMode
 .text.RTC_GetCounter
                0x000000000000250e       0xe0 build\.objs\CH32V208GBU_Templete\cross\riscv\debug\sdk\Peripheral\src\ch32v20x_rtc.c.o
                0x000000000000250e                RTC_GetCounter
 .text.RTC_SetCounter
                0x00000000000025ee       0x42 build\.objs\CH32V208GBU_Templete\cross\riscv\debug\sdk\Peripheral\src\ch32v20x_rtc.c.o
                0x00000000000025ee                RTC_SetCounter
 .text.RTC_SetPrescaler
                0x0000000000002630       0x48 build\.objs\CH32V208GBU_Templete\cross\riscv\debug\sdk\Peripheral\src\ch32v20x_rtc.c.o
                0x0000000000002630                RTC_SetPrescaler
 .text.RTC_WaitForLastTask
                0x0000000000002678       0x26 build\.objs\CH32V208GBU_Templete\cross\riscv\debug\sdk\Peripheral\src\ch32v20x_rtc.c.o
                0x0000000000002678                RTC_WaitForLastTask
 .text.RTC_ClearITPendingBit
                0x000000000000269e       0x42 build\.objs\CH32V208GBU_Templete\cross\riscv\debug\sdk\Peripheral\src\ch32v20x_rtc.c.o
                0x000000000000269e                RTC_ClearITPendingBit
 .text.Calibration_LSI
                0x00000000000026e0      0xb8a build\.objs\CH32V208GBU_Templete\cross\riscv\debug\sdk\Peripheral\src\ch32v20x_rtc.c.o
                0x00000000000026e0                Calibration_LSI
 .text.USART_Init
                0x000000000000326a      0x316 build\.objs\CH32V208GBU_Templete\cross\riscv\debug\sdk\Peripheral\src\ch32v20x_usart.c.o
                0x000000000000326a                USART_Init
 .text.USART_Cmd
                0x0000000000003580       0x58 build\.objs\CH32V208GBU_Templete\cross\riscv\debug\sdk\Peripheral\src\ch32v20x_usart.c.o
                0x0000000000003580                USART_Cmd
 .text.USART_SendData
                0x00000000000035d8       0x2c build\.objs\CH32V208GBU_Templete\cross\riscv\debug\sdk\Peripheral\src\ch32v20x_usart.c.o
                0x00000000000035d8                USART_SendData
 .text.USART_GetFlagStatus
                0x0000000000003604       0x42 build\.objs\CH32V208GBU_Templete\cross\riscv\debug\sdk\Peripheral\src\ch32v20x_usart.c.o
                0x0000000000003604                USART_GetFlagStatus
 .text.Delay_Init
                0x0000000000003646       0x3e build\.objs\CH32V208GBU_Templete\cross\riscv\debug\sdk\Debug\debug.c.o
                0x0000000000003646                Delay_Init
 .text.Delay_Us
                0x0000000000003684       0x82 build\.objs\CH32V208GBU_Templete\cross\riscv\debug\sdk\Debug\debug.c.o
                0x0000000000003684                Delay_Us
 .text.USART_Printf_Init
                0x0000000000003706       0x8a build\.objs\CH32V208GBU_Templete\cross\riscv\debug\sdk\Debug\debug.c.o
                0x0000000000003706                USART_Printf_Init
 .text._write   0x0000000000003790       0x76 build\.objs\CH32V208GBU_Templete\cross\riscv\debug\sdk\Debug\debug.c.o
                0x0000000000003790                _write
 .text._sbrk    0x0000000000003806       0x72 build\.objs\CH32V208GBU_Templete\cross\riscv\debug\sdk\Debug\debug.c.o
                0x0000000000003806                _sbrk
 .text.Lib_Calibration_LSI
                0x0000000000003878       0x18 build\.objs\CH32V208GBU_Templete\cross\riscv\debug\sdk\HAL\MCU.c.o
                0x0000000000003878                Lib_Calibration_LSI
 .text.Lib_Read_Flash
                0x0000000000003890       0x36 build\.objs\CH32V208GBU_Templete\cross\riscv\debug\sdk\HAL\MCU.c.o
                0x0000000000003890                Lib_Read_Flash
 .text.Lib_Write_Flash
                0x00000000000038c6       0x40 build\.objs\CH32V208GBU_Templete\cross\riscv\debug\sdk\HAL\MCU.c.o
                0x00000000000038c6                Lib_Write_Flash
 .text.WCHBLE_Init
                0x0000000000003906      0x1f2 build\.objs\CH32V208GBU_Templete\cross\riscv\debug\sdk\HAL\MCU.c.o
                0x0000000000003906                WCHBLE_Init
 .text.HAL_ProcessEvent
                0x0000000000003af8       0xd4 build\.objs\CH32V208GBU_Templete\cross\riscv\debug\sdk\HAL\MCU.c.o
                0x0000000000003af8                HAL_ProcessEvent
 .text.HAL_Init
                0x0000000000003bcc       0x4a build\.objs\CH32V208GBU_Templete\cross\riscv\debug\sdk\HAL\MCU.c.o
                0x0000000000003bcc                HAL_Init
 .text.HAL_GetInterTempValue
                0x0000000000003c16      0x2a6 build\.objs\CH32V208GBU_Templete\cross\riscv\debug\sdk\HAL\MCU.c.o
                0x0000000000003c16                HAL_GetInterTempValue
 .text.HAL_TimeInit
                0x0000000000003ebc       0xbc build\.objs\CH32V208GBU_Templete\cross\riscv\debug\sdk\HAL\RTC.c.o
                0x0000000000003ebc                HAL_TimeInit
 .text.RTCAlarm_IRQHandler
                0x0000000000003f78       0x28 build\.objs\CH32V208GBU_Templete\cross\riscv\debug\sdk\HAL\RTC.c.o
                0x0000000000003f78                RTCAlarm_IRQHandler
 .text.gpio_get_pin
                0x0000000000003fa0       0x44 build\.objs\CH32V208GBU_Templete\cross\riscv\debug\bsp\drv_gpio.c.o
 .text.gpio_init
                0x0000000000003fe4       0x36 build\.objs\CH32V208GBU_Templete\cross\riscv\debug\bsp\drv_gpio.c.o
                0x0000000000003fe4                gpio_init
 .text.gpio_mode
                0x000000000000401a       0xb2 build\.objs\CH32V208GBU_Templete\cross\riscv\debug\bsp\drv_gpio.c.o
                0x000000000000401a                gpio_mode
 .text.gpio_write
                0x00000000000040cc       0x5a build\.objs\CH32V208GBU_Templete\cross\riscv\debug\bsp\drv_gpio.c.o
                0x00000000000040cc                gpio_write
 .text.gpio_irq_handler
                0x0000000000004126       0x5e build\.objs\CH32V208GBU_Templete\cross\riscv\debug\bsp\drv_gpio.c.o
 .text.EXTI0_IRQHandler
                0x0000000000004184       0x2e build\.objs\CH32V208GBU_Templete\cross\riscv\debug\bsp\drv_gpio.c.o
                0x0000000000004184                EXTI0_IRQHandler
 .text.EXTI1_IRQHandler
                0x00000000000041b2       0x2e build\.objs\CH32V208GBU_Templete\cross\riscv\debug\bsp\drv_gpio.c.o
                0x00000000000041b2                EXTI1_IRQHandler
 .text.EXTI2_IRQHandler
                0x00000000000041e0       0x2e build\.objs\CH32V208GBU_Templete\cross\riscv\debug\bsp\drv_gpio.c.o
                0x00000000000041e0                EXTI2_IRQHandler
 .text.EXTI3_IRQHandler
                0x000000000000420e       0x2e build\.objs\CH32V208GBU_Templete\cross\riscv\debug\bsp\drv_gpio.c.o
                0x000000000000420e                EXTI3_IRQHandler
 .text.EXTI4_IRQHandler
                0x000000000000423c       0x2e build\.objs\CH32V208GBU_Templete\cross\riscv\debug\bsp\drv_gpio.c.o
                0x000000000000423c                EXTI4_IRQHandler
 .text.EXTI9_5_IRQHandler
                0x000000000000426a       0x92 build\.objs\CH32V208GBU_Templete\cross\riscv\debug\bsp\drv_gpio.c.o
                0x000000000000426a                EXTI9_5_IRQHandler
 .text.NMI_Handler
                0x00000000000042fc       0x10 build\.objs\CH32V208GBU_Templete\cross\riscv\debug\APP\ch32v20x_it.c.o
                0x00000000000042fc                NMI_Handler
 .text.HardFault_Handler
                0x000000000000430c       0x18 build\.objs\CH32V208GBU_Templete\cross\riscv\debug\APP\ch32v20x_it.c.o
                0x000000000000430c                HardFault_Handler
 .text.BB_IRQHandler
                0x0000000000004324       0x14 build\.objs\CH32V208GBU_Templete\cross\riscv\debug\APP\ch32v20x_it.c.o
                0x0000000000004324                BB_IRQHandler
 .text.main     0x0000000000004338       0x46 build\.objs\CH32V208GBU_Templete\cross\riscv\debug\APP\main.c.o
                0x0000000000004338                main
 .text.SystemInit
                0x000000000000437e       0x7c build\.objs\CH32V208GBU_Templete\cross\riscv\debug\APP\system_ch32v20x.c.o
                0x000000000000437e                SystemInit
 .text.SystemCoreClockUpdate
                0x00000000000043fa      0x1ae build\.objs\CH32V208GBU_Templete\cross\riscv\debug\APP\system_ch32v20x.c.o
                0x00000000000043fa                SystemCoreClockUpdate
 .text.SetSysClock
                0x00000000000045a8       0x14 build\.objs\CH32V208GBU_Templete\cross\riscv\debug\APP\system_ch32v20x.c.o
 .text.SetSysClockTo144_HSE
                0x00000000000045bc      0x114 build\.objs\CH32V208GBU_Templete\cross\riscv\debug\APP\system_ch32v20x.c.o
 .text.led_task_init
                0x00000000000046d0       0x64 build\.objs\CH32V208GBU_Templete\cross\riscv\debug\task\tmos_led_task.c.o
                0x00000000000046d0                led_task_init
 .text.demo_task_process_TMOSMsg
                0x0000000000004734       0x68 build\.objs\CH32V208GBU_Templete\cross\riscv\debug\task\tmos_led_task.c.o
 .text.demo_task_data_process_TMOSMsg
                0x000000000000479c       0x94 build\.objs\CH32V208GBU_Templete\cross\riscv\debug\task\tmos_led_task.c.o
 .text.led_task_process_event
                0x0000000000004830      0x126 build\.objs\CH32V208GBU_Templete\cross\riscv\debug\task\tmos_led_task.c.o
 .text.ledMsg_task_process_event
                0x0000000000004956       0xea build\.objs\CH32V208GBU_Templete\cross\riscv\debug\task\tmos_led_task.c.o
 .text.__udivdi3
                0x0000000000004a40      0x3a6 e:/app/mrs2/mounriver_studio2/resources/app/resources/win32/components/wch/toolchain/risc-v embedded gcc12/bin/../lib/gcc/riscv-wch-elf/12.2.0/rv32imac_xw/ilp32\libgcc.a(_udivdi3.o)
                0x0000000000004a40                __udivdi3
 .text          0x0000000000004de6       0x16 e:/app/mrs2/mounriver_studio2/resources/app/resources/win32/components/wch/toolchain/risc-v embedded gcc12/bin/../lib/gcc/riscv-wch-elf/12.2.0/../../../../riscv-wch-elf/lib/rv32imac_xw/ilp32\libg_nano.a(lib_a-memcpy-asm.o)
                0x0000000000004de6                memcpy
 .text.printf   0x0000000000004dfc       0x3a e:/app/mrs2/mounriver_studio2/resources/app/resources/win32/components/wch/toolchain/risc-v embedded gcc12/bin/../lib/gcc/riscv-wch-elf/12.2.0/../../../../riscv-wch-elf/lib/rv32imac_xw/ilp32\libg_nano.a(lib_a-printf.o)
                0x0000000000004dfc                iprintf
                0x0000000000004dfc                printf
 .text._puts_r  0x0000000000004e36      0x104 e:/app/mrs2/mounriver_studio2/resources/app/resources/win32/components/wch/toolchain/risc-v embedded gcc12/bin/../lib/gcc/riscv-wch-elf/12.2.0/../../../../riscv-wch-elf/lib/rv32imac_xw/ilp32\libg_nano.a(lib_a-puts.o)
                0x0000000000004e36                _puts_r
 .text.puts     0x0000000000004f3a        0x8 e:/app/mrs2/mounriver_studio2/resources/app/resources/win32/components/wch/toolchain/risc-v embedded gcc12/bin/../lib/gcc/riscv-wch-elf/12.2.0/../../../../riscv-wch-elf/lib/rv32imac_xw/ilp32\libg_nano.a(lib_a-puts.o)
                0x0000000000004f3a                puts
 .text.__swbuf_r
                0x0000000000004f42       0xbc e:/app/mrs2/mounriver_studio2/resources/app/resources/win32/components/wch/toolchain/risc-v embedded gcc12/bin/../lib/gcc/riscv-wch-elf/12.2.0/../../../../riscv-wch-elf/lib/rv32imac_xw/ilp32\libg_nano.a(lib_a-wbuf.o)
                0x0000000000004f42                __swbuf_r
 .text.__swsetup_r
                0x0000000000004ffe       0xee e:/app/mrs2/mounriver_studio2/resources/app/resources/win32/components/wch/toolchain/risc-v embedded gcc12/bin/../lib/gcc/riscv-wch-elf/12.2.0/../../../../riscv-wch-elf/lib/rv32imac_xw/ilp32\libg_nano.a(lib_a-wsetup.o)
                0x0000000000004ffe                __swsetup_r
 .text.__sflush_r
                0x00000000000050ec      0x132 e:/app/mrs2/mounriver_studio2/resources/app/resources/win32/components/wch/toolchain/risc-v embedded gcc12/bin/../lib/gcc/riscv-wch-elf/12.2.0/../../../../riscv-wch-elf/lib/rv32imac_xw/ilp32\libg_nano.a(lib_a-fflush.o)
                0x00000000000050ec                __sflush_r
 .text._fflush_r
                0x000000000000521e       0x86 e:/app/mrs2/mounriver_studio2/resources/app/resources/win32/components/wch/toolchain/risc-v embedded gcc12/bin/../lib/gcc/riscv-wch-elf/12.2.0/../../../../riscv-wch-elf/lib/rv32imac_xw/ilp32\libg_nano.a(lib_a-fflush.o)
                0x000000000000521e                _fflush_r
 .text.std      0x00000000000052a4       0x64 e:/app/mrs2/mounriver_studio2/resources/app/resources/win32/components/wch/toolchain/risc-v embedded gcc12/bin/../lib/gcc/riscv-wch-elf/12.2.0/../../../../riscv-wch-elf/lib/rv32imac_xw/ilp32\libg_nano.a(lib_a-findfp.o)
 .text._cleanup_r
                0x0000000000005308        0xa e:/app/mrs2/mounriver_studio2/resources/app/resources/win32/components/wch/toolchain/risc-v embedded gcc12/bin/../lib/gcc/riscv-wch-elf/12.2.0/../../../../riscv-wch-elf/lib/rv32imac_xw/ilp32\libg_nano.a(lib_a-findfp.o)
                0x0000000000005308                _cleanup_r
 .text.__sfmoreglue
                0x0000000000005312       0x44 e:/app/mrs2/mounriver_studio2/resources/app/resources/win32/components/wch/toolchain/risc-v embedded gcc12/bin/../lib/gcc/riscv-wch-elf/12.2.0/../../../../riscv-wch-elf/lib/rv32imac_xw/ilp32\libg_nano.a(lib_a-findfp.o)
                0x0000000000005312                __sfmoreglue
 .text.__sfp_lock_acquire
                0x0000000000005356        0x6 e:/app/mrs2/mounriver_studio2/resources/app/resources/win32/components/wch/toolchain/risc-v embedded gcc12/bin/../lib/gcc/riscv-wch-elf/12.2.0/../../../../riscv-wch-elf/lib/rv32imac_xw/ilp32\libg_nano.a(lib_a-findfp.o)
                0x0000000000005356                __sfp_lock_acquire
 .text.__sfp_lock_release
                0x000000000000535c        0x6 e:/app/mrs2/mounriver_studio2/resources/app/resources/win32/components/wch/toolchain/risc-v embedded gcc12/bin/../lib/gcc/riscv-wch-elf/12.2.0/../../../../riscv-wch-elf/lib/rv32imac_xw/ilp32\libg_nano.a(lib_a-findfp.o)
                0x000000000000535c                __sfp_lock_release
 .text.__sinit_lock_acquire
                0x0000000000005362        0x6 e:/app/mrs2/mounriver_studio2/resources/app/resources/win32/components/wch/toolchain/risc-v embedded gcc12/bin/../lib/gcc/riscv-wch-elf/12.2.0/../../../../riscv-wch-elf/lib/rv32imac_xw/ilp32\libg_nano.a(lib_a-findfp.o)
                0x0000000000005362                __sinit_lock_acquire
 .text.__sinit_lock_release
                0x0000000000005368        0x6 e:/app/mrs2/mounriver_studio2/resources/app/resources/win32/components/wch/toolchain/risc-v embedded gcc12/bin/../lib/gcc/riscv-wch-elf/12.2.0/../../../../riscv-wch-elf/lib/rv32imac_xw/ilp32\libg_nano.a(lib_a-findfp.o)
                0x0000000000005368                __sinit_lock_release
 .text.__sinit  0x000000000000536e       0x68 e:/app/mrs2/mounriver_studio2/resources/app/resources/win32/components/wch/toolchain/risc-v embedded gcc12/bin/../lib/gcc/riscv-wch-elf/12.2.0/../../../../riscv-wch-elf/lib/rv32imac_xw/ilp32\libg_nano.a(lib_a-findfp.o)
                0x000000000000536e                __sinit
 .text.__sfp    0x00000000000053d6       0xa4 e:/app/mrs2/mounriver_studio2/resources/app/resources/win32/components/wch/toolchain/risc-v embedded gcc12/bin/../lib/gcc/riscv-wch-elf/12.2.0/../../../../riscv-wch-elf/lib/rv32imac_xw/ilp32\libg_nano.a(lib_a-findfp.o)
                0x00000000000053d6                __sfp
 .text._fwalk_reent
                0x000000000000547a       0x68 e:/app/mrs2/mounriver_studio2/resources/app/resources/win32/components/wch/toolchain/risc-v embedded gcc12/bin/../lib/gcc/riscv-wch-elf/12.2.0/../../../../riscv-wch-elf/lib/rv32imac_xw/ilp32\libg_nano.a(lib_a-fwalk.o)
                0x000000000000547a                _fwalk_reent
 .text.__retarget_lock_init_recursive
                0x00000000000054e2        0x2 e:/app/mrs2/mounriver_studio2/resources/app/resources/win32/components/wch/toolchain/risc-v embedded gcc12/bin/../lib/gcc/riscv-wch-elf/12.2.0/../../../../riscv-wch-elf/lib/rv32imac_xw/ilp32\libg_nano.a(lib_a-lock.o)
                0x00000000000054e2                __retarget_lock_init_recursive
 .text.__retarget_lock_acquire_recursive
                0x00000000000054e4        0x2 e:/app/mrs2/mounriver_studio2/resources/app/resources/win32/components/wch/toolchain/risc-v embedded gcc12/bin/../lib/gcc/riscv-wch-elf/12.2.0/../../../../riscv-wch-elf/lib/rv32imac_xw/ilp32\libg_nano.a(lib_a-lock.o)
                0x00000000000054e4                __retarget_lock_acquire_recursive
 .text.__retarget_lock_release_recursive
                0x00000000000054e6        0x2 e:/app/mrs2/mounriver_studio2/resources/app/resources/win32/components/wch/toolchain/risc-v embedded gcc12/bin/../lib/gcc/riscv-wch-elf/12.2.0/../../../../riscv-wch-elf/lib/rv32imac_xw/ilp32\libg_nano.a(lib_a-lock.o)
                0x00000000000054e6                __retarget_lock_release_recursive
 .text.__swhatbuf_r
                0x00000000000054e8       0x58 e:/app/mrs2/mounriver_studio2/resources/app/resources/win32/components/wch/toolchain/risc-v embedded gcc12/bin/../lib/gcc/riscv-wch-elf/12.2.0/../../../../riscv-wch-elf/lib/rv32imac_xw/ilp32\libg_nano.a(lib_a-makebuf.o)
                0x00000000000054e8                __swhatbuf_r
 .text.__smakebuf_r
                0x0000000000005540       0x92 e:/app/mrs2/mounriver_studio2/resources/app/resources/win32/components/wch/toolchain/risc-v embedded gcc12/bin/../lib/gcc/riscv-wch-elf/12.2.0/../../../../riscv-wch-elf/lib/rv32imac_xw/ilp32\libg_nano.a(lib_a-makebuf.o)
                0x0000000000005540                __smakebuf_r
 .text          0x00000000000055d2       0x10 e:/app/mrs2/mounriver_studio2/resources/app/resources/win32/components/wch/toolchain/risc-v embedded gcc12/bin/../lib/gcc/riscv-wch-elf/12.2.0/../../../../riscv-wch-elf/lib/rv32imac_xw/ilp32\libg_nano.a(lib_a-memset.o)
                0x00000000000055d2                memset
 .text._free_r  0x00000000000055e2       0x9e e:/app/mrs2/mounriver_studio2/resources/app/resources/win32/components/wch/toolchain/risc-v embedded gcc12/bin/../lib/gcc/riscv-wch-elf/12.2.0/../../../../riscv-wch-elf/lib/rv32imac_xw/ilp32\libg_nano.a(lib_a-nano-freer.o)
                0x00000000000055e2                _free_r
 .text.sbrk_aligned
                0x0000000000005680       0x54 e:/app/mrs2/mounriver_studio2/resources/app/resources/win32/components/wch/toolchain/risc-v embedded gcc12/bin/../lib/gcc/riscv-wch-elf/12.2.0/../../../../riscv-wch-elf/lib/rv32imac_xw/ilp32\libg_nano.a(lib_a-nano-mallocr.o)
 .text._malloc_r
                0x00000000000056d4      0x108 e:/app/mrs2/mounriver_studio2/resources/app/resources/win32/components/wch/toolchain/risc-v embedded gcc12/bin/../lib/gcc/riscv-wch-elf/12.2.0/../../../../riscv-wch-elf/lib/rv32imac_xw/ilp32\libg_nano.a(lib_a-nano-mallocr.o)
                0x00000000000056d4                _malloc_r
 .text.__sfputc_r
                0x00000000000057dc       0x28 e:/app/mrs2/mounriver_studio2/resources/app/resources/win32/components/wch/toolchain/risc-v embedded gcc12/bin/../lib/gcc/riscv-wch-elf/12.2.0/../../../../riscv-wch-elf/lib/rv32imac_xw/ilp32\libg_nano.a(lib_a-nano-vfprintf.o)
 .text.__sfputs_r
                0x0000000000005804       0x40 e:/app/mrs2/mounriver_studio2/resources/app/resources/win32/components/wch/toolchain/risc-v embedded gcc12/bin/../lib/gcc/riscv-wch-elf/12.2.0/../../../../riscv-wch-elf/lib/rv32imac_xw/ilp32\libg_nano.a(lib_a-nano-vfprintf.o)
                0x0000000000005804                __sfputs_r
 .text._vfprintf_r
                0x0000000000005844      0x2be e:/app/mrs2/mounriver_studio2/resources/app/resources/win32/components/wch/toolchain/risc-v embedded gcc12/bin/../lib/gcc/riscv-wch-elf/12.2.0/../../../../riscv-wch-elf/lib/rv32imac_xw/ilp32\libg_nano.a(lib_a-nano-vfprintf.o)
                0x0000000000005844                _vfprintf_r
                0x0000000000005844                _vfiprintf_r
 .text._sbrk_r  0x0000000000005b02       0x28 e:/app/mrs2/mounriver_studio2/resources/app/resources/win32/components/wch/toolchain/risc-v embedded gcc12/bin/../lib/gcc/riscv-wch-elf/12.2.0/../../../../riscv-wch-elf/lib/rv32imac_xw/ilp32\libg_nano.a(lib_a-sbrkr.o)
                0x0000000000005b02                _sbrk_r
 .text.__sread  0x0000000000005b2a       0x2c e:/app/mrs2/mounriver_studio2/resources/app/resources/win32/components/wch/toolchain/risc-v embedded gcc12/bin/../lib/gcc/riscv-wch-elf/12.2.0/../../../../riscv-wch-elf/lib/rv32imac_xw/ilp32\libg_nano.a(lib_a-stdio.o)
                0x0000000000005b2a                __sread
 .text.__swrite
                0x0000000000005b56       0x48 e:/app/mrs2/mounriver_studio2/resources/app/resources/win32/components/wch/toolchain/risc-v embedded gcc12/bin/../lib/gcc/riscv-wch-elf/12.2.0/../../../../riscv-wch-elf/lib/rv32imac_xw/ilp32\libg_nano.a(lib_a-stdio.o)
                0x0000000000005b56                __swrite
 .text.__sseek  0x0000000000005b9e       0x30 e:/app/mrs2/mounriver_studio2/resources/app/resources/win32/components/wch/toolchain/risc-v embedded gcc12/bin/../lib/gcc/riscv-wch-elf/12.2.0/../../../../riscv-wch-elf/lib/rv32imac_xw/ilp32\libg_nano.a(lib_a-stdio.o)
                0x0000000000005b9e                __sseek
 .text.__sclose
                0x0000000000005bce        0x6 e:/app/mrs2/mounriver_studio2/resources/app/resources/win32/components/wch/toolchain/risc-v embedded gcc12/bin/../lib/gcc/riscv-wch-elf/12.2.0/../../../../riscv-wch-elf/lib/rv32imac_xw/ilp32\libg_nano.a(lib_a-stdio.o)
                0x0000000000005bce                __sclose
 .text._write_r
                0x0000000000005bd4       0x2c e:/app/mrs2/mounriver_studio2/resources/app/resources/win32/components/wch/toolchain/risc-v embedded gcc12/bin/../lib/gcc/riscv-wch-elf/12.2.0/../../../../riscv-wch-elf/lib/rv32imac_xw/ilp32\libg_nano.a(lib_a-writer.o)
                0x0000000000005bd4                _write_r
 .text._close_r
                0x0000000000005c00       0x26 e:/app/mrs2/mounriver_studio2/resources/app/resources/win32/components/wch/toolchain/risc-v embedded gcc12/bin/../lib/gcc/riscv-wch-elf/12.2.0/../../../../riscv-wch-elf/lib/rv32imac_xw/ilp32\libg_nano.a(lib_a-closer.o)
                0x0000000000005c00                _close_r
 .text._fstat_r
                0x0000000000005c26       0x28 e:/app/mrs2/mounriver_studio2/resources/app/resources/win32/components/wch/toolchain/risc-v embedded gcc12/bin/../lib/gcc/riscv-wch-elf/12.2.0/../../../../riscv-wch-elf/lib/rv32imac_xw/ilp32\libg_nano.a(lib_a-fstatr.o)
                0x0000000000005c26                _fstat_r
 .text._isatty_r
                0x0000000000005c4e       0x26 e:/app/mrs2/mounriver_studio2/resources/app/resources/win32/components/wch/toolchain/risc-v embedded gcc12/bin/../lib/gcc/riscv-wch-elf/12.2.0/../../../../riscv-wch-elf/lib/rv32imac_xw/ilp32\libg_nano.a(lib_a-isattyr.o)
                0x0000000000005c4e                _isatty_r
 .text._lseek_r
                0x0000000000005c74       0x2a e:/app/mrs2/mounriver_studio2/resources/app/resources/win32/components/wch/toolchain/risc-v embedded gcc12/bin/../lib/gcc/riscv-wch-elf/12.2.0/../../../../riscv-wch-elf/lib/rv32imac_xw/ilp32\libg_nano.a(lib_a-lseekr.o)
                0x0000000000005c74                _lseek_r
 .text.memchr   0x0000000000005c9e       0x18 e:/app/mrs2/mounriver_studio2/resources/app/resources/win32/components/wch/toolchain/risc-v embedded gcc12/bin/../lib/gcc/riscv-wch-elf/12.2.0/../../../../riscv-wch-elf/lib/rv32imac_xw/ilp32\libg_nano.a(lib_a-memchr.o)
                0x0000000000005c9e                memchr
 .text.__malloc_lock
                0x0000000000005cb6        0x8 e:/app/mrs2/mounriver_studio2/resources/app/resources/win32/components/wch/toolchain/risc-v embedded gcc12/bin/../lib/gcc/riscv-wch-elf/12.2.0/../../../../riscv-wch-elf/lib/rv32imac_xw/ilp32\libg_nano.a(lib_a-mlock.o)
                0x0000000000005cb6                __malloc_lock
 .text.__malloc_unlock
                0x0000000000005cbe        0x8 e:/app/mrs2/mounriver_studio2/resources/app/resources/win32/components/wch/toolchain/risc-v embedded gcc12/bin/../lib/gcc/riscv-wch-elf/12.2.0/../../../../riscv-wch-elf/lib/rv32imac_xw/ilp32\libg_nano.a(lib_a-mlock.o)
                0x0000000000005cbe                __malloc_unlock
 .text._printf_common
                0x0000000000005cc6      0x110 e:/app/mrs2/mounriver_studio2/resources/app/resources/win32/components/wch/toolchain/risc-v embedded gcc12/bin/../lib/gcc/riscv-wch-elf/12.2.0/../../../../riscv-wch-elf/lib/rv32imac_xw/ilp32\libg_nano.a(lib_a-nano-vfprintf_i.o)
                0x0000000000005cc6                _printf_common
 .text._printf_i
                0x0000000000005dd6      0x27c e:/app/mrs2/mounriver_studio2/resources/app/resources/win32/components/wch/toolchain/risc-v embedded gcc12/bin/../lib/gcc/riscv-wch-elf/12.2.0/../../../../riscv-wch-elf/lib/rv32imac_xw/ilp32\libg_nano.a(lib_a-nano-vfprintf_i.o)
                0x0000000000005dd6                _printf_i
 .text._read_r  0x0000000000006052       0x2a e:/app/mrs2/mounriver_studio2/resources/app/resources/win32/components/wch/toolchain/risc-v embedded gcc12/bin/../lib/gcc/riscv-wch-elf/12.2.0/../../../../riscv-wch-elf/lib/rv32imac_xw/ilp32\libg_nano.a(lib_a-readr.o)
                0x0000000000006052                _read_r
 .text._close   0x000000000000607c        0xc e:/app/mrs2/mounriver_studio2/resources/app/resources/win32/components/wch/toolchain/risc-v embedded gcc12/bin/../lib/gcc/riscv-wch-elf/12.2.0/../../../../riscv-wch-elf/lib/rv32imac_xw/ilp32\libnosys.a(close.o)
                0x000000000000607c                _close
 .text._fstat   0x0000000000006088        0xc e:/app/mrs2/mounriver_studio2/resources/app/resources/win32/components/wch/toolchain/risc-v embedded gcc12/bin/../lib/gcc/riscv-wch-elf/12.2.0/../../../../riscv-wch-elf/lib/rv32imac_xw/ilp32\libnosys.a(fstat.o)
                0x0000000000006088                _fstat
 .text._isatty  0x0000000000006094        0xc e:/app/mrs2/mounriver_studio2/resources/app/resources/win32/components/wch/toolchain/risc-v embedded gcc12/bin/../lib/gcc/riscv-wch-elf/12.2.0/../../../../riscv-wch-elf/lib/rv32imac_xw/ilp32\libnosys.a(isatty.o)
                0x0000000000006094                _isatty
 .text._lseek   0x00000000000060a0        0xc e:/app/mrs2/mounriver_studio2/resources/app/resources/win32/components/wch/toolchain/risc-v embedded gcc12/bin/../lib/gcc/riscv-wch-elf/12.2.0/../../../../riscv-wch-elf/lib/rv32imac_xw/ilp32\libnosys.a(lseek.o)
                0x00000000000060a0                _lseek
 .text._read    0x00000000000060ac        0xc e:/app/mrs2/mounriver_studio2/resources/app/resources/win32/components/wch/toolchain/risc-v embedded gcc12/bin/../lib/gcc/riscv-wch-elf/12.2.0/../../../../riscv-wch-elf/lib/rv32imac_xw/ilp32\libnosys.a(read.o)
                0x00000000000060ac                _read
 *(.text)
 *(.text.*)
 .text.tmos_msg_extract
                0x00000000000060b8       0x1e ./sdk/LIB\libwchble.a(message.o)
                0x00000000000060b8                tmos_msg_extract
 .text.tmos_msg_deallocate
                0x00000000000060d6       0x4a ./sdk/LIB\libwchble.a(message.o)
                0x00000000000060d6                tmos_msg_deallocate
 .text.tmos_msg_send
                0x0000000000006120       0x8e ./sdk/LIB\libwchble.a(message.o)
                0x0000000000006120                tmos_msg_send
 .text.tmos_msg_init
                0x00000000000061ae        0xa ./sdk/LIB\libwchble.a(message.o)
                0x00000000000061ae                tmos_msg_init
 .text.TMOS_CB_PeriodicProcessEvent
                0x00000000000061b8       0x86 ./sdk/LIB\libwchble.a(tmos.o)
                0x00000000000061b8                TMOS_CB_PeriodicProcessEvent
 .text.TMOS_CB_ProcessEvent
                0x000000000000623e       0x82 ./sdk/LIB\libwchble.a(tmos.o)
                0x000000000000623e                TMOS_CB_ProcessEvent
 .text.tmos_set_event
                0x00000000000062c0       0x46 ./sdk/LIB\libwchble.a(tmos.o)
                0x00000000000062c0                tmos_set_event
 .text.tmos_clear_event
                0x0000000000006306       0x4a ./sdk/LIB\libwchble.a(tmos.o)
                0x0000000000006306                tmos_clear_event
 .text.tmos_start_task
                0x0000000000006350      0x15c ./sdk/LIB\libwchble.a(tmos.o)
                0x0000000000006350                tmos_start_task
 .text.tmos_start_reload_task
                0x00000000000064ac       0x72 ./sdk/LIB\libwchble.a(tmos.o)
                0x00000000000064ac                tmos_start_reload_task
 .text.tmos_stop_task
                0x000000000000651e       0x6e ./sdk/LIB\libwchble.a(tmos.o)
                0x000000000000651e                tmos_stop_task
 .text.TMOS_TimerRegister
                0x000000000000658c       0x1e ./sdk/LIB\libwchble.a(tmos.o)
                0x000000000000658c                TMOS_TimerRegister
 .text.TMOS_Init
                0x00000000000065aa      0x11e ./sdk/LIB\libwchble.a(tmos.o)
                0x00000000000065aa                TMOS_Init
 .text.TMOS_ProcessEventRegister
                0x00000000000066c8       0x3c ./sdk/LIB\libwchble.a(tmos.o)
                0x00000000000066c8                TMOS_ProcessEventRegister
 .text.BLE_LibInit
                0x0000000000006704      0x142 ./sdk/LIB\libwchble.a(tmos.o)
                0x0000000000006704                BLE_LibInit
 .text.clockGetTickValve
                0x0000000000006846       0x7e ./sdk/LIB\libwchble.a(tmos_hw.o)
 .text.TMOS_TimerInit
                0x00000000000068c4       0xfe ./sdk/LIB\libwchble.a(tmos_hw.o)
                0x00000000000068c4                TMOS_TimerInit
 .text.tmos_snv_init
                0x00000000000069c2       0xb4 ./sdk/LIB\libwchble.a(tmos_snv.o)
                0x00000000000069c2                tmos_snv_init
 .text.LL_ScanSetRF
                0x0000000000006a76      0x16e ./sdk/LIB\libwchble.a(ll_scan.o)
                0x0000000000006a76                LL_ScanSetRF
 .text.BB_DevInit
                0x0000000000006be4       0x5c ./sdk/LIB\libwchble.a(bb.o)
                0x0000000000006be4                BB_DevInit
 .text.BLE_SetPHYTxMode
                0x0000000000006c40      0x15a ./sdk/LIB\libwchble.a(ip.o)
                0x0000000000006c40                BLE_SetPHYTxMode
 .text.BLE_SetPHYRxMode
                0x0000000000006d9a      0x11a ./sdk/LIB\libwchble.a(ip.o)
                0x0000000000006d9a                BLE_SetPHYRxMode
 .text.ll_multi_states_process
                0x0000000000006eb4       0xa6 ./sdk/LIB\libwchble.a(ip.o)
                0x0000000000006eb4                ll_multi_states_process
 .text.ble_ll_hw_api_shut
                0x0000000000006f5a       0x84 ./sdk/LIB\libwchble.a(ip.o)
                0x0000000000006f5a                ble_ll_hw_api_shut
 .text.phy_status_clear
                0x0000000000006fde      0x104 ./sdk/LIB\libwchble.a(ip.o)
                0x0000000000006fde                phy_status_clear
 .text.BLE_RegInit
                0x00000000000070e2       0xfa ./sdk/LIB\libwchble.a(ip.o)
                0x00000000000070e2                BLE_RegInit
 .text.LLE_DevInit
                0x00000000000071dc       0x40 ./sdk/LIB\libwchble.a(lle.o)
                0x00000000000071dc                LLE_DevInit
 .text.RF_DevSetChannel
                0x000000000000721c       0xc6 ./sdk/LIB\libwchble.a(rf_fh.o)
                0x000000000000721c                RF_DevSetChannel
 .text.rf_stop  0x00000000000072e2       0x18 ./sdk/LIB\libwchble.a(rf_fh.o)
                0x00000000000072e2                rf_stop
 .text.RF_Rx    0x00000000000072fa      0x290 ./sdk/LIB\libwchble.a(rf_fh.o)
                0x00000000000072fa                RF_Rx
 .text.rf_rx_basic_rxProcess
                0x000000000000758a      0x298 ./sdk/LIB\libwchble.a(rf_fh.o)
 .text.rf_rx_auto_rxProcess
                0x0000000000007822      0x2c8 ./sdk/LIB\libwchble.a(rf_fh.o)
 .text.rf_rx_auto_txProcess
                0x0000000000007aea       0xb8 ./sdk/LIB\libwchble.a(rf_fh.o)
 .text.RFEND_RXFilter
                0x0000000000007ba2       0x94 ./sdk/LIB\libwchble.a(rfend.o)
                0x0000000000007ba2                RFEND_RXFilter
 .text.RFEND_RXAdc
                0x0000000000007c36       0x3a ./sdk/LIB\libwchble.a(rfend.o)
                0x0000000000007c36                RFEND_RXAdc
 .text.RFEND_TXCtune
                0x0000000000007c70      0xd20 ./sdk/LIB\libwchble.a(rfend.o)
                0x0000000000007c70                RFEND_TXCtune
 .text.RFEND_TXFtune
                0x0000000000008990       0x14 ./sdk/LIB\libwchble.a(rfend.o)
                0x0000000000008990                RFEND_TXFtune
 .text.tmos_memory_getlen
                0x00000000000089a4       0x2c ./sdk/LIB\libwchble.a(memory.o)
                0x00000000000089a4                tmos_memory_getlen
 .text.tmos_memory_init
                0x00000000000089d0       0x78 ./sdk/LIB\libwchble.a(memory.o)
                0x00000000000089d0                tmos_memory_init
 .text.LL_InitiateSetRF
                0x0000000000008a48      0x164 ./sdk/LIB\libwchble.a(ll_initiate.o)
                0x0000000000008a48                LL_InitiateSetRF
 *(.rodata)
 .rodata        0x0000000000008bac       0x4f build\.objs\CH32V208GBU_Templete\cross\riscv\debug\sdk\HAL\MCU.c.o
 *fill*         0x0000000000008bfb        0x1 
 .rodata        0x0000000000008bfc       0x17 build\.objs\CH32V208GBU_Templete\cross\riscv\debug\sdk\HAL\RTC.c.o
 *fill*         0x0000000000008c13        0x1 
 .rodata        0x0000000000008c14      0x168 build\.objs\CH32V208GBU_Templete\cross\riscv\debug\bsp\drv_gpio.c.o
 .rodata        0x0000000000008d7c      0x153 build\.objs\CH32V208GBU_Templete\cross\riscv\debug\task\tmos_led_task.c.o
 *(.rodata*)
 *fill*         0x0000000000008ecf        0x1 
 .rodata.gpio_pins
                0x0000000000008ed0      0x400 build\.objs\CH32V208GBU_Templete\cross\riscv\debug\bsp\drv_gpio.c.o
 .rodata.gpio_mode
                0x00000000000092d0       0x14 build\.objs\CH32V208GBU_Templete\cross\riscv\debug\bsp\drv_gpio.c.o
 .rodata.VER_LIB
                0x00000000000092e4       0x17 ./sdk/LIB\libwchble.a(ip.o)
                0x00000000000092e4                VER_LIB
 *fill*         0x00000000000092fb        0x1 
 .rodata.__clz_tab
                0x00000000000092fc      0x100 e:/app/mrs2/mounriver_studio2/resources/app/resources/win32/components/wch/toolchain/risc-v embedded gcc12/bin/../lib/gcc/riscv-wch-elf/12.2.0/rv32imac_xw/ilp32\libgcc.a(_clz.o)
                0x00000000000092fc                __clz_tab
 .rodata.__sf_fake_stderr
                0x00000000000093fc       0x20 e:/app/mrs2/mounriver_studio2/resources/app/resources/win32/components/wch/toolchain/risc-v embedded gcc12/bin/../lib/gcc/riscv-wch-elf/12.2.0/../../../../riscv-wch-elf/lib/rv32imac_xw/ilp32\libg_nano.a(lib_a-findfp.o)
                0x00000000000093fc                __sf_fake_stderr
 .rodata.__sf_fake_stdout
                0x000000000000941c       0x20 e:/app/mrs2/mounriver_studio2/resources/app/resources/win32/components/wch/toolchain/risc-v embedded gcc12/bin/../lib/gcc/riscv-wch-elf/12.2.0/../../../../riscv-wch-elf/lib/rv32imac_xw/ilp32\libg_nano.a(lib_a-findfp.o)
                0x000000000000941c                __sf_fake_stdout
 .rodata.__sf_fake_stdin
                0x000000000000943c       0x20 e:/app/mrs2/mounriver_studio2/resources/app/resources/win32/components/wch/toolchain/risc-v embedded gcc12/bin/../lib/gcc/riscv-wch-elf/12.2.0/../../../../riscv-wch-elf/lib/rv32imac_xw/ilp32\libg_nano.a(lib_a-findfp.o)
                0x000000000000943c                __sf_fake_stdin
 .rodata._vfprintf_r.str1.4
                0x000000000000945c       0x13 e:/app/mrs2/mounriver_studio2/resources/app/resources/win32/components/wch/toolchain/risc-v embedded gcc12/bin/../lib/gcc/riscv-wch-elf/12.2.0/../../../../riscv-wch-elf/lib/rv32imac_xw/ilp32\libg_nano.a(lib_a-nano-vfprintf.o)
 *fill*         0x000000000000946f        0x1 
 .rodata._printf_i.str1.4
                0x0000000000009470       0x25 e:/app/mrs2/mounriver_studio2/resources/app/resources/win32/components/wch/toolchain/risc-v embedded gcc12/bin/../lib/gcc/riscv-wch-elf/12.2.0/../../../../riscv-wch-elf/lib/rv32imac_xw/ilp32\libg_nano.a(lib_a-nano-vfprintf_i.o)
 *fill*         0x0000000000009495        0x3 
 .rodata._printf_i
                0x0000000000009498       0x58 e:/app/mrs2/mounriver_studio2/resources/app/resources/win32/components/wch/toolchain/risc-v embedded gcc12/bin/../lib/gcc/riscv-wch-elf/12.2.0/../../../../riscv-wch-elf/lib/rv32imac_xw/ilp32\libg_nano.a(lib_a-nano-vfprintf_i.o)
 *(.sdata2.*)
 *(.glue_7)
 *(.glue_7t)
 *(.gnu.linkonce.t.*)
                0x00000000000094f0                . = ALIGN (0x4)

.rela.dyn       0x00000000000094f0        0x0
 .rela.init     0x00000000000094f0        0x0 build\.objs\CH32V208GBU_Templete\cross\riscv\debug\sdk\Startup\startup_ch32v20x_D8W.S.o
 .rela.vector   0x00000000000094f0        0x0 build\.objs\CH32V208GBU_Templete\cross\riscv\debug\sdk\Startup\startup_ch32v20x_D8W.S.o
 .rela.text.handle_reset
                0x00000000000094f0        0x0 build\.objs\CH32V208GBU_Templete\cross\riscv\debug\sdk\Startup\startup_ch32v20x_D8W.S.o
 .rela.text._sbrk
                0x00000000000094f0        0x0 build\.objs\CH32V208GBU_Templete\cross\riscv\debug\sdk\Startup\startup_ch32v20x_D8W.S.o
 .rela.sdata.curbrk.0
                0x00000000000094f0        0x0 build\.objs\CH32V208GBU_Templete\cross\riscv\debug\sdk\Startup\startup_ch32v20x_D8W.S.o
 .rela.highcode
                0x00000000000094f0        0x0 build\.objs\CH32V208GBU_Templete\cross\riscv\debug\sdk\Startup\startup_ch32v20x_D8W.S.o
 .rela.text.tmos_msg_send
                0x00000000000094f0        0x0 build\.objs\CH32V208GBU_Templete\cross\riscv\debug\sdk\Startup\startup_ch32v20x_D8W.S.o
 .rela.text.tmos_msg_init
                0x00000000000094f0        0x0 build\.objs\CH32V208GBU_Templete\cross\riscv\debug\sdk\Startup\startup_ch32v20x_D8W.S.o
 .rela.text.TMOS_CB_PeriodicProcessEvent
                0x00000000000094f0        0x0 build\.objs\CH32V208GBU_Templete\cross\riscv\debug\sdk\Startup\startup_ch32v20x_D8W.S.o
 .rela.text.TMOS_CB_ProcessEvent
                0x00000000000094f0        0x0 build\.objs\CH32V208GBU_Templete\cross\riscv\debug\sdk\Startup\startup_ch32v20x_D8W.S.o
 .rela.text.tmos_set_event
                0x00000000000094f0        0x0 build\.objs\CH32V208GBU_Templete\cross\riscv\debug\sdk\Startup\startup_ch32v20x_D8W.S.o
 .rela.text.tmos_clear_event
                0x00000000000094f0        0x0 build\.objs\CH32V208GBU_Templete\cross\riscv\debug\sdk\Startup\startup_ch32v20x_D8W.S.o
 .rela.text.tmos_start_task
                0x00000000000094f0        0x0 build\.objs\CH32V208GBU_Templete\cross\riscv\debug\sdk\Startup\startup_ch32v20x_D8W.S.o
 .rela.text.tmos_start_reload_task
                0x00000000000094f0        0x0 build\.objs\CH32V208GBU_Templete\cross\riscv\debug\sdk\Startup\startup_ch32v20x_D8W.S.o
 .rela.text.tmos_stop_task
                0x00000000000094f0        0x0 build\.objs\CH32V208GBU_Templete\cross\riscv\debug\sdk\Startup\startup_ch32v20x_D8W.S.o
 .rela.text.TMOS_TimerRegister
                0x00000000000094f0        0x0 build\.objs\CH32V208GBU_Templete\cross\riscv\debug\sdk\Startup\startup_ch32v20x_D8W.S.o
 .rela.text.TMOS_Init
                0x00000000000094f0        0x0 build\.objs\CH32V208GBU_Templete\cross\riscv\debug\sdk\Startup\startup_ch32v20x_D8W.S.o
 .rela.text.TMOS_ProcessEventRegister
                0x00000000000094f0        0x0 build\.objs\CH32V208GBU_Templete\cross\riscv\debug\sdk\Startup\startup_ch32v20x_D8W.S.o
 .rela.text.BLE_LibInit
                0x00000000000094f0        0x0 build\.objs\CH32V208GBU_Templete\cross\riscv\debug\sdk\Startup\startup_ch32v20x_D8W.S.o
 .rela.text.clockGetTickValve
                0x00000000000094f0        0x0 build\.objs\CH32V208GBU_Templete\cross\riscv\debug\sdk\Startup\startup_ch32v20x_D8W.S.o
 .rela.text.TMOS_TimerInit
                0x00000000000094f0        0x0 build\.objs\CH32V208GBU_Templete\cross\riscv\debug\sdk\Startup\startup_ch32v20x_D8W.S.o
 .rela.text.tmos_snv_init
                0x00000000000094f0        0x0 build\.objs\CH32V208GBU_Templete\cross\riscv\debug\sdk\Startup\startup_ch32v20x_D8W.S.o
 .rela.text.LL_ScanSetRF
                0x00000000000094f0        0x0 build\.objs\CH32V208GBU_Templete\cross\riscv\debug\sdk\Startup\startup_ch32v20x_D8W.S.o
 .rela.text.BB_DevInit
                0x00000000000094f0        0x0 build\.objs\CH32V208GBU_Templete\cross\riscv\debug\sdk\Startup\startup_ch32v20x_D8W.S.o
 .rela.text.BLE_SetPHYTxMode
                0x00000000000094f0        0x0 build\.objs\CH32V208GBU_Templete\cross\riscv\debug\sdk\Startup\startup_ch32v20x_D8W.S.o
 .rela.text.BLE_SetPHYRxMode
                0x00000000000094f0        0x0 build\.objs\CH32V208GBU_Templete\cross\riscv\debug\sdk\Startup\startup_ch32v20x_D8W.S.o
 .rela.text.ll_multi_states_process
                0x00000000000094f0        0x0 build\.objs\CH32V208GBU_Templete\cross\riscv\debug\sdk\Startup\startup_ch32v20x_D8W.S.o
 .rela.text.ble_ll_hw_api_shut
                0x00000000000094f0        0x0 build\.objs\CH32V208GBU_Templete\cross\riscv\debug\sdk\Startup\startup_ch32v20x_D8W.S.o
 .rela.text.phy_status_clear
                0x00000000000094f0        0x0 build\.objs\CH32V208GBU_Templete\cross\riscv\debug\sdk\Startup\startup_ch32v20x_D8W.S.o
 .rela.text.BLE_RegInit
                0x00000000000094f0        0x0 build\.objs\CH32V208GBU_Templete\cross\riscv\debug\sdk\Startup\startup_ch32v20x_D8W.S.o
 .rela.text.LLE_DevInit
                0x00000000000094f0        0x0 build\.objs\CH32V208GBU_Templete\cross\riscv\debug\sdk\Startup\startup_ch32v20x_D8W.S.o
 .rela.text.RF_DevSetChannel
                0x00000000000094f0        0x0 build\.objs\CH32V208GBU_Templete\cross\riscv\debug\sdk\Startup\startup_ch32v20x_D8W.S.o
 .rela.text.rf_stop
                0x00000000000094f0        0x0 build\.objs\CH32V208GBU_Templete\cross\riscv\debug\sdk\Startup\startup_ch32v20x_D8W.S.o
 .rela.text.RF_Rx
                0x00000000000094f0        0x0 build\.objs\CH32V208GBU_Templete\cross\riscv\debug\sdk\Startup\startup_ch32v20x_D8W.S.o
 .rela.text.rf_rx_basic_rxProcess
                0x00000000000094f0        0x0 build\.objs\CH32V208GBU_Templete\cross\riscv\debug\sdk\Startup\startup_ch32v20x_D8W.S.o
 .rela.text.rf_rx_auto_rxProcess
                0x00000000000094f0        0x0 build\.objs\CH32V208GBU_Templete\cross\riscv\debug\sdk\Startup\startup_ch32v20x_D8W.S.o
 .rela.text.rf_rx_auto_txProcess
                0x00000000000094f0        0x0 build\.objs\CH32V208GBU_Templete\cross\riscv\debug\sdk\Startup\startup_ch32v20x_D8W.S.o
 .rela.text.RFEND_RXFilter
                0x00000000000094f0        0x0 build\.objs\CH32V208GBU_Templete\cross\riscv\debug\sdk\Startup\startup_ch32v20x_D8W.S.o
 .rela.text.RFEND_RXAdc
                0x00000000000094f0        0x0 build\.objs\CH32V208GBU_Templete\cross\riscv\debug\sdk\Startup\startup_ch32v20x_D8W.S.o
 .rela.text.RFEND_TXCtune
                0x00000000000094f0        0x0 build\.objs\CH32V208GBU_Templete\cross\riscv\debug\sdk\Startup\startup_ch32v20x_D8W.S.o
 .rela.text.RFEND_TXFtune
                0x00000000000094f0        0x0 build\.objs\CH32V208GBU_Templete\cross\riscv\debug\sdk\Startup\startup_ch32v20x_D8W.S.o
 .rela.text.tmos_memory_getlen
                0x00000000000094f0        0x0 build\.objs\CH32V208GBU_Templete\cross\riscv\debug\sdk\Startup\startup_ch32v20x_D8W.S.o
 .rela.text.tmos_memory_init
                0x00000000000094f0        0x0 build\.objs\CH32V208GBU_Templete\cross\riscv\debug\sdk\Startup\startup_ch32v20x_D8W.S.o
 .rela.text.LL_InitiateSetRF
                0x00000000000094f0        0x0 build\.objs\CH32V208GBU_Templete\cross\riscv\debug\sdk\Startup\startup_ch32v20x_D8W.S.o
 .rela.text._vfprintf_r
                0x00000000000094f0        0x0 build\.objs\CH32V208GBU_Templete\cross\riscv\debug\sdk\Startup\startup_ch32v20x_D8W.S.o

.fini           0x00000000000094f0        0x0
 *(SORT_NONE(.fini))
                0x00000000000094f0                . = ALIGN (0x4)
                [!provide]                        PROVIDE (_etext = .)
                [!provide]                        PROVIDE (_eitcm = .)

.preinit_array  0x00000000000094f0        0x0
                [!provide]                        PROVIDE (__preinit_array_start = .)
 *(.preinit_array)
                [!provide]                        PROVIDE (__preinit_array_end = .)

.init_array     0x00000000000094f0        0x0
                [!provide]                        PROVIDE (__init_array_start = .)
 *(SORT_BY_INIT_PRIORITY(.init_array.*) SORT_BY_INIT_PRIORITY(.ctors.*))
 *(.init_array EXCLUDE_FILE(*crtend?.o *crtend.o *crtbegin?.o *crtbegin.o) .ctors)
                [!provide]                        PROVIDE (__init_array_end = .)

.fini_array     0x00000000000094f0        0x0
                [!provide]                        PROVIDE (__fini_array_start = .)
 *(SORT_BY_INIT_PRIORITY(.fini_array.*) SORT_BY_INIT_PRIORITY(.dtors.*))
 *(.fini_array EXCLUDE_FILE(*crtend?.o *crtend.o *crtbegin?.o *crtbegin.o) .dtors)
                [!provide]                        PROVIDE (__fini_array_end = .)

.ctors
 *crtbegin.o(.ctors)
 *crtbegin?.o(.ctors)
 *(EXCLUDE_FILE(*crtend?.o *crtend.o) .ctors)
 *(SORT_BY_NAME(.ctors.*))
 *(.ctors)

.dtors
 *crtbegin.o(.dtors)
 *crtbegin?.o(.dtors)
 *(EXCLUDE_FILE(*crtend?.o *crtend.o) .dtors)
 *(SORT_BY_NAME(.dtors.*))
 *(.dtors)

.dalign         0x0000000020000000        0x0 load address 0x00000000000094f0
                0x0000000020000000                . = ALIGN (0x4)
                0x0000000020000000                PROVIDE (_data_vma = .)

.dlalign        0x00000000000094f0        0x0
                0x00000000000094f0                . = ALIGN (0x4)
                0x00000000000094f0                PROVIDE (_data_lma = .)

.data           0x0000000020000000       0xac load address 0x00000000000094f0
 *(.gnu.linkonce.r.*)
 *(.data .data.*)
 .data.APBAHBPrescTable
                0x0000000020000000       0x10 build\.objs\CH32V208GBU_Templete\cross\riscv\debug\sdk\Peripheral\src\ch32v20x_rcc.c.o
 .data.AHBPrescTable
                0x0000000020000010       0x10 build\.objs\CH32V208GBU_Templete\cross\riscv\debug\APP\system_ch32v20x.c.o
                0x0000000020000010                AHBPrescTable
 .data.test_data
                0x0000000020000020        0xa build\.objs\CH32V208GBU_Templete\cross\riscv\debug\task\tmos_led_task.c.o
                0x0000000020000020                test_data
 *fill*         0x000000002000002a        0x2 
 .data.impure_data
                0x000000002000002c       0x60 e:/app/mrs2/mounriver_studio2/resources/app/resources/win32/components/wch/toolchain/risc-v embedded gcc12/bin/../lib/gcc/riscv-wch-elf/12.2.0/../../../../riscv-wch-elf/lib/rv32imac_xw/ilp32\libg_nano.a(lib_a-impure.o)
 *(.gnu.linkonce.d.*)
                0x0000000020000090                . = ALIGN (0x8)
 *fill*         0x000000002000008c        0x4 
                0x0000000020000890                PROVIDE (__global_pointer$ = (. + 0x800))
 *(.sdata .sdata.*)
 .sdata.ADCPrescTable
                0x0000000020000090        0x4 build\.objs\CH32V208GBU_Templete\cross\riscv\debug\sdk\Peripheral\src\ch32v20x_rcc.c.o
 .sdata.curbrk.0
                0x0000000020000094        0x4 build\.objs\CH32V208GBU_Templete\cross\riscv\debug\sdk\Debug\debug.c.o
 .sdata.SystemCoreClock
                0x0000000020000098        0x4 build\.objs\CH32V208GBU_Templete\cross\riscv\debug\APP\system_ch32v20x.c.o
                0x0000000020000098                SystemCoreClock
 .sdata.led_task_id
                0x000000002000009c        0x1 build\.objs\CH32V208GBU_Templete\cross\riscv\debug\task\tmos_led_task.c.o
                0x000000002000009c                led_task_id
 .sdata.ledMsg_task_id
                0x000000002000009d        0x1 build\.objs\CH32V208GBU_Templete\cross\riscv\debug\task\tmos_led_task.c.o
                0x000000002000009d                ledMsg_task_id
 *fill*         0x000000002000009e        0x2 
 .sdata._impure_ptr
                0x00000000200000a0        0x4 e:/app/mrs2/mounriver_studio2/resources/app/resources/win32/components/wch/toolchain/risc-v embedded gcc12/bin/../lib/gcc/riscv-wch-elf/12.2.0/../../../../riscv-wch-elf/lib/rv32imac_xw/ilp32\libg_nano.a(lib_a-impure.o)
                0x00000000200000a0                _impure_ptr
 *(.gnu.linkonce.s.*)
                0x00000000200000a8                . = ALIGN (0x8)
 *fill*         0x00000000200000a4        0x4 
 *(.srodata.cst16)
 *(.srodata.cst8)
 *(.srodata.cst4)
 *(.srodata.cst2)
 *(.srodata .srodata.*)
 .srodata._global_impure_ptr
                0x00000000200000a8        0x4 e:/app/mrs2/mounriver_studio2/resources/app/resources/win32/components/wch/toolchain/risc-v embedded gcc12/bin/../lib/gcc/riscv-wch-elf/12.2.0/../../../../riscv-wch-elf/lib/rv32imac_xw/ilp32\libg_nano.a(lib_a-impure.o)
                0x00000000200000a8                _global_impure_ptr
                0x00000000200000ac                . = ALIGN (0x4)
                0x00000000200000ac                PROVIDE (_edata = .)

.bss            0x00000000200000b0     0x201c load address 0x000000000000959c
                0x00000000200000b0                . = ALIGN (0x4)
                0x00000000200000b0                PROVIDE (_sbss = .)
 *(.sbss*)
 .sbss.p_us     0x00000000200000b0        0x1 build\.objs\CH32V208GBU_Templete\cross\riscv\debug\sdk\Debug\debug.c.o
 *fill*         0x00000000200000b1        0x1 
 .sbss.p_ms     0x00000000200000b2        0x2 build\.objs\CH32V208GBU_Templete\cross\riscv\debug\sdk\Debug\debug.c.o
 .sbss.halTaskID
                0x00000000200000b4        0x1 build\.objs\CH32V208GBU_Templete\cross\riscv\debug\sdk\HAL\MCU.c.o
                0x00000000200000b4                halTaskID
 *fill*         0x00000000200000b5        0x3 
 .sbss.g_LLE_IRQLibHandlerLocation
                0x00000000200000b8        0x4 build\.objs\CH32V208GBU_Templete\cross\riscv\debug\sdk\HAL\MCU.c.o
                0x00000000200000b8                g_LLE_IRQLibHandlerLocation
 .sbss.RTCTigFlag
                0x00000000200000bc        0x4 build\.objs\CH32V208GBU_Templete\cross\riscv\debug\sdk\HAL\RTC.c.o
                0x00000000200000bc                RTCTigFlag
 .sbss.pfnHandle
                0x00000000200000c0        0x4 ./sdk/LIB\libwchble.a(tmos.o)
                0x00000000200000c0                pfnHandle
 .sbss.tmosSign
                0x00000000200000c4        0x1 ./sdk/LIB\libwchble.a(tmos.o)
                0x00000000200000c4                tmosSign
 .sbss.l2capNumRecvDataPkts
                0x00000000200000c5        0x1 ./sdk/LIB\libwchble.a(l2cap.o)
                0x00000000200000c5                l2capNumRecvDataPkts
 .sbss.nCO2401  0x00000000200000c6        0x1 ./sdk/LIB\libwchble.a(rfend.o)
                0x00000000200000c6                nCO2401
 .sbss.nGA2401  0x00000000200000c7        0x1 ./sdk/LIB\libwchble.a(rfend.o)
                0x00000000200000c7                nGA2401
 .sbss.__lock___malloc_recursive_mutex
                0x00000000200000c8        0x1 e:/app/mrs2/mounriver_studio2/resources/app/resources/win32/components/wch/toolchain/risc-v embedded gcc12/bin/../lib/gcc/riscv-wch-elf/12.2.0/../../../../riscv-wch-elf/lib/rv32imac_xw/ilp32\libg_nano.a(lib_a-lock.o)
                0x00000000200000c8                __lock___malloc_recursive_mutex
 *fill*         0x00000000200000c9        0x3 
 .sbss.__lock___sfp_recursive_mutex
                0x00000000200000cc        0x1 e:/app/mrs2/mounriver_studio2/resources/app/resources/win32/components/wch/toolchain/risc-v embedded gcc12/bin/../lib/gcc/riscv-wch-elf/12.2.0/../../../../riscv-wch-elf/lib/rv32imac_xw/ilp32\libg_nano.a(lib_a-lock.o)
                0x00000000200000cc                __lock___sfp_recursive_mutex
 *fill*         0x00000000200000cd        0x3 
 .sbss.__lock___sinit_recursive_mutex
                0x00000000200000d0        0x1 e:/app/mrs2/mounriver_studio2/resources/app/resources/win32/components/wch/toolchain/risc-v embedded gcc12/bin/../lib/gcc/riscv-wch-elf/12.2.0/../../../../riscv-wch-elf/lib/rv32imac_xw/ilp32\libg_nano.a(lib_a-lock.o)
                0x00000000200000d0                __lock___sinit_recursive_mutex
 *fill*         0x00000000200000d1        0x3 
 .sbss.__malloc_sbrk_start
                0x00000000200000d4        0x4 e:/app/mrs2/mounriver_studio2/resources/app/resources/win32/components/wch/toolchain/risc-v embedded gcc12/bin/../lib/gcc/riscv-wch-elf/12.2.0/../../../../riscv-wch-elf/lib/rv32imac_xw/ilp32\libg_nano.a(lib_a-nano-mallocr.o)
                0x00000000200000d4                __malloc_sbrk_start
 .sbss.__malloc_free_list
                0x00000000200000d8        0x4 e:/app/mrs2/mounriver_studio2/resources/app/resources/win32/components/wch/toolchain/risc-v embedded gcc12/bin/../lib/gcc/riscv-wch-elf/12.2.0/../../../../riscv-wch-elf/lib/rv32imac_xw/ilp32\libg_nano.a(lib_a-nano-mallocr.o)
                0x00000000200000d8                __malloc_free_list
 .sbss.errno    0x00000000200000dc        0x4 e:/app/mrs2/mounriver_studio2/resources/app/resources/win32/components/wch/toolchain/risc-v embedded gcc12/bin/../lib/gcc/riscv-wch-elf/12.2.0/../../../../riscv-wch-elf/lib/rv32imac_xw/ilp32\libg_nano.a(lib_a-reent.o)
                0x00000000200000dc                errno
 *(.gnu.linkonce.sb.*)
 *(.bss*)
 .bss.gpio_irq_handlers
                0x00000000200000e0      0x100 build\.objs\CH32V208GBU_Templete\cross\riscv\debug\bsp\drv_gpio.c.o
 .bss.MEM_BUF   0x00000000200001e0     0x1c00 build\.objs\CH32V208GBU_Templete\cross\riscv\debug\APP\main.c.o
                0x00000000200001e0                MEM_BUF
 *(.gnu.linkonce.b.*)
 *(COMMON*)
 COMMON         0x0000000020001de0        0x4 ./sdk/LIB\libwchble.a(message.o)
                0x0000000020001de0                msg_qHead
 COMMON         0x0000000020001de4       0x98 ./sdk/LIB\libwchble.a(tmos.o)
                0x0000000020001de4                gTmosPara
                0x0000000020001e0c                tasksArr
                0x0000000020001e10                pfnProcessCBs
                0x0000000020001e24                eventsClear
                0x0000000020001e28                fnGetClockCBs
                0x0000000020001e2c                EventsArr
                0x0000000020001e30                taskHead
                0x0000000020001e34                ble
                0x0000000020001e74                cbTimersHead
                0x0000000020001e78                pfnTimerCBs
 COMMON         0x0000000020001e7c       0x14 ./sdk/LIB\libwchble.a(tmos_hw.o)
                0x0000000020001e7c                bleClock_t
                0x0000000020001e8c                pfnIrqProcessHandle
 COMMON         0x0000000020001e90      0x128 ./sdk/LIB\libwchble.a(ll.o)
                0x0000000020001e90                gBleLlPara
 COMMON         0x0000000020001fb8        0x4 ./sdk/LIB\libwchble.a(ll_scan.o)
                0x0000000020001fb8                pfnScanHandle
 COMMON         0x0000000020001fbc        0x4 ./sdk/LIB\libwchble.a(aes.o)
                0x0000000020001fbc                gptrAESReg
 COMMON         0x0000000020001fc0        0x4 ./sdk/LIB\libwchble.a(bb.o)
                0x0000000020001fc0                gptrBBReg
 COMMON         0x0000000020001fc4       0x30 ./sdk/LIB\libwchble.a(ip.o)
                0x0000000020001fc4                gPaControl
                0x0000000020001fc8                dtmFlag
                0x0000000020001fcc                gBleIPPara
 COMMON         0x0000000020001ff4        0x4 ./sdk/LIB\libwchble.a(lle.o)
                0x0000000020001ff4                gptrLLEReg
 COMMON         0x0000000020001ff8       0x44 ./sdk/LIB\libwchble.a(rf_fh.o)
                0x0000000020001ff8                rfConfig
                0x0000000020002018                rfInfo
 COMMON         0x000000002000203c       0x12 ./sdk/LIB\libwchble.a(rfend.o)
                0x000000002000203c                nGA2440
                0x0000000020002040                ftuneFlag
                0x0000000020002044                nGA2480
                0x0000000020002048                gptrRFENDReg
                0x000000002000204c                nCO2440
                0x000000002000204d                nCO2480
 *fill*         0x000000002000204e        0x2 
 COMMON         0x0000000020002050       0x6c ./sdk/LIB\libwchble.a(role.o)
                0x0000000020002050                gapRole_AdvEnabled
                0x0000000020002051                gapRole_AdvChanMap
                0x0000000020002052                gapRole_AdvEventType
                0x0000000020002053                gapRole_MasterAndSlave
                0x0000000020002054                gapRole_PeriodicAdvEnabled
                0x0000000020002055                gapRole_PHYTx
                0x0000000020002056                gapMaxScanRes
                0x0000000020002058                gapRole_AdvDirectAddr
                0x000000002000205e                gapRole_PHYRx
                0x0000000020002060                gapRole_OldSRK
                0x0000000020002070                gapRole_MinConnInterval
                0x0000000020002074                gapRole_state
                0x0000000020002078                gapRole_AdvDirectType
                0x000000002000207a                gapRole_MaxConnInterval
                0x000000002000207c                gapRole_IRK
                0x000000002000208c                gapRole_SRK
                0x000000002000209c                gapRole_profileRole
                0x000000002000209d                gapRole_TaskID
                0x00000000200020a0                gapRole_OldIRK
                0x00000000200020b0                gapRole_AdvFilterPolicy
                0x00000000200020b4                gapRole_bdAddr
                0x00000000200020ba                gapCentralTaskID
                0x00000000200020bb                gapRole_ConnextionlessCTEEnabled
 COMMON         0x00000000200020bc        0xc ./sdk/LIB\libwchble.a(memory.o)
                0x00000000200020bc                MemCtlEnd
                0x00000000200020c0                MemCtlPartition
                0x00000000200020c4                MemCtlStart
 COMMON         0x00000000200020c8        0x4 ./sdk/LIB\libwchble.a(ll_initiate.o)
                0x00000000200020c8                pfnInitHandle
                0x00000000200020cc                . = ALIGN (0x4)
                0x00000000200020cc                PROVIDE (_ebss = .)
                0x00000000200020cc                PROVIDE (_end = _ebss)
                [!provide]                        PROVIDE (end = .)

.stack          0x000000002000f800      0x800
                0x000000002000f800                PROVIDE (_heap_end = .)
                0x000000002000f800                . = ALIGN (0x4)
                [!provide]                        PROVIDE (_susrstack = .)
                0x0000000020010000                . = (. + __stack_size)
 *fill*         0x000000002000f800      0x800 
                0x0000000020010000                PROVIDE (_eusrstack = .)
OUTPUT(build\cross\riscv\debug\CH32V208GBU_Templete.elf elf32-littleriscv)

.riscv.attributes
                0x0000000000000000       0x3a
 .riscv.attributes
                0x0000000000000000       0x38 build\.objs\CH32V208GBU_Templete\cross\riscv\debug\sdk\Startup\startup_ch32v20x_D8W.S.o
 .riscv.attributes
                0x0000000000000038       0x38 build\.objs\CH32V208GBU_Templete\cross\riscv\debug\sdk\LIB\ble_task_scheduler.S.o
 .riscv.attributes
                0x0000000000000070       0x3a build\.objs\CH32V208GBU_Templete\cross\riscv\debug\sdk\Peripheral\src\ch32v20x_adc.c.o
 .riscv.attributes
                0x00000000000000aa       0x3a build\.objs\CH32V208GBU_Templete\cross\riscv\debug\sdk\Peripheral\src\ch32v20x_exti.c.o
 .riscv.attributes
                0x00000000000000e4       0x3a build\.objs\CH32V208GBU_Templete\cross\riscv\debug\sdk\Peripheral\src\ch32v20x_flash.c.o
 .riscv.attributes
                0x000000000000011e       0x3a build\.objs\CH32V208GBU_Templete\cross\riscv\debug\sdk\Peripheral\src\ch32v20x_gpio.c.o
 .riscv.attributes
                0x0000000000000158       0x3a build\.objs\CH32V208GBU_Templete\cross\riscv\debug\sdk\Peripheral\src\ch32v20x_pwr.c.o
 .riscv.attributes
                0x0000000000000192       0x3a build\.objs\CH32V208GBU_Templete\cross\riscv\debug\sdk\Peripheral\src\ch32v20x_rcc.c.o
 .riscv.attributes
                0x00000000000001cc       0x3a build\.objs\CH32V208GBU_Templete\cross\riscv\debug\sdk\Peripheral\src\ch32v20x_rtc.c.o
 .riscv.attributes
                0x0000000000000206       0x3a build\.objs\CH32V208GBU_Templete\cross\riscv\debug\sdk\Peripheral\src\ch32v20x_usart.c.o
 .riscv.attributes
                0x0000000000000240       0x3a build\.objs\CH32V208GBU_Templete\cross\riscv\debug\sdk\Debug\debug.c.o
 .riscv.attributes
                0x000000000000027a       0x3a build\.objs\CH32V208GBU_Templete\cross\riscv\debug\sdk\HAL\MCU.c.o
 .riscv.attributes
                0x00000000000002b4       0x3a build\.objs\CH32V208GBU_Templete\cross\riscv\debug\sdk\HAL\RTC.c.o
 .riscv.attributes
                0x00000000000002ee       0x3a build\.objs\CH32V208GBU_Templete\cross\riscv\debug\bsp\drv_gpio.c.o
 .riscv.attributes
                0x0000000000000328       0x3a build\.objs\CH32V208GBU_Templete\cross\riscv\debug\APP\ch32v20x_it.c.o
 .riscv.attributes
                0x0000000000000362       0x3a build\.objs\CH32V208GBU_Templete\cross\riscv\debug\APP\main.c.o
 .riscv.attributes
                0x000000000000039c       0x3a build\.objs\CH32V208GBU_Templete\cross\riscv\debug\APP\system_ch32v20x.c.o
 .riscv.attributes
                0x00000000000003d6       0x3a build\.objs\CH32V208GBU_Templete\cross\riscv\debug\task\tmos_led_task.c.o
 .riscv.attributes
                0x0000000000000410       0x3a e:/app/mrs2/mounriver_studio2/resources/app/resources/win32/components/wch/toolchain/risc-v embedded gcc12/bin/../lib/gcc/riscv-wch-elf/12.2.0/rv32imac_xw/ilp32\libgcc.a(_udivdi3.o)
 .riscv.attributes
                0x000000000000044a       0x3a e:/app/mrs2/mounriver_studio2/resources/app/resources/win32/components/wch/toolchain/risc-v embedded gcc12/bin/../lib/gcc/riscv-wch-elf/12.2.0/rv32imac_xw/ilp32\libgcc.a(_clz.o)
 .riscv.attributes
                0x0000000000000484       0x38 e:/app/mrs2/mounriver_studio2/resources/app/resources/win32/components/wch/toolchain/risc-v embedded gcc12/bin/../lib/gcc/riscv-wch-elf/12.2.0/../../../../riscv-wch-elf/lib/rv32imac_xw/ilp32\libg_nano.a(lib_a-memcpy-asm.o)
 .riscv.attributes
                0x00000000000004bc       0x3a e:/app/mrs2/mounriver_studio2/resources/app/resources/win32/components/wch/toolchain/risc-v embedded gcc12/bin/../lib/gcc/riscv-wch-elf/12.2.0/../../../../riscv-wch-elf/lib/rv32imac_xw/ilp32\libg_nano.a(lib_a-printf.o)
 .riscv.attributes
                0x00000000000004f6       0x3a e:/app/mrs2/mounriver_studio2/resources/app/resources/win32/components/wch/toolchain/risc-v embedded gcc12/bin/../lib/gcc/riscv-wch-elf/12.2.0/../../../../riscv-wch-elf/lib/rv32imac_xw/ilp32\libg_nano.a(lib_a-puts.o)
 .riscv.attributes
                0x0000000000000530       0x3a e:/app/mrs2/mounriver_studio2/resources/app/resources/win32/components/wch/toolchain/risc-v embedded gcc12/bin/../lib/gcc/riscv-wch-elf/12.2.0/../../../../riscv-wch-elf/lib/rv32imac_xw/ilp32\libg_nano.a(lib_a-wbuf.o)
 .riscv.attributes
                0x000000000000056a       0x3a e:/app/mrs2/mounriver_studio2/resources/app/resources/win32/components/wch/toolchain/risc-v embedded gcc12/bin/../lib/gcc/riscv-wch-elf/12.2.0/../../../../riscv-wch-elf/lib/rv32imac_xw/ilp32\libg_nano.a(lib_a-wsetup.o)
 .riscv.attributes
                0x00000000000005a4       0x3a e:/app/mrs2/mounriver_studio2/resources/app/resources/win32/components/wch/toolchain/risc-v embedded gcc12/bin/../lib/gcc/riscv-wch-elf/12.2.0/../../../../riscv-wch-elf/lib/rv32imac_xw/ilp32\libg_nano.a(lib_a-fflush.o)
 .riscv.attributes
                0x00000000000005de       0x3a e:/app/mrs2/mounriver_studio2/resources/app/resources/win32/components/wch/toolchain/risc-v embedded gcc12/bin/../lib/gcc/riscv-wch-elf/12.2.0/../../../../riscv-wch-elf/lib/rv32imac_xw/ilp32\libg_nano.a(lib_a-findfp.o)
 .riscv.attributes
                0x0000000000000618       0x3a e:/app/mrs2/mounriver_studio2/resources/app/resources/win32/components/wch/toolchain/risc-v embedded gcc12/bin/../lib/gcc/riscv-wch-elf/12.2.0/../../../../riscv-wch-elf/lib/rv32imac_xw/ilp32\libg_nano.a(lib_a-fwalk.o)
 .riscv.attributes
                0x0000000000000652       0x3a e:/app/mrs2/mounriver_studio2/resources/app/resources/win32/components/wch/toolchain/risc-v embedded gcc12/bin/../lib/gcc/riscv-wch-elf/12.2.0/../../../../riscv-wch-elf/lib/rv32imac_xw/ilp32\libg_nano.a(lib_a-impure.o)
 .riscv.attributes
                0x000000000000068c       0x3a e:/app/mrs2/mounriver_studio2/resources/app/resources/win32/components/wch/toolchain/risc-v embedded gcc12/bin/../lib/gcc/riscv-wch-elf/12.2.0/../../../../riscv-wch-elf/lib/rv32imac_xw/ilp32\libg_nano.a(lib_a-lock.o)
 .riscv.attributes
                0x00000000000006c6       0x3a e:/app/mrs2/mounriver_studio2/resources/app/resources/win32/components/wch/toolchain/risc-v embedded gcc12/bin/../lib/gcc/riscv-wch-elf/12.2.0/../../../../riscv-wch-elf/lib/rv32imac_xw/ilp32\libg_nano.a(lib_a-makebuf.o)
 .riscv.attributes
                0x0000000000000700       0x38 e:/app/mrs2/mounriver_studio2/resources/app/resources/win32/components/wch/toolchain/risc-v embedded gcc12/bin/../lib/gcc/riscv-wch-elf/12.2.0/../../../../riscv-wch-elf/lib/rv32imac_xw/ilp32\libg_nano.a(lib_a-memset.o)
 .riscv.attributes
                0x0000000000000738       0x3a e:/app/mrs2/mounriver_studio2/resources/app/resources/win32/components/wch/toolchain/risc-v embedded gcc12/bin/../lib/gcc/riscv-wch-elf/12.2.0/../../../../riscv-wch-elf/lib/rv32imac_xw/ilp32\libg_nano.a(lib_a-nano-freer.o)
 .riscv.attributes
                0x0000000000000772       0x3a e:/app/mrs2/mounriver_studio2/resources/app/resources/win32/components/wch/toolchain/risc-v embedded gcc12/bin/../lib/gcc/riscv-wch-elf/12.2.0/../../../../riscv-wch-elf/lib/rv32imac_xw/ilp32\libg_nano.a(lib_a-nano-mallocr.o)
 .riscv.attributes
                0x00000000000007ac       0x3a e:/app/mrs2/mounriver_studio2/resources/app/resources/win32/components/wch/toolchain/risc-v embedded gcc12/bin/../lib/gcc/riscv-wch-elf/12.2.0/../../../../riscv-wch-elf/lib/rv32imac_xw/ilp32\libg_nano.a(lib_a-nano-vfprintf.o)
 .riscv.attributes
                0x00000000000007e6       0x3a e:/app/mrs2/mounriver_studio2/resources/app/resources/win32/components/wch/toolchain/risc-v embedded gcc12/bin/../lib/gcc/riscv-wch-elf/12.2.0/../../../../riscv-wch-elf/lib/rv32imac_xw/ilp32\libg_nano.a(lib_a-sbrkr.o)
 .riscv.attributes
                0x0000000000000820       0x3a e:/app/mrs2/mounriver_studio2/resources/app/resources/win32/components/wch/toolchain/risc-v embedded gcc12/bin/../lib/gcc/riscv-wch-elf/12.2.0/../../../../riscv-wch-elf/lib/rv32imac_xw/ilp32\libg_nano.a(lib_a-stdio.o)
 .riscv.attributes
                0x000000000000085a       0x3a e:/app/mrs2/mounriver_studio2/resources/app/resources/win32/components/wch/toolchain/risc-v embedded gcc12/bin/../lib/gcc/riscv-wch-elf/12.2.0/../../../../riscv-wch-elf/lib/rv32imac_xw/ilp32\libg_nano.a(lib_a-writer.o)
 .riscv.attributes
                0x0000000000000894       0x3a e:/app/mrs2/mounriver_studio2/resources/app/resources/win32/components/wch/toolchain/risc-v embedded gcc12/bin/../lib/gcc/riscv-wch-elf/12.2.0/../../../../riscv-wch-elf/lib/rv32imac_xw/ilp32\libg_nano.a(lib_a-closer.o)
 .riscv.attributes
                0x00000000000008ce       0x3a e:/app/mrs2/mounriver_studio2/resources/app/resources/win32/components/wch/toolchain/risc-v embedded gcc12/bin/../lib/gcc/riscv-wch-elf/12.2.0/../../../../riscv-wch-elf/lib/rv32imac_xw/ilp32\libg_nano.a(lib_a-fstatr.o)
 .riscv.attributes
                0x0000000000000908       0x3a e:/app/mrs2/mounriver_studio2/resources/app/resources/win32/components/wch/toolchain/risc-v embedded gcc12/bin/../lib/gcc/riscv-wch-elf/12.2.0/../../../../riscv-wch-elf/lib/rv32imac_xw/ilp32\libg_nano.a(lib_a-isattyr.o)
 .riscv.attributes
                0x0000000000000942       0x3a e:/app/mrs2/mounriver_studio2/resources/app/resources/win32/components/wch/toolchain/risc-v embedded gcc12/bin/../lib/gcc/riscv-wch-elf/12.2.0/../../../../riscv-wch-elf/lib/rv32imac_xw/ilp32\libg_nano.a(lib_a-lseekr.o)
 .riscv.attributes
                0x000000000000097c       0x3a e:/app/mrs2/mounriver_studio2/resources/app/resources/win32/components/wch/toolchain/risc-v embedded gcc12/bin/../lib/gcc/riscv-wch-elf/12.2.0/../../../../riscv-wch-elf/lib/rv32imac_xw/ilp32\libg_nano.a(lib_a-memchr.o)
 .riscv.attributes
                0x00000000000009b6       0x3a e:/app/mrs2/mounriver_studio2/resources/app/resources/win32/components/wch/toolchain/risc-v embedded gcc12/bin/../lib/gcc/riscv-wch-elf/12.2.0/../../../../riscv-wch-elf/lib/rv32imac_xw/ilp32\libg_nano.a(lib_a-mlock.o)
 .riscv.attributes
                0x00000000000009f0       0x3a e:/app/mrs2/mounriver_studio2/resources/app/resources/win32/components/wch/toolchain/risc-v embedded gcc12/bin/../lib/gcc/riscv-wch-elf/12.2.0/../../../../riscv-wch-elf/lib/rv32imac_xw/ilp32\libg_nano.a(lib_a-nano-vfprintf_i.o)
 .riscv.attributes
                0x0000000000000a2a       0x3a e:/app/mrs2/mounriver_studio2/resources/app/resources/win32/components/wch/toolchain/risc-v embedded gcc12/bin/../lib/gcc/riscv-wch-elf/12.2.0/../../../../riscv-wch-elf/lib/rv32imac_xw/ilp32\libg_nano.a(lib_a-readr.o)
 .riscv.attributes
                0x0000000000000a64       0x3a e:/app/mrs2/mounriver_studio2/resources/app/resources/win32/components/wch/toolchain/risc-v embedded gcc12/bin/../lib/gcc/riscv-wch-elf/12.2.0/../../../../riscv-wch-elf/lib/rv32imac_xw/ilp32\libg_nano.a(lib_a-reent.o)
 .riscv.attributes
                0x0000000000000a9e       0x3a e:/app/mrs2/mounriver_studio2/resources/app/resources/win32/components/wch/toolchain/risc-v embedded gcc12/bin/../lib/gcc/riscv-wch-elf/12.2.0/../../../../riscv-wch-elf/lib/rv32imac_xw/ilp32\libnosys.a(close.o)
 .riscv.attributes
                0x0000000000000ad8       0x3a e:/app/mrs2/mounriver_studio2/resources/app/resources/win32/components/wch/toolchain/risc-v embedded gcc12/bin/../lib/gcc/riscv-wch-elf/12.2.0/../../../../riscv-wch-elf/lib/rv32imac_xw/ilp32\libnosys.a(fstat.o)
 .riscv.attributes
                0x0000000000000b12       0x3a e:/app/mrs2/mounriver_studio2/resources/app/resources/win32/components/wch/toolchain/risc-v embedded gcc12/bin/../lib/gcc/riscv-wch-elf/12.2.0/../../../../riscv-wch-elf/lib/rv32imac_xw/ilp32\libnosys.a(isatty.o)
 .riscv.attributes
                0x0000000000000b4c       0x3a e:/app/mrs2/mounriver_studio2/resources/app/resources/win32/components/wch/toolchain/risc-v embedded gcc12/bin/../lib/gcc/riscv-wch-elf/12.2.0/../../../../riscv-wch-elf/lib/rv32imac_xw/ilp32\libnosys.a(lseek.o)
 .riscv.attributes
                0x0000000000000b86       0x3a e:/app/mrs2/mounriver_studio2/resources/app/resources/win32/components/wch/toolchain/risc-v embedded gcc12/bin/../lib/gcc/riscv-wch-elf/12.2.0/../../../../riscv-wch-elf/lib/rv32imac_xw/ilp32\libnosys.a(read.o)

.comment        0x0000000000000000       0x64
 .comment       0x0000000000000000       0x31 build\.objs\CH32V208GBU_Templete\cross\riscv\debug\sdk\Peripheral\src\ch32v20x_adc.c.o
                                         0x32 (size before relaxing)
 .comment       0x0000000000000031       0x32 build\.objs\CH32V208GBU_Templete\cross\riscv\debug\sdk\Peripheral\src\ch32v20x_exti.c.o
 .comment       0x0000000000000031       0x32 build\.objs\CH32V208GBU_Templete\cross\riscv\debug\sdk\Peripheral\src\ch32v20x_flash.c.o
 .comment       0x0000000000000031       0x32 build\.objs\CH32V208GBU_Templete\cross\riscv\debug\sdk\Peripheral\src\ch32v20x_gpio.c.o
 .comment       0x0000000000000031       0x32 build\.objs\CH32V208GBU_Templete\cross\riscv\debug\sdk\Peripheral\src\ch32v20x_pwr.c.o
 .comment       0x0000000000000031       0x32 build\.objs\CH32V208GBU_Templete\cross\riscv\debug\sdk\Peripheral\src\ch32v20x_rcc.c.o
 .comment       0x0000000000000031       0x32 build\.objs\CH32V208GBU_Templete\cross\riscv\debug\sdk\Peripheral\src\ch32v20x_rtc.c.o
 .comment       0x0000000000000031       0x32 build\.objs\CH32V208GBU_Templete\cross\riscv\debug\sdk\Peripheral\src\ch32v20x_usart.c.o
 .comment       0x0000000000000031       0x32 build\.objs\CH32V208GBU_Templete\cross\riscv\debug\sdk\Debug\debug.c.o
 .comment       0x0000000000000031       0x32 build\.objs\CH32V208GBU_Templete\cross\riscv\debug\sdk\HAL\MCU.c.o
 .comment       0x0000000000000031       0x32 build\.objs\CH32V208GBU_Templete\cross\riscv\debug\sdk\HAL\RTC.c.o
 .comment       0x0000000000000031       0x32 build\.objs\CH32V208GBU_Templete\cross\riscv\debug\bsp\drv_gpio.c.o
 .comment       0x0000000000000031       0x32 build\.objs\CH32V208GBU_Templete\cross\riscv\debug\APP\ch32v20x_it.c.o