Archive member included to satisfy reference by file (symbol)

sdk\LIB\libwchble.a(message.o)
                              build\.objs\CH32V208GBU_Templete\cross\riscv\release\app\tasks\tmos_led_task.c.o (tmos_msg_deallocate)
sdk\LIB\libwchble.a(tmos.o)   build\.objs\CH32V208GBU_Templete\cross\riscv\release\sdk\HAL\MCU.c.o (tmos_memcpy)
sdk\LIB\libwchble.a(tmos_hw.o)
                              sdk\LIB\libwchble.a(tmos.o) (bleClock_t)
sdk\LIB\libwchble.a(tmos_snv.o)
                              sdk\LIB\libwchble.a(tmos.o) (tmos_snv_init)
sdk\LIB\libwchble.a(gap.o)    build\.objs\CH32V208GBU_Templete\cross\riscv\release\app\peripheral.c.o (GAP_SetParamValue)
sdk\LIB\libwchble.a(gap_central.o)
                              sdk\LIB\libwchble.a(gap.o) (gapProcessPeriodicAdvertisingSyncEstablishedEvt)
sdk\LIB\libwchble.a(gap_peripheral.o)
                              sdk\LIB\libwchble.a(gap.o) (GAP_PeripheralParamInit)
sdk\LIB\libwchble.a(gapgattserver.o)
                              build\.objs\CH32V208GBU_Templete\cross\riscv\release\app\peripheral.c.o (GGS_SetParameter)
sdk\LIB\libwchble.a(gatt.o)   build\.objs\CH32V208GBU_Templete\cross\riscv\release\app\peripheral.c.o (GATT_bm_alloc)
sdk\LIB\libwchble.a(gatt_uuid.o)
                              sdk\LIB\libwchble.a(gatt.o) (serviceChangedUUID)
sdk\LIB\libwchble.a(gattclientapp.o)
                              sdk\LIB\libwchble.a(gatt.o) (gattGetClientStatus)
sdk\LIB\libwchble.a(gattservapp.o)
                              build\.objs\CH32V208GBU_Templete\cross\riscv\release\ble_profile\gattprofile.c.o (GATTServApp_ReadCharCfg)
sdk\LIB\libwchble.a(l2cap.o)  sdk\LIB\libwchble.a(gatt.o) (L2CAP_GetMTU)
sdk\LIB\libwchble.a(l2cap_input.o)
                              sdk\LIB\libwchble.a(l2cap.o) (l2capProcessRxData)
sdk\LIB\libwchble.a(l2cap_output.o)
                              sdk\LIB\libwchble.a(l2cap_input.o) (l2capNotifyData)
sdk\LIB\libwchble.a(l2cap_sdu.o)
                              sdk\LIB\libwchble.a(l2cap_input.o) (l2capBuildDisconnectRsp)
sdk\LIB\libwchble.a(linkdb.o)
                              sdk\LIB\libwchble.a(l2cap.o) (linkDB_Init)
sdk\LIB\libwchble.a(sm.o)     sdk\LIB\libwchble.a(gap.o) (smFreePairingParams)
sdk\LIB\libwchble.a(sm_initiator.o)
                              sdk\LIB\libwchble.a(sm.o) (smInitiatorSendNextKeyInfo)
sdk\LIB\libwchble.a(sm_pdu.o)
                              sdk\LIB\libwchble.a(sm.o) (smpBuildPairingReq)
sdk\LIB\libwchble.a(sm_responding.o)
                              sdk\LIB\libwchble.a(sm.o) (smResponderSendNextKeyInfo)
sdk\LIB\libwchble.a(sm_toolbox.o)
                              sdk\LIB\libwchble.a(sm.o) (sm_ah)
sdk\LIB\libwchble.a(host_input.o)
                              sdk\LIB\libwchble.a(gap.o) (gBleHostPara)
sdk\LIB\libwchble.a(host_output.o)
                              sdk\LIB\libwchble.a(gap.o) (HCI_DisconnectCmd)
sdk\LIB\libwchble.a(ll.o)     sdk\LIB\libwchble.a(tmos.o) (gBleLlPara)
sdk\LIB\libwchble.a(ll_advertise.o)
                              sdk\LIB\libwchble.a(ll.o) (LL_AdvertiseEventRegister)
sdk\LIB\libwchble.a(ll_connect.o)
                              sdk\LIB\libwchble.a(ll.o) (LL_ConnectEventRegister)
sdk\LIB\libwchble.a(ll_core.o)
                              sdk\LIB\libwchble.a(ll_advertise.o) (LL_CoreGetCore)
sdk\LIB\libwchble.a(ll_hop.o)
                              sdk\LIB\libwchble.a(ll_connect.o) (LL_HopGetChannel)
sdk\LIB\libwchble.a(ll_master.o)
                              sdk\LIB\libwchble.a(gap_central.o) (LL_SetDataSendPriority)
sdk\LIB\libwchble.a(ll_pdu.o)
                              sdk\LIB\libwchble.a(ll_master.o) (LL_ConnectionUpdateInd)
sdk\LIB\libwchble.a(ll_report.o)
                              sdk\LIB\libwchble.a(ll.o) (LL_ProcessTMOSReportMsg)
sdk\LIB\libwchble.a(ll_resolvinglist.o)
                              sdk\LIB\libwchble.a(ll_advertise.o) (ll_resolvinglist_checkRPA)
sdk\LIB\libwchble.a(ll_scan.o)
                              sdk\LIB\libwchble.a(ll_master.o) (LL_ScanEnable)
sdk\LIB\libwchble.a(ll_slave.o)
                              sdk\LIB\libwchble.a(ll_connect.o) (pfnSlaveHandle)
sdk\LIB\libwchble.a(ll_sync.o)
                              sdk\LIB\libwchble.a(ll_scan.o) (debug_periodic_tmp)
sdk\LIB\libwchble.a(ll_whitelist.o)
                              sdk\LIB\libwchble.a(ll_advertise.o) (LL_WhitelistLookup)
sdk\LIB\libwchble.a(ble_task_process.o)
                              build\.objs\CH32V208GBU_Templete\cross\riscv\release\sdk\HAL\MCU.c.o (LLE_IRQLibHandler)
sdk\LIB\libwchble.a(aes.o)    sdk\LIB\libwchble.a(ll_resolvinglist.o) (AES_DevAESEnc)
sdk\LIB\libwchble.a(bb.o)     sdk\LIB\libwchble.a(ll_advertise.o) (gptrBBReg)
sdk\LIB\libwchble.a(ip.o)     sdk\LIB\libwchble.a(tmos.o) (ll_rx_wait_finish)
sdk\LIB\libwchble.a(lle.o)    sdk\LIB\libwchble.a(ble_task_process.o) (LLE_IRQSubHandler)
sdk\LIB\libwchble.a(rf_fh.o)  sdk\LIB\libwchble.a(ip.o) (rfConfig)
[...]
Memory Configuration

Name             Origin             Length             Attributes
FLASH            0x0000000000000000 0x0000000000020000 xr
RAM              0x0000000020000000 0x0000000000010000 xrw
*default*        0x0000000000000000 0xffffffffffffffff

Linker script and memory map

LOAD build\.objs\CH32V208GBU_Templete\cross\riscv\release\sdk\Startup\startup_ch32v20x_D8W.S.o
LOAD build\.objs\CH32V208GBU_Templete\cross\riscv\release\sdk\LIB\ble_task_scheduler.S.o
LOAD build\.objs\CH32V208GBU_Templete\cross\riscv\release\app\tasks\tmos_led_task.c.o
LOAD build\.objs\CH32V208GBU_Templete\cross\riscv\release\sdk\USBLIB\USB-Driver\src\usb_core.c.o
LOAD build\.objs\CH32V208GBU_Templete\cross\riscv\release\sdk\USBLIB\USB-Driver\src\usb_init.c.o
LOAD build\.objs\CH32V208GBU_Templete\cross\riscv\release\sdk\USBLIB\USB-Driver\src\usb_int.c.o
LOAD build\.objs\CH32V208GBU_Templete\cross\riscv\release\sdk\USBLIB\USB-Driver\src\usb_mem.c.o
LOAD build\.objs\CH32V208GBU_Templete\cross\riscv\release\sdk\USBLIB\USB-Driver\src\usb_regs.c.o
LOAD build\.objs\CH32V208GBU_Templete\cross\riscv\release\sdk\USBLIB\USB-Driver\src\usb_sil.c.o
LOAD build\.objs\CH32V208GBU_Templete\cross\riscv\release\sdk\USBLIB\CONFIG\hw_config.c.o
LOAD build\.objs\CH32V208GBU_Templete\cross\riscv\release\sdk\USBLIB\CONFIG\usb_desc.c.o
LOAD build\.objs\CH32V208GBU_Templete\cross\riscv\release\sdk\USBLIB\CONFIG\usb_endp.c.o
LOAD build\.objs\CH32V208GBU_Templete\cross\riscv\release\sdk\USBLIB\CONFIG\usb_istr.c.o
LOAD build\.objs\CH32V208GBU_Templete\cross\riscv\release\sdk\USBLIB\CONFIG\usb_prop.c.o
LOAD build\.objs\CH32V208GBU_Templete\cross\riscv\release\sdk\USBLIB\CONFIG\usb_pwr.c.o
LOAD build\.objs\CH32V208GBU_Templete\cross\riscv\release\sdk\Peripheral\src\ch32v20x_adc.c.o
LOAD build\.objs\CH32V208GBU_Templete\cross\riscv\release\sdk\Peripheral\src\ch32v20x_bkp.c.o
LOAD build\.objs\CH32V208GBU_Templete\cross\riscv\release\sdk\Peripheral\src\ch32v20x_can.c.o
LOAD build\.objs\CH32V208GBU_Templete\cross\riscv\release\sdk\Peripheral\src\ch32v20x_crc.c.o
LOAD build\.objs\CH32V208GBU_Templete\cross\riscv\release\sdk\Peripheral\src\ch32v20x_dbgmcu.c.o
LOAD build\.objs\CH32V208GBU_Templete\cross\riscv\release\sdk\Peripheral\src\ch32v20x_dma.c.o
LOAD build\.objs\CH32V208GBU_Templete\cross\riscv\release\sdk\Peripheral\src\ch32v20x_exti.c.o
LOAD build\.objs\CH32V208GBU_Templete\cross\riscv\release\sdk\Peripheral\src\ch32v20x_flash.c.o
LOAD build\.objs\CH32V208GBU_Templete\cross\riscv\release\sdk\Peripheral\src\ch32v20x_gpio.c.o
LOAD build\.objs\CH32V208GBU_Templete\cross\riscv\release\sdk\Peripheral\src\ch32v20x_i2c.c.o
LOAD build\.objs\CH32V208GBU_Templete\cross\riscv\release\sdk\Peripheral\src\ch32v20x_iwdg.c.o
LOAD build\.objs\CH32V208GBU_Templete\cross\riscv\release\sdk\Peripheral\src\ch32v20x_misc.c.o
LOAD build\.objs\CH32V208GBU_Templete\cross\riscv\release\sdk\Peripheral\src\ch32v20x_opa.c.o
LOAD build\.objs\CH32V208GBU_Templete\cross\riscv\release\sdk\Peripheral\src\ch32v20x_pwr.c.o
LOAD build\.objs\CH32V208GBU_Templete\cross\riscv\release\sdk\Peripheral\src\ch32v20x_rcc.c.o
LOAD build\.objs\CH32V208GBU_Templete\cross\riscv\release\sdk\Peripheral\src\ch32v20x_rtc.c.o
LOAD build\.objs\CH32V208GBU_Templete\cross\riscv\release\sdk\Peripheral\src\ch32v20x_spi.c.o
LOAD build\.objs\CH32V208GBU_Templete\cross\riscv\release\sdk\Peripheral\src\ch32v20x_tim.c.o
LOAD build\.objs\CH32V208GBU_Templete\cross\riscv\release\sdk\Peripheral\src\ch32v20x_usart.c.o
LOAD build\.objs\CH32V208GBU_Templete\cross\riscv\release\sdk\Peripheral\src\ch32v20x_wwdg.c.o
LOAD build\.objs\CH32V208GBU_Templete\cross\riscv\release\sdk\HAL\KEY.c.o
LOAD build\.objs\CH32V208GBU_Templete\cross\riscv\release\sdk\HAL\LED.c.o
LOAD build\.objs\CH32V208GBU_Templete\cross\riscv\release\sdk\HAL\MCU.c.o
LOAD build\.objs\CH32V208GBU_Templete\cross\riscv\release\sdk\HAL\RTC.c.o
LOAD build\.objs\CH32V208GBU_Templete\cross\riscv\release\sdk\HAL\SLEEP.c.o
LOAD build\.objs\CH32V208GBU_Templete\cross\riscv\release\sdk\Debug\debug.c.o
LOAD build\.objs\CH32V208GBU_Templete\cross\riscv\release\sdk\Core\core_riscv.c.o
LOAD build\.objs\CH32V208GBU_Templete\cross\riscv\release\utils\ringbuffer.c.o
LOAD build\.objs\CH32V208GBU_Templete\cross\riscv\release\lib\sht40\sht40_hal.c.o
LOAD build\.objs\CH32V208GBU_Templete\cross\riscv\release\lib\sc7a20htr\platform\platform.c.o
LOAD build\.objs\CH32V208GBU_Templete\cross\riscv\release\lib\sc7a20htr\example\async_example.c.o
LOAD build\.objs\CH32V208GBU_Templete\cross\riscv\release\lib\sc7a20htr\example\simple_loop_example.c.o
LOAD build\.objs\CH32V208GBU_Templete\cross\riscv\release\lib\sc7a20htr\sc7a20_core.c.o
LOAD build\.objs\CH32V208GBU_Templete\cross\riscv\release\lib\sc7a20htr\sc7a20_core_async.c.o
LOAD build\.objs\CH32V208GBU_Templete\cross\riscv\release\lib\oled\OLED.c.o
LOAD build\.objs\CH32V208GBU_Templete\cross\riscv\release\lib\oled\OLED_Data.c.o
LOAD build\.objs\CH32V208GBU_Templete\cross\riscv\release\bsp\UART\UART.c.o
LOAD build\.objs\CH32V208GBU_Templete\cross\riscv\release\bsp\board.c.o
LOAD build\.objs\CH32V208GBU_Templete\cross\riscv\release\bsp\drv_gpio.c.o
LOAD build\.objs\CH32V208GBU_Templete\cross\riscv\release\bsp\drv_i2c.c.o
LOAD build\.objs\CH32V208GBU_Templete\cross\riscv\release\bsp\usb_cdc.c.o
LOAD build\.objs\CH32V208GBU_Templete\cross\riscv\release\ble_profile\devinfoservice.c.o
LOAD build\.objs\CH32V208GBU_Templete\cross\riscv\release\ble_profile\gattprofile.c.o
LOAD build\.objs\CH32V208GBU_Templete\cross\riscv\release\app\ch32v20x_it.c.o
LOAD build\.objs\CH32V208GBU_Templete\cross\riscv\release\app\main.c.o
LOAD build\.objs\CH32V208GBU_Templete\cross\riscv\release\app\peripheral.c.o
LOAD build\.objs\CH32V208GBU_Templete\cross\riscv\release\app\system_ch32v20x.c.o
LOAD sdk\LIB\libwchble.a
LOAD e:/app/mrs2/mounriver_studio2/resources/app/resources/win32/components/wch/toolchain/risc-v embedded gcc12/bin/../lib/gcc/riscv-wch-elf/12.2.0/../../../../riscv-wch-elf/lib/rv32imac_xw/ilp32\libstdc++_nano.a
LOAD e:/app/mrs2/mounriver_studio2/resources/app/resources/win32/components/wch/toolchain/risc-v embedded gcc12/bin/../lib/gcc/riscv-wch-elf/12.2.0/../../../../riscv-wch-elf/lib/rv32imac_xw/ilp32\libm_nano.a
LOAD e:/app/mrs2/mounriver_studio2/resources/app/resources/win32/components/wch/toolchain/risc-v embedded gcc12/bin/../lib/gcc/riscv-wch-elf/12.2.0/../../../../riscv-wch-elf/lib/rv32imac_xw/ilp32\libc_nano.a
LOAD e:/app/mrs2/mounriver_studio2/resources/app/resources/win32/components/wch/toolchain/risc-v embedded gcc12/bin/../lib/gcc/riscv-wch-elf/12.2.0/rv32imac_xw/ilp32\libgcc.a
LOAD e:/app/mrs2/mounriver_studio2/resources/app/resources/win32/components/wch/toolchain/risc-v embedded gcc12/bin/../lib/gcc/riscv-wch-elf/12.2.0/../../../../riscv-wch-elf/lib/rv32imac_xw/ilp32\libc_nano.a
LOAD e:/app/mrs2/mounriver_studio2/resources/app/resources/win32/components/wch/toolchain/risc-v embedded gcc12/bin/../lib/gcc/riscv-wch-elf/12.2.0/rv32imac_xw/ilp32\libgcc.a
START GROUP
LOAD e:/app/mrs2/mounriver_studio2/resources/app/resources/win32/components/wch/toolchain/risc-v embedded gcc12/bin/../lib/gcc/riscv-wch-elf/12.2.0/rv32imac_xw/ilp32\libgcc.a
LOAD e:/app/mrs2/mounriver_studio2/resources/app/resources/win32/components/wch/toolchain/risc-v embedded gcc12/bin/../lib/gcc/riscv-wch-elf/12.2.0/../../../../riscv-wch-elf/lib/rv32imac_xw/ilp32\libc_nano.a
LOAD e:/app/mrs2/mounriver_studio2/resources/app/resources/win32/components/wch/toolchain/risc-v embedded gcc12/bin/../lib/gcc/riscv-wch-elf/12.2.0/../../../../riscv-wch-elf/lib/rv32imac_xw/ilp32\libnosys.a
END GROUP
START GROUP
LOAD e:/app/mrs2/mounriver_studio2/resources/app/resources/win32/components/wch/toolchain/risc-v embedded gcc12/bin/../lib/gcc/riscv-wch-elf/12.2.0/rv32imac_xw/ilp32\libgcc.a
LOAD e:/app/mrs2/mounriver_studio2/resources/app/resources/win32/components/wch/toolchain/risc-v embedded gcc12/bin/../lib/gcc/riscv-wch-elf/12.2.0/../../../../riscv-wch-elf/lib/rv32imac_xw/ilp32\libc_nano.a
LOAD e:/app/mrs2/mounriver_studio2/resources/app/resources/win32/components/wch/toolchain/risc-v embedded gcc12/bin/../lib/gcc/riscv-wch-elf/12.2.0/../../../../riscv-wch-elf/lib/rv32imac_xw/ilp32\libnosys.a
END GROUP
                0x0000000000000800                __stack_size = 0x800
                [!provide]                        PROVIDE (_stack_size = __stack_size)

.init           0x0000000000000000        0x4
                0x0000000000000000                _sinit = .
                0x0000000000000000                . = ALIGN (0x4)
 *(SORT_NONE(.init))
 .init          0x0000000000000000        0x4 build\.objs\CH32V208GBU_Templete\cross\riscv\release\sdk\Startup\startup_ch32v20x_D8W.S.o
                0x0000000000000000                _start
                0x0000000000000004                . = ALIGN (0x4)
                0x0000000000000004                _einit = .

.vector         0x0000000000000004      0x13c
 *(.vector)
 .vector        0x0000000000000004      0x118 build\.objs\CH32V208GBU_Templete\cross\riscv\release\sdk\Startup\startup_ch32v20x_D8W.S.o
                0x0000000000000140                . = ALIGN (0x40)
 *fill*         0x000000000000011c       0x24 
 *(SORT_NONE(.handle_reset))

.highcode       0x0000000000000140     0x13ac
                0x0000000000000140                . = ALIGN (0x4)
 *(.highcode)
 .highcode      0x0000000000000140       0x4e build\.objs\CH32V208GBU_Templete\cross\riscv\release\sdk\LIB\ble_task_scheduler.S.o
                0x0000000000000140                Ecall_U_Mode_Handler
                0x0000000000000140                Ecall_M_Mode_Handler
 .highcode      0x000000000000018e        0x8 build\.objs\CH32V208GBU_Templete\cross\riscv\release\app\main.c.o
                0x000000000000018e                Main_Circulation
 .highcode      0x0000000000000196       0xf8 sdk\LIB\libwchble.a(message.o)
                0x0000000000000196                tmos_msg_enqueue
                0x00000000000001b0                tmos_msg_allocate
                0x000000000000020c                tmos_msg_receive
 .highcode      0x000000000000028e      0x6e0 sdk\LIB\libwchble.a(tmos.o)
                0x00000000000002b2                tmos_memcpy
                0x00000000000002ec                tmos_memcpy_word
                0x000000000000031c                tmos_memset
                0x000000000000034a                tmos_strlen
                0x0000000000000376                tmos_memdup
                0x00000000000003c4                tmos_memcmp
                0x000000000000040e                tmos_revmemcpy
                0x0000000000000442                tmos_isbufset
                0x00000000000005c0                tmos_proces_idle
                0x0000000000000748                TMOS_SysRegister
                0x0000000000000756                ble_controller_func
                0x0000000000000782                TMOS_SystemProcess
 .highcode      0x000000000000096e       0x68 sdk\LIB\libwchble.a(tmos_hw.o)
                0x00000000000009a2                TMOS_TimerIRQHandler
 .highcode      0x00000000000009d6      0x114 sdk\LIB\libwchble.a(bb.o)
                0x00000000000009d6                BB_IRQLibHandler
 .highcode      0x0000000000000aea      0x39a sdk\LIB\libwchble.a(ip.o)
                0x0000000000000aea                ll_rx_wait_finish
                0x0000000000000b1e                ble_ll_chkcrc
                0x0000000000000baa                ll_tx_wait_finish
                0x0000000000000ca4                BLE_CheckHoppingMap
 .highcode      0x0000000000000e84      0x336 sdk\LIB\libwchble.a(lle.o)
                0x0000000000000e84                LLE_IRQSubHandler
                0x000000000000107c                lle_irq_process
 .highcode      0x00000000000011ba       0x3a sdk\LIB\libwchble.a(rfend.o)
                0x00000000000011ba                RFEND_WaitTune
 .highcode      0x00000000000011f4      0x22a sdk\LIB\libwchble.a(memory.o)
                0x00000000000011f4                tmos_memory_allocate
                0x00000000000012e2                tmos_memory_free
                0x00000000000013e2                tmos_bm_adjust_header
 *(.highcode.*)
 *fill*         0x000000000000141e        0x2 
 .highcode.LLE_IRQHandler
                0x0000000000001420       0x86 build\.objs\CH32V208GBU_Templete\cross\riscv\release\sdk\LIB\ble_task_scheduler.S.o
                0x0000000000001420                LLE_IRQHandler
 *fill*         0x00000000000014a6        0x2 
 .highcode.ble_controller_scheduler
                0x00000000000014a8        0xa sdk\LIB\libwchble.a(ble_task_process.o)
 *fill*         0x00000000000014b2        0x2 
 .highcode.LLE_IRQLibHandler
                0x00000000000014b4       0x36 sdk\LIB\libwchble.a(ble_task_process.o)
                0x00000000000014b4                LLE_IRQLibHandler
                0x00000000000014ec                . = ALIGN (0x4)
 *fill*         0x00000000000014ea        0x2 

.text           0x00000000000014ec     0x94c4
                0x00000000000014ec                . = ALIGN (0x4)
 EXCLUDE_FILE(*wchble.a) *(.text .text*)
 .text.vector_handler
                0x00000000000014ec        0x2 build\.objs\CH32V208GBU_Templete\cross\riscv\release\sdk\Startup\startup_ch32v20x_D8W.S.o
                0x00000000000014ec                TIM1_CC_IRQHandler
                0x00000000000014ec                SysTick_Handler
                0x00000000000014ec                PVD_IRQHandler
                0x00000000000014ec                USBFS_IRQHandler
                0x00000000000014ec                I2C2_EV_IRQHandler
                0x00000000000014ec                ADC1_2_IRQHandler
                0x00000000000014ec                Break_Point_Handler
                0x00000000000014ec                SPI1_IRQHandler
                0x00000000000014ec                TAMPER_IRQHandler
                0x00000000000014ec                OSCWakeUp_IRQHandler
                0x00000000000014ec                DMA1_Channel4_IRQHandler
                0x00000000000014ec                USART3_IRQHandler
                0x00000000000014ec                RTC_IRQHandler
                0x00000000000014ec                DMA1_Channel7_IRQHandler
                0x00000000000014ec                CAN1_RX1_IRQHandler
                0x00000000000014ec                TIM4_IRQHandler
                0x00000000000014ec                I2C1_EV_IRQHandler
                0x00000000000014ec                DMA1_Channel6_IRQHandler
                0x00000000000014ec                UART4_IRQHandler
                0x00000000000014ec                TIM3_IRQHandler
                0x00000000000014ec                RCC_IRQHandler
                0x00000000000014ec                TIM1_TRG_COM_IRQHandler
                0x00000000000014ec                DMA1_Channel1_IRQHandler
                0x00000000000014ec                EXTI15_10_IRQHandler
                0x00000000000014ec                DMA1_Channel8_IRQHandler
                0x00000000000014ec                TIM5_IRQHandler
                0x00000000000014ec                SPI2_IRQHandler
                0x00000000000014ec                OSC32KCal_IRQHandler
                0x00000000000014ec                DMA1_Channel5_IRQHandler
                0x00000000000014ec                USB_HP_CAN1_TX_IRQHandler
                0x00000000000014ec                DMA1_Channel3_IRQHandler
                0x00000000000014ec                ETH_IRQHandler
                0x00000000000014ec                TIM1_UP_IRQHandler
                0x00000000000014ec                WWDG_IRQHandler
                0x00000000000014ec                SW_Handler
                0x00000000000014ec                TIM1_BRK_IRQHandler
                0x00000000000014ec                ETHWakeUp_IRQHandler
                0x00000000000014ec                I2C2_ER_IRQHandler
                0x00000000000014ec                DMA1_Channel2_IRQHandler
                0x00000000000014ec                CAN1_SCE_IRQHandler
                0x00000000000014ec                FLASH_IRQHandler
                0x00000000000014ec                USBFSWakeUp_IRQHandler
                0x00000000000014ec                USART1_IRQHandler
                0x00000000000014ec                I2C1_ER_IRQHandler
 .text.handle_reset
                0x00000000000014ee       0x8a build\.objs\CH32V208GBU_Templete\cross\riscv\release\sdk\Startup\startup_ch32v20x_D8W.S.o
                0x00000000000014ee                handle_reset
 .text.ledMsg_task_process_event
                0x0000000000001578       0xb4 build\.objs\CH32V208GBU_Templete\cross\riscv\release\app\tasks\tmos_led_task.c.o
 .text.led_task_process_event
                0x000000000000162c      0x11c build\.objs\CH32V208GBU_Templete\cross\riscv\release\app\tasks\tmos_led_task.c.o
 .text.led_task_init
                0x0000000000001748       0x54 build\.objs\CH32V208GBU_Templete\cross\riscv\release\app\tasks\tmos_led_task.c.o
                0x0000000000001748                led_task_init
 .text.Standard_GetConfiguration
                0x000000000000179c       0x22 build\.objs\CH32V208GBU_Templete\cross\riscv\release\sdk\USBLIB\USB-Driver\src\usb_core.c.o
                0x000000000000179c                Standard_GetConfiguration
 .text.Standard_GetInterface
                0x00000000000017be       0x22 build\.objs\CH32V208GBU_Templete\cross\riscv\release\sdk\USBLIB\USB-Driver\src\usb_core.c.o
                0x00000000000017be                Standard_GetInterface
 .text.Standard_GetStatus
                0x00000000000017e0       0x92 build\.objs\CH32V208GBU_Templete\cross\riscv\release\sdk\USBLIB\USB-Driver\src\usb_core.c.o
                0x00000000000017e0                Standard_GetStatus
 .text.DataStageIn
                0x0000000000001872       0xae build\.objs\CH32V208GBU_Templete\cross\riscv\release\sdk\USBLIB\USB-Driver\src\usb_core.c.o
 .text.Standard_SetConfiguration
                0x0000000000001920       0x2e build\.objs\CH32V208GBU_Templete\cross\riscv\release\sdk\USBLIB\USB-Driver\src\usb_core.c.o
                0x0000000000001920                Standard_SetConfiguration
 .text.Standard_SetInterface
                0x000000000000194e       0x4a build\.objs\CH32V208GBU_Templete\cross\riscv\release\sdk\USBLIB\USB-Driver\src\usb_core.c.o
                0x000000000000194e                Standard_SetInterface
 .text.Standard_ClearFeature
                0x0000000000001998      0x116 build\.objs\CH32V208GBU_Templete\cross\riscv\release\sdk\USBLIB\USB-Driver\src\usb_core.c.o
                0x0000000000001998                Standard_ClearFeature
 .text.Standard_SetEndPointFeature
                0x0000000000001aae       0xb6 build\.objs\CH32V208GBU_Templete\cross\riscv\release\sdk\USBLIB\USB-Driver\src\usb_core.c.o
                0x0000000000001aae                Standard_SetEndPointFeature
 .text.Standard_SetDeviceFeature
                0x0000000000001b64       0x1e build\.objs\CH32V208GBU_Templete\cross\riscv\release\sdk\USBLIB\USB-Driver\src\usb_core.c.o
                0x0000000000001b64                Standard_SetDeviceFeature
 .text.Standard_GetDescriptorData
                0x0000000000001b82       0x16 build\.objs\CH32V208GBU_Templete\cross\riscv\release\sdk\USBLIB\USB-Driver\src\usb_core.c.o
                0x0000000000001b82                Standard_GetDescriptorData
 .text.Post0_Process
                0x0000000000001b98       0x34 build\.objs\CH32V208GBU_Templete\cross\riscv\release\sdk\USBLIB\USB-Driver\src\usb_core.c.o
                0x0000000000001b98                Post0_Process
 .text.Setup0_Process
                0x0000000000001bcc      0x2e6 build\.objs\CH32V208GBU_Templete\cross\riscv\release\sdk\USBLIB\USB-Driver\src\usb_core.c.o
                0x0000000000001bcc                Setup0_Process
 .text.Out0_Process
                0x0000000000001eb2       0xc6 build\.objs\CH32V208GBU_Templete\cross\riscv\release\sdk\USBLIB\USB-Driver\src\usb_core.c.o
                0x0000000000001eb2                Out0_Process
 .text.SetDeviceAddress
                0x0000000000001f78       0x42 build\.objs\CH32V208GBU_Templete\cross\riscv\release\sdk\USBLIB\USB-Driver\src\usb_core.c.o
                0x0000000000001f78                SetDeviceAddress
 .text.In0_Process
                0x0000000000001fba       0x5a build\.objs\CH32V208GBU_Templete\cross\riscv\release\sdk\USBLIB\USB-Driver\src\usb_core.c.o
                0x0000000000001fba                In0_Process
 .text.NOP_Process
                0x0000000000002014        0x2 build\.objs\CH32V208GBU_Templete\cross\riscv\release\sdk\USBLIB\USB-Driver\src\usb_core.c.o
                0x0000000000002014                NOP_Process
 .text.USB_Init
                0x0000000000002016       0x28 build\.objs\CH32V208GBU_Templete\cross\riscv\release\sdk\USBLIB\USB-Driver\src\usb_init.c.o
                0x0000000000002016                USB_Init
 .text.CTR_LP   0x000000000000203e      0x3a2 build\.objs\CH32V208GBU_Templete\cross\riscv\release\sdk\USBLIB\USB-Driver\src\usb_int.c.o
                0x000000000000203e                CTR_LP
 .text.UserToPMABufferCopy
                0x00000000000023e0       0x24 build\.objs\CH32V208GBU_Templete\cross\riscv\release\sdk\USBLIB\USB-Driver\src\usb_mem.c.o
                0x00000000000023e0                UserToPMABufferCopy
 .text.PMAToUserBufferCopy
                0x0000000000002404       0x1e build\.objs\CH32V208GBU_Templete\cross\riscv\release\sdk\USBLIB\USB-Driver\src\usb_mem.c.o
                0x0000000000002404                PMAToUserBufferCopy
 .text.SetBTABLE
                0x0000000000002422       0x10 build\.objs\CH32V208GBU_Templete\cross\riscv\release\sdk\USBLIB\USB-Driver\src\usb_regs.c.o
                0x0000000000002422                SetBTABLE
 .text.SetEPType
                0x0000000000002432       0x20 build\.objs\CH32V208GBU_Templete\cross\riscv\release\sdk\USBLIB\USB-Driver\src\usb_regs.c.o
                0x0000000000002432                SetEPType
 .text.SetEPTxStatus
                0x0000000000002452       0x48 build\.objs\CH32V208GBU_Templete\cross\riscv\release\sdk\USBLIB\USB-Driver\src\usb_regs.c.o
                0x0000000000002452                SetEPTxStatus
 .text.SetEPRxStatus
                0x000000000000249a       0x54 build\.objs\CH32V208GBU_Templete\cross\riscv\release\sdk\USBLIB\USB-Driver\src\usb_regs.c.o
                0x000000000000249a                SetEPRxStatus
 .text.SetEPRxValid
                0x00000000000024ee       0x3c build\.objs\CH32V208GBU_Templete\cross\riscv\release\sdk\USBLIB\USB-Driver\src\usb_regs.c.o
                0x00000000000024ee                SetEPRxValid
 .text.ClearEP_KIND
                0x000000000000252a       0x26 build\.objs\CH32V208GBU_Templete\cross\riscv\release\sdk\USBLIB\USB-Driver\src\usb_regs.c.o
                0x000000000000252a                ClearEP_KIND
 .text.Clear_Status_Out
                0x0000000000002550        0x2 build\.objs\CH32V208GBU_Templete\cross\riscv\release\sdk\USBLIB\USB-Driver\src\usb_regs.c.o
                0x0000000000002550                Clear_Status_Out
 .text.ClearDTOG_RX
                0x0000000000002552       0x2a build\.objs\CH32V208GBU_Templete\cross\riscv\release\sdk\USBLIB\USB-Driver\src\usb_regs.c.o
                0x0000000000002552                ClearDTOG_RX
 .text.ClearDTOG_TX
                0x000000000000257c       0x2a build\.objs\CH32V208GBU_Templete\cross\riscv\release\sdk\USBLIB\USB-Driver\src\usb_regs.c.o
                0x000000000000257c                ClearDTOG_TX
 .text.SetEPTxAddr
                0x00000000000025a6       0x20 build\.objs\CH32V208GBU_Templete\cross\riscv\release\sdk\USBLIB\USB-Driver\src\usb_regs.c.o
                0x00000000000025a6                SetEPTxAddr
 .text.SetEPRxAddr
                0x00000000000025c6       0x22 build\.objs\CH32V208GBU_Templete\cross\riscv\release\sdk\USBLIB\USB-Driver\src\usb_regs.c.o
                0x00000000000025c6                SetEPRxAddr
 .text.GetEPTxAddr
                0x00000000000025e8       0x1e build\.objs\CH32V208GBU_Templete\cross\riscv\release\sdk\USBLIB\USB-Driver\src\usb_regs.c.o
                0x00000000000025e8                GetEPTxAddr
 .text.GetEPRxAddr
                0x0000000000002606       0x20 build\.objs\CH32V208GBU_Templete\cross\riscv\release\sdk\USBLIB\USB-Driver\src\usb_regs.c.o
                0x0000000000002606                GetEPRxAddr
 .text.SetEPTxCount
                0x0000000000002626       0x1e build\.objs\CH32V208GBU_Templete\cross\riscv\release\sdk\USBLIB\USB-Driver\src\usb_regs.c.o
                0x0000000000002626                SetEPTxCount
 .text.SetEPRxCount
                0x0000000000002644       0x82 build\.objs\CH32V208GBU_Templete\cross\riscv\release\sdk\USBLIB\USB-Driver\src\usb_regs.c.o
                0x0000000000002644                SetEPRxCount
 .text.GetEPRxCount
                0x00000000000026c6       0x24 build\.objs\CH32V208GBU_Templete\cross\riscv\release\sdk\USBLIB\USB-Driver\src\usb_regs.c.o
                0x00000000000026c6                GetEPRxCount
 .text.ByteSwap
                0x00000000000026ea        0xe build\.objs\CH32V208GBU_Templete\cross\riscv\release\sdk\USBLIB\USB-Driver\src\usb_regs.c.o
                0x00000000000026ea                ByteSwap
 .text.USB_SIL_Init
                0x00000000000026f8       0x26 build\.objs\CH32V208GBU_Templete\cross\riscv\release\sdk\USBLIB\USB-Driver\src\usb_sil.c.o
                0x00000000000026f8                USB_SIL_Init
 .text.USBWakeUp_IRQHandler
                0x000000000000271e        0xc build\.objs\CH32V208GBU_Templete\cross\riscv\release\sdk\USBLIB\CONFIG\hw_config.c.o
                0x000000000000271e                USBWakeUp_IRQHandler
 .text.USB_LP_CAN1_RX0_IRQHandler
                0x000000000000272a        0x6 build\.objs\CH32V208GBU_Templete\cross\riscv\release\sdk\USBLIB\CONFIG\hw_config.c.o
                0x000000000000272a                USB_LP_CAN1_RX0_IRQHandler
 .text.Set_USBConfig
                0x0000000000002730       0x6e build\.objs\CH32V208GBU_Templete\cross\riscv\release\sdk\USBLIB\CONFIG\hw_config.c.o
                0x0000000000002730                Set_USBConfig
 .text.Enter_LowPowerMode
                0x000000000000279e        0x8 build\.objs\CH32V208GBU_Templete\cross\riscv\release\sdk\USBLIB\CONFIG\hw_config.c.o
                0x000000000000279e                Enter_LowPowerMode
 .text.Leave_LowPowerMode
                0x00000000000027a6       0x12 build\.objs\CH32V208GBU_Templete\cross\riscv\release\sdk\USBLIB\CONFIG\hw_config.c.o
                0x00000000000027a6                Leave_LowPowerMode
 .text.USB_Interrupts_Config
                0x00000000000027b8       0x46 build\.objs\CH32V208GBU_Templete\cross\riscv\release\sdk\USBLIB\CONFIG\hw_config.c.o
                0x00000000000027b8                USB_Interrupts_Config
 .text.USB_Port_Set
                0x00000000000027fe       0x9a build\.objs\CH32V208GBU_Templete\cross\riscv\release\sdk\USBLIB\CONFIG\hw_config.c.o
                0x00000000000027fe                USB_Port_Set
 .text.EP1_IN_Callback
                0x0000000000002898        0x2 build\.objs\CH32V208GBU_Templete\cross\riscv\release\sdk\USBLIB\CONFIG\usb_endp.c.o
                0x0000000000002898                EP1_IN_Callback
 .text.EP2_OUT_Callback
                0x000000000000289a       0x9e build\.objs\CH32V208GBU_Templete\cross\riscv\release\sdk\USBLIB\CONFIG\usb_endp.c.o
                0x000000000000289a                EP2_OUT_Callback
 .text.EP3_IN_Callback
                0x0000000000002938        0x6 build\.objs\CH32V208GBU_Templete\cross\riscv\release\sdk\USBLIB\CONFIG\usb_endp.c.o
                0x0000000000002938                EP3_IN_Callback
 .text.USB_Istr
                0x000000000000293e      0x21a build\.objs\CH32V208GBU_Templete\cross\riscv\release\sdk\USBLIB\CONFIG\usb_istr.c.o
                0x000000000000293e                USB_Istr
 .text.USBD_SetConfiguration
                0x0000000000002b58        0xe build\.objs\CH32V208GBU_Templete\cross\riscv\release\sdk\USBLIB\CONFIG\usb_prop.c.o
                0x0000000000002b58                USBD_SetConfiguration
 .text.USBD_SetDeviceAddress
                0x0000000000002b66        0x8 build\.objs\CH32V208GBU_Templete\cross\riscv\release\sdk\USBLIB\CONFIG\usb_prop.c.o
                0x0000000000002b66                USBD_SetDeviceAddress
 .text.USBD_SetDeviceFeature
                0x0000000000002b6e        0x2 build\.objs\CH32V208GBU_Templete\cross\riscv\release\sdk\USBLIB\CONFIG\usb_prop.c.o
                0x0000000000002b6e                USBD_SetDeviceFeature
 .text.USBD_Get_Interface_Setting
                0x0000000000002b70       0x12 build\.objs\CH32V208GBU_Templete\cross\riscv\release\sdk\USBLIB\CONFIG\usb_prop.c.o
                0x0000000000002b70                USBD_Get_Interface_Setting
 .text.USB_CDC_GetLineCoding
                0x0000000000002b82       0x12 build\.objs\CH32V208GBU_Templete\cross\riscv\release\sdk\USBLIB\CONFIG\usb_prop.c.o
                0x0000000000002b82                USB_CDC_GetLineCoding
 .text.USB_CDC_SetLineCoding
                0x0000000000002b94        0x2 build\.objs\CH32V208GBU_Templete\cross\riscv\release\sdk\USBLIB\CONFIG\usb_prop.c.o
                0x0000000000002b94                USB_CDC_SetLineCoding
 .text.USBD_Data_Setup
                0x0000000000002b96       0x46 build\.objs\CH32V208GBU_Templete\cross\riscv\release\sdk\USBLIB\CONFIG\usb_prop.c.o
                0x0000000000002b96                USBD_Data_Setup
 .text.USBD_NoData_Setup
                0x0000000000002bdc       0x2c build\.objs\CH32V208GBU_Templete\cross\riscv\release\sdk\USBLIB\CONFIG\usb_prop.c.o
                0x0000000000002bdc                USBD_NoData_Setup
 .text.USBD_Status_In
                0x0000000000002c08       0x22 build\.objs\CH32V208GBU_Templete\cross\riscv\release\sdk\USBLIB\CONFIG\usb_prop.c.o
                0x0000000000002c08                USBD_Status_In
 .text.USBD_init
                0x0000000000002c2a       0x5c build\.objs\CH32V208GBU_Templete\cross\riscv\release\sdk\USBLIB\CONFIG\usb_prop.c.o
                0x0000000000002c2a                USBD_init
 .text.USBD_Reset
                0x0000000000002c86      0x204 build\.objs\CH32V208GBU_Templete\cross\riscv\release\sdk\USBLIB\CONFIG\usb_prop.c.o
                0x0000000000002c86                USBD_Reset
 .text.USBD_GetDeviceDescriptor
                0x0000000000002e8a        0x8 build\.objs\CH32V208GBU_Templete\cross\riscv\release\sdk\USBLIB\CONFIG\usb_prop.c.o
                0x0000000000002e8a                USBD_GetDeviceDescriptor
 .text.USBD_GetConfigDescriptor
                0x0000000000002e92        0xc build\.objs\CH32V208GBU_Templete\cross\riscv\release\sdk\USBLIB\CONFIG\usb_prop.c.o
                0x0000000000002e92                USBD_GetConfigDescriptor
 .text.USBD_GetStringDescriptor
                0x0000000000002e9e       0x20 build\.objs\CH32V208GBU_Templete\cross\riscv\release\sdk\USBLIB\CONFIG\usb_prop.c.o
                0x0000000000002e9e                USBD_GetStringDescriptor
 .text.USBD_Status_Out
                0x0000000000002ebe        0x2 build\.objs\CH32V208GBU_Templete\cross\riscv\release\sdk\USBLIB\CONFIG\usb_prop.c.o
                0x0000000000002ebe                USBD_Status_Out
 .text.USBD_ClearFeature
                0x0000000000002ec0        0x2 build\.objs\CH32V208GBU_Templete\cross\riscv\release\sdk\USBLIB\CONFIG\usb_prop.c.o
                0x0000000000002ec0                USBD_ClearFeature
 .text.PowerOn  0x0000000000002ec2       0x28 build\.objs\CH32V208GBU_Templete\cross\riscv\release\sdk\USBLIB\CONFIG\usb_pwr.c.o
                0x0000000000002ec2                PowerOn
 .text.Suspend  0x0000000000002eea       0xb4 build\.objs\CH32V208GBU_Templete\cross\riscv\release\sdk\USBLIB\CONFIG\usb_pwr.c.o
                0x0000000000002eea                Suspend
 .text.Resume_Init
                0x0000000000002f9e       0x2a build\.objs\CH32V208GBU_Templete\cross\riscv\release\sdk\USBLIB\CONFIG\usb_pwr.c.o
                0x0000000000002f9e                Resume_Init
 .text.Resume   0x0000000000002fc8       0xae build\.objs\CH32V208GBU_Templete\cross\riscv\release\sdk\USBLIB\CONFIG\usb_pwr.c.o
                0x0000000000002fc8                Resume
 .text.ADC_DeInit
                0x0000000000003076       0x46 build\.objs\CH32V208GBU_Templete\cross\riscv\release\sdk\Peripheral\src\ch32v20x_adc.c.o
                0x0000000000003076                ADC_DeInit
 .text.ADC_Init
                0x00000000000030bc       0x56 build\.objs\CH32V208GBU_Templete\cross\riscv\release\sdk\Peripheral\src\ch32v20x_adc.c.o
                0x00000000000030bc                ADC_Init
 .text.ADC_Cmd  0x0000000000003112       0x10 build\.objs\CH32V208GBU_Templete\cross\riscv\release\sdk\Peripheral\src\ch32v20x_adc.c.o
                0x0000000000003112                ADC_Cmd
 .text.ADC_SoftwareStartConvCmd
                0x0000000000003122       0x18 build\.objs\CH32V208GBU_Templete\cross\riscv\release\sdk\Peripheral\src\ch32v20x_adc.c.o
                0x0000000000003122                ADC_SoftwareStartConvCmd
 .text.ADC_RegularChannelConfig
                0x000000000000313a       0xb8 build\.objs\CH32V208GBU_Templete\cross\riscv\release\sdk\Peripheral\src\ch32v20x_adc.c.o
                0x000000000000313a                ADC_RegularChannelConfig
 .text.ADC_GetConversionValue
                0x00000000000031f2        0x8 build\.objs\CH32V208GBU_Templete\cross\riscv\release\sdk\Peripheral\src\ch32v20x_adc.c.o
                0x00000000000031f2                ADC_GetConversionValue
 .text.ADC_TempSensorVrefintCmd
                0x00000000000031fa       0x20 build\.objs\CH32V208GBU_Templete\cross\riscv\release\sdk\Peripheral\src\ch32v20x_adc.c.o
                0x00000000000031fa                ADC_TempSensorVrefintCmd
 .text.ADC_GetFlagStatus
                0x000000000000321a        0xc build\.objs\CH32V208GBU_Templete\cross\riscv\release\sdk\Peripheral\src\ch32v20x_adc.c.o
                0x000000000000321a                ADC_GetFlagStatus
 .text.ADC_BufferCmd
                0x0000000000003226       0x18 build\.objs\CH32V208GBU_Templete\cross\riscv\release\sdk\Peripheral\src\ch32v20x_adc.c.o
                0x0000000000003226                ADC_BufferCmd
 .text.DMA_Init
                0x000000000000323e       0x38 build\.objs\CH32V208GBU_Templete\cross\riscv\release\sdk\Peripheral\src\ch32v20x_dma.c.o
                0x000000000000323e                DMA_Init
 .text.DMA_StructInit
                0x0000000000003276       0x2e build\.objs\CH32V208GBU_Templete\cross\riscv\release\sdk\Peripheral\src\ch32v20x_dma.c.o
                0x0000000000003276                DMA_StructInit
 .text.DMA_Cmd  0x00000000000032a4       0x14 build\.objs\CH32V208GBU_Templete\cross\riscv\release\sdk\Peripheral\src\ch32v20x_dma.c.o
                0x00000000000032a4                DMA_Cmd
 .text.DMA_ITConfig
                0x00000000000032b8       0x14 build\.objs\CH32V208GBU_Templete\cross\riscv\release\sdk\Peripheral\src\ch32v20x_dma.c.o
                0x00000000000032b8                DMA_ITConfig
 .text.EXTI_Init
                0x00000000000032cc       0x62 build\.objs\CH32V208GBU_Templete\cross\riscv\release\sdk\Peripheral\src\ch32v20x_exti.c.o
                0x00000000000032cc                EXTI_Init
 .text.EXTI_GetITStatus
                0x000000000000332e       0x1a build\.objs\CH32V208GBU_Templete\cross\riscv\release\sdk\Peripheral\src\ch32v20x_exti.c.o
                0x000000000000332e                EXTI_GetITStatus
 .text.EXTI_ClearITPendingBit
                0x0000000000003348        0xc build\.objs\CH32V208GBU_Templete\cross\riscv\release\sdk\Peripheral\src\ch32v20x_exti.c.o
                0x0000000000003348                EXTI_ClearITPendingBit
 .text.FLASH_Unlock_Fast
                0x0000000000003354       0x1e build\.objs\CH32V208GBU_Templete\cross\riscv\release\sdk\Peripheral\src\ch32v20x_flash.c.o
                0x0000000000003354                FLASH_Unlock_Fast
 .text.FLASH_Lock_Fast
                0x0000000000003372        0xe build\.objs\CH32V208GBU_Templete\cross\riscv\release\sdk\Peripheral\src\ch32v20x_flash.c.o
                0x0000000000003372                FLASH_Lock_Fast
 .text.FLASH_ErasePage_Fast
                0x0000000000003380       0x2e build\.objs\CH32V208GBU_Templete\cross\riscv\release\sdk\Peripheral\src\ch32v20x_flash.c.o
                0x0000000000003380                FLASH_ErasePage_Fast
 .text.FLASH_ProgramPage_Fast
                0x00000000000033ae       0x64 build\.objs\CH32V208GBU_Templete\cross\riscv\release\sdk\Peripheral\src\ch32v20x_flash.c.o
                0x00000000000033ae                FLASH_ProgramPage_Fast
 .text.FLASH_GetMACAddress
                0x0000000000003412       0x26 build\.objs\CH32V208GBU_Templete\cross\riscv\release\sdk\Peripheral\src\ch32v20x_flash.c.o
                0x0000000000003412                FLASH_GetMACAddress
 .text.GPIO_Init
                0x0000000000003438       0xbc build\.objs\CH32V208GBU_Templete\cross\riscv\release\sdk\Peripheral\src\ch32v20x_gpio.c.o
                0x0000000000003438                GPIO_Init
 .text.GPIO_WriteBit
                0x00000000000034f4        0xa build\.objs\CH32V208GBU_Templete\cross\riscv\release\sdk\Peripheral\src\ch32v20x_gpio.c.o
                0x00000000000034f4                GPIO_WriteBit
 .text.I2C_Init
                0x00000000000034fe      0x100 build\.objs\CH32V208GBU_Templete\cross\riscv\release\sdk\Peripheral\src\ch32v20x_i2c.c.o
                0x00000000000034fe                I2C_Init
 .text.I2C_StructInit
                0x00000000000035fe       0x18 build\.objs\CH32V208GBU_Templete\cross\riscv\release\sdk\Peripheral\src\ch32v20x_i2c.c.o
                0x00000000000035fe                I2C_StructInit
 .text.I2C_Cmd  0x0000000000003616       0x18 build\.objs\CH32V208GBU_Templete\cross\riscv\release\sdk\Peripheral\src\ch32v20x_i2c.c.o
                0x0000000000003616                I2C_Cmd
 .text.I2C_DMACmd
                0x000000000000362e       0x1e build\.objs\CH32V208GBU_Templete\cross\riscv\release\sdk\Peripheral\src\ch32v20x_i2c.c.o
                0x000000000000362e                I2C_DMACmd
 .text.I2C_GenerateSTART
                0x000000000000364c       0x1a build\.objs\CH32V208GBU_Templete\cross\riscv\release\sdk\Peripheral\src\ch32v20x_i2c.c.o
                0x000000000000364c                I2C_GenerateSTART
 .text.I2C_GenerateSTOP
                0x0000000000003666       0x1a build\.objs\CH32V208GBU_Templete\cross\riscv\release\sdk\Peripheral\src\ch32v20x_i2c.c.o
                0x0000000000003666                I2C_GenerateSTOP
 .text.I2C_ITConfig
                0x0000000000003680       0x12 build\.objs\CH32V208GBU_Templete\cross\riscv\release\sdk\Peripheral\src\ch32v20x_i2c.c.o
                0x0000000000003680                I2C_ITConfig
 .text.I2C_SendData
                0x0000000000003692        0x4 build\.objs\CH32V208GBU_Templete\cross\riscv\release\sdk\Peripheral\src\ch32v20x_i2c.c.o
                0x0000000000003692                I2C_SendData
 .text.I2C_Send7bitAddress
                0x0000000000003696        0xe build\.objs\CH32V208GBU_Templete\cross\riscv\release\sdk\Peripheral\src\ch32v20x_i2c.c.o
                0x0000000000003696                I2C_Send7bitAddress
 .text.I2C_CheckEvent
                0x00000000000036a4       0x16 build\.objs\CH32V208GBU_Templete\cross\riscv\release\sdk\Peripheral\src\ch32v20x_i2c.c.o
                0x00000000000036a4                I2C_CheckEvent
 .text.I2C_GetFlagStatus
                0x00000000000036ba       0x32 build\.objs\CH32V208GBU_Templete\cross\riscv\release\sdk\Peripheral\src\ch32v20x_i2c.c.o
                0x00000000000036ba                I2C_GetFlagStatus
 .text.NVIC_PriorityGroupConfig
                0x00000000000036ec        0x6 build\.objs\CH32V208GBU_Templete\cross\riscv\release\sdk\Peripheral\src\ch32v20x_misc.c.o
                0x00000000000036ec                NVIC_PriorityGroupConfig
 .text.NVIC_Init
                0x00000000000036f2       0x62 build\.objs\CH32V208GBU_Templete\cross\riscv\release\sdk\Peripheral\src\ch32v20x_misc.c.o
                0x00000000000036f2                NVIC_Init
 .text.PWR_BackupAccessCmd
                0x0000000000003754       0x16 build\.objs\CH32V208GBU_Templete\cross\riscv\release\sdk\Peripheral\src\ch32v20x_pwr.c.o
                0x0000000000003754                PWR_BackupAccessCmd
 .text.RCC_USBCLKConfig
                0x000000000000376a       0x1a build\.objs\CH32V208GBU_Templete\cross\riscv\release\sdk\Peripheral\src\ch32v20x_rcc.c.o
                0x000000000000376a                RCC_USBCLKConfig
 .text.RCC_ADCCLKConfig
                0x0000000000003784       0x12 build\.objs\CH32V208GBU_Templete\cross\riscv\release\sdk\Peripheral\src\ch32v20x_rcc.c.o
                0x0000000000003784                RCC_ADCCLKConfig
 .text.RCC_LSEConfig
                0x0000000000003796       0x28 build\.objs\CH32V208GBU_Templete\cross\riscv\release\sdk\Peripheral\src\ch32v20x_rcc.c.o
                0x0000000000003796                RCC_LSEConfig
 .text.RCC_LSICmd
                0x00000000000037be       0x14 build\.objs\CH32V208GBU_Templete\cross\riscv\release\sdk\Peripheral\src\ch32v20x_rcc.c.o
                0x00000000000037be                RCC_LSICmd
 .text.RCC_RTCCLKConfig
                0x00000000000037d2        0xc build\.objs\CH32V208GBU_Templete\cross\riscv\release\sdk\Peripheral\src\ch32v20x_rcc.c.o
                0x00000000000037d2                RCC_RTCCLKConfig
 .text.RCC_RTCCLKCmd
                0x00000000000037de       0x20 build\.objs\CH32V208GBU_Templete\cross\riscv\release\sdk\Peripheral\src\ch32v20x_rcc.c.o
                0x00000000000037de                RCC_RTCCLKCmd
 .text.RCC_GetClocksFreq
                0x00000000000037fe       0xda build\.objs\CH32V208GBU_Templete\cross\riscv\release\sdk\Peripheral\src\ch32v20x_rcc.c.o
                0x00000000000037fe                RCC_GetClocksFreq
 .text.RCC_AHBPeriphClockCmd
                0x00000000000038d8       0x1e build\.objs\CH32V208GBU_Templete\cross\riscv\release\sdk\Peripheral\src\ch32v20x_rcc.c.o
                0x00000000000038d8                RCC_AHBPeriphClockCmd
 .text.RCC_APB2PeriphClockCmd
                0x00000000000038f6       0x1e build\.objs\CH32V208GBU_Templete\cross\riscv\release\sdk\Peripheral\src\ch32v20x_rcc.c.o
                0x00000000000038f6                RCC_APB2PeriphClockCmd
 .text.RCC_APB1PeriphClockCmd
                0x0000000000003914       0x1e build\.objs\CH32V208GBU_Templete\cross\riscv\release\sdk\Peripheral\src\ch32v20x_rcc.c.o
                0x0000000000003914                RCC_APB1PeriphClockCmd
 .text.RCC_APB2PeriphResetCmd
                0x0000000000003932       0x1e build\.objs\CH32V208GBU_Templete\cross\riscv\release\sdk\Peripheral\src\ch32v20x_rcc.c.o
                0x0000000000003932                RCC_APB2PeriphResetCmd
 .text.RCC_APB1PeriphResetCmd
                0x0000000000003950       0x1e build\.objs\CH32V208GBU_Templete\cross\riscv\release\sdk\Peripheral\src\ch32v20x_rcc.c.o
                0x0000000000003950                RCC_APB1PeriphResetCmd
 .text.RCC_USB5PRE_JUDGE
                0x000000000000396e        0x4 build\.objs\CH32V208GBU_Templete\cross\riscv\release\sdk\Peripheral\src\ch32v20x_rcc.c.o
                0x000000000000396e                RCC_USB5PRE_JUDGE
 .text.RTC_EnterConfigMode
                0x0000000000003972       0x12 build\.objs\CH32V208GBU_Templete\cross\riscv\release\sdk\Peripheral\src\ch32v20x_rtc.c.o
                0x0000000000003972                RTC_EnterConfigMode
 .text.RTC_ExitConfigMode
                0x0000000000003984       0x18 build\.objs\CH32V208GBU_Templete\cross\riscv\release\sdk\Peripheral\src\ch32v20x_rtc.c.o
                0x0000000000003984                RTC_ExitConfigMode
 .text.RTC_GetCounter
                0x000000000000399c       0x62 build\.objs\CH32V208GBU_Templete\cross\riscv\release\sdk\Peripheral\src\ch32v20x_rtc.c.o
                0x000000000000399c                RTC_GetCounter
 .text.RTC_SetCounter
                0x00000000000039fe       0x22 build\.objs\CH32V208GBU_Templete\cross\riscv\release\sdk\Peripheral\src\ch32v20x_rtc.c.o
                0x00000000000039fe                RTC_SetCounter
 .text.RTC_SetPrescaler
                0x0000000000003a20       0x24 build\.objs\CH32V208GBU_Templete\cross\riscv\release\sdk\Peripheral\src\ch32v20x_rtc.c.o
                0x0000000000003a20                RTC_SetPrescaler
 .text.RTC_WaitForLastTask
                0x0000000000003a44       0x12 build\.objs\CH32V208GBU_Templete\cross\riscv\release\sdk\Peripheral\src\ch32v20x_rtc.c.o
                0x0000000000003a44                RTC_WaitForLastTask
 .text.RTC_ClearFlag
                0x0000000000003a56       0x14 build\.objs\CH32V208GBU_Templete\cross\riscv\release\sdk\Peripheral\src\ch32v20x_rtc.c.o
                0x0000000000003a56                RTC_ClearFlag
 .text.RTC_ClearITPendingBit
                0x0000000000003a6a        0x2 build\.objs\CH32V208GBU_Templete\cross\riscv\release\sdk\Peripheral\src\ch32v20x_rtc.c.o
                0x0000000000003a6a                RTC_ClearITPendingBit
 .text.Calibration_LSI
                0x0000000000003a6c      0x4d0 build\.objs\CH32V208GBU_Templete\cross\riscv\release\sdk\Peripheral\src\ch32v20x_rtc.c.o
                0x0000000000003a6c                Calibration_LSI
 .text.TIM_DeInit
                0x0000000000003f3c       0x8a build\.objs\CH32V208GBU_Templete\cross\riscv\release\sdk\Peripheral\src\ch32v20x_tim.c.o
                0x0000000000003f3c                TIM_DeInit
 .text.TIM_TimeBaseInit
                0x0000000000003fc6       0x62 build\.objs\CH32V208GBU_Templete\cross\riscv\release\sdk\Peripheral\src\ch32v20x_tim.c.o
                0x0000000000003fc6                TIM_TimeBaseInit
 .text.TIM_Cmd  0x0000000000004028       0x18 build\.objs\CH32V208GBU_Templete\cross\riscv\release\sdk\Peripheral\src\ch32v20x_tim.c.o
                0x0000000000004028                TIM_Cmd
 .text.TIM_ITConfig
                0x0000000000004040       0x12 build\.objs\CH32V208GBU_Templete\cross\riscv\release\sdk\Peripheral\src\ch32v20x_tim.c.o
                0x0000000000004040                TIM_ITConfig
 .text.TIM_ClearFlag
                0x0000000000004052        0xc build\.objs\CH32V208GBU_Templete\cross\riscv\release\sdk\Peripheral\src\ch32v20x_tim.c.o
                0x0000000000004052                TIM_ClearFlag
 .text.USART_Init
                0x000000000000405e       0xa6 build\.objs\CH32V208GBU_Templete\cross\riscv\release\sdk\Peripheral\src\ch32v20x_usart.c.o
                0x000000000000405e                USART_Init
 .text.USART_Cmd
                0x0000000000004104       0x14 build\.objs\CH32V208GBU_Templete\cross\riscv\release\sdk\Peripheral\src\ch32v20x_usart.c.o
                0x0000000000004104                USART_Cmd
 .text.USART_ITConfig
                0x0000000000004118       0x38 build\.objs\CH32V208GBU_Templete\cross\riscv\release\sdk\Peripheral\src\ch32v20x_usart.c.o
                0x0000000000004118                USART_ITConfig
 .text.USART_SendData
                0x0000000000004150        0x8 build\.objs\CH32V208GBU_Templete\cross\riscv\release\sdk\Peripheral\src\ch32v20x_usart.c.o
                0x0000000000004150                USART_SendData
 .text.USART_ClearFlag
                0x0000000000004158        0xc build\.objs\CH32V208GBU_Templete\cross\riscv\release\sdk\Peripheral\src\ch32v20x_usart.c.o
                0x0000000000004158                USART_ClearFlag
 .text.USART_GetITStatus
                0x0000000000004164       0x3e build\.objs\CH32V208GBU_Templete\cross\riscv\release\sdk\Peripheral\src\ch32v20x_usart.c.o
                0x0000000000004164                USART_GetITStatus
 .text.Lib_Calibration_LSI
                0x00000000000041a2        0x6 build\.objs\CH32V208GBU_Templete\cross\riscv\release\sdk\HAL\MCU.c.o
                0x00000000000041a2                Lib_Calibration_LSI
 .text.Lib_Read_Flash
                0x00000000000041a8       0x18 build\.objs\CH32V208GBU_Templete\cross\riscv\release\sdk\HAL\MCU.c.o
                0x00000000000041a8                Lib_Read_Flash
 .text.Lib_Write_Flash
                0x00000000000041c0       0x2c build\.objs\CH32V208GBU_Templete\cross\riscv\release\sdk\HAL\MCU.c.o
                0x00000000000041c0                Lib_Write_Flash
 .text.HAL_GetInterTempValue
                0x00000000000041ec      0x12a build\.objs\CH32V208GBU_Templete\cross\riscv\release\sdk\HAL\MCU.c.o
                0x00000000000041ec                HAL_GetInterTempValue
 .text.HAL_ProcessEvent
                0x0000000000004316       0x70 build\.objs\CH32V208GBU_Templete\cross\riscv\release\sdk\HAL\MCU.c.o
                0x0000000000004316                HAL_ProcessEvent
 .text.WCHBLE_Init
                0x0000000000004386      0x11c build\.objs\CH32V208GBU_Templete\cross\riscv\release\sdk\HAL\MCU.c.o
                0x0000000000004386                WCHBLE_Init
 .text.HAL_Init
                0x00000000000044a2       0x38 build\.objs\CH32V208GBU_Templete\cross\riscv\release\sdk\HAL\MCU.c.o
                0x00000000000044a2                HAL_Init
 .text.HAL_TimeInit
                0x00000000000044da       0x88 build\.objs\CH32V208GBU_Templete\cross\riscv\release\sdk\HAL\RTC.c.o
                0x00000000000044da                HAL_TimeInit
 .text.RTCAlarm_IRQHandler
                0x0000000000004562       0x1c build\.objs\CH32V208GBU_Templete\cross\riscv\release\sdk\HAL\RTC.c.o
                0x0000000000004562                RTCAlarm_IRQHandler
 .text.Delay_Init
                0x000000000000457e       0x26 build\.objs\CH32V208GBU_Templete\cross\riscv\release\sdk\Debug\debug.c.o
                0x000000000000457e                Delay_Init
 .text.Delay_Us
                0x00000000000045a4       0x36 build\.objs\CH32V208GBU_Templete\cross\riscv\release\sdk\Debug\debug.c.o
                0x00000000000045a4                Delay_Us
 .text.Delay_Ms
                0x00000000000045da       0x36 build\.objs\CH32V208GBU_Templete\cross\riscv\release\sdk\Debug\debug.c.o
                0x00000000000045da                Delay_Ms
 .text.USART_Printf_Init
                0x0000000000004610       0x94 build\.objs\CH32V208GBU_Templete\cross\riscv\release\sdk\Debug\debug.c.o
                0x0000000000004610                USART_Printf_Init
 .text._write   0x00000000000046a4       0x54 build\.objs\CH32V208GBU_Templete\cross\riscv\release\sdk\Debug\debug.c.o
                0x00000000000046a4                _write
 .text._sbrk    0x00000000000046f8       0x2a build\.objs\CH32V208GBU_Templete\cross\riscv\release\sdk\Debug\debug.c.o
                0x00000000000046f8                _sbrk
 .text.USART2_IRQHandler
                0x0000000000004722       0x4e build\.objs\CH32V208GBU_Templete\cross\riscv\release\sdk\Debug\debug.c.o
                0x0000000000004722                USART2_IRQHandler
 .text.OLED_WriteCommand
                0x0000000000004770       0x14 build\.objs\CH32V208GBU_Templete\cross\riscv\release\lib\oled\OLED.c.o
                0x0000000000004770                OLED_WriteCommand
 .text.OLED_WriteData
                0x0000000000004784       0x2a build\.objs\CH32V208GBU_Templete\cross\riscv\release\lib\oled\OLED.c.o
                0x0000000000004784                OLED_WriteData
 .text.OLED_SetCursor
                0x00000000000047ae       0x20 build\.objs\CH32V208GBU_Templete\cross\riscv\release\lib\oled\OLED.c.o
                0x00000000000047ae                OLED_SetCursor
 .text.OLED_Update
                0x00000000000047ce       0x30 build\.objs\CH32V208GBU_Templete\cross\riscv\release\lib\oled\OLED.c.o
                0x00000000000047ce                OLED_Update
 .text.OLED_Clear
                0x00000000000047fe       0x12 build\.objs\CH32V208GBU_Templete\cross\riscv\release\lib\oled\OLED.c.o
                0x00000000000047fe                OLED_Clear
 .text.OLED_Init
                0x0000000000004810       0xb6 build\.objs\CH32V208GBU_Templete\cross\riscv\release\lib\oled\OLED.c.o
                0x0000000000004810                OLED_Init
 .text.OLED_ClearArea
                0x00000000000048c6       0x90 build\.objs\CH32V208GBU_Templete\cross\riscv\release\lib\oled\OLED.c.o
                0x00000000000048c6                OLED_ClearArea
 .text.OLED_ShowImage
                0x0000000000004956       0xc2 build\.objs\CH32V208GBU_Templete\cross\riscv\release\lib\oled\OLED.c.o
                0x0000000000004956                OLED_ShowImage
 .text.OLED_ShowChar
                0x0000000000004a18       0x3c build\.objs\CH32V208GBU_Templete\cross\riscv\release\lib\oled\OLED.c.o
                0x0000000000004a18                OLED_ShowChar
 .text.OLED_ShowString
                0x0000000000004a54       0x34 build\.objs\CH32V208GBU_Templete\cross\riscv\release\lib\oled\OLED.c.o
                0x0000000000004a54                OLED_ShowString
 .text.RCC_Configuration
                0x0000000000004a88       0x2c build\.objs\CH32V208GBU_Templete\cross\riscv\release\bsp\UART\UART.c.o
                0x0000000000004a88                RCC_Configuration
 .text.TIM2_Init
                0x0000000000004ab4       0x6e build\.objs\CH32V208GBU_Templete\cross\riscv\release\bsp\UART\UART.c.o
                0x0000000000004ab4                TIM2_Init
 .text.UART2_USB_Init
                0x0000000000004b22       0x26 build\.objs\CH32V208GBU_Templete\cross\riscv\release\bsp\UART\UART.c.o
                0x0000000000004b22                UART2_USB_Init
 .text.board_init
                0x0000000000004b48       0x7c build\.objs\CH32V208GBU_Templete\cross\riscv\release\bsp\board.c.o
                0x0000000000004b48                board_init
 .text.gpio_get_pin
                0x0000000000004bc4       0x1e build\.objs\CH32V208GBU_Templete\cross\riscv\release\bsp\drv_gpio.c.o
 .text.gpio_irq_handler.part.0
                0x0000000000004be2       0x12 build\.objs\CH32V208GBU_Templete\cross\riscv\release\bsp\drv_gpio.c.o
 .text.gpio_init
                0x0000000000004bf4       0x2c build\.objs\CH32V208GBU_Templete\cross\riscv\release\bsp\drv_gpio.c.o
                0x0000000000004bf4                gpio_init
 .text.gpio_mode
                0x0000000000004c20       0x58 build\.objs\CH32V208GBU_Templete\cross\riscv\release\bsp\drv_gpio.c.o
                0x0000000000004c20                gpio_mode
 .text.gpio_write
                0x0000000000004c78       0x20 build\.objs\CH32V208GBU_Templete\cross\riscv\release\bsp\drv_gpio.c.o
                0x0000000000004c78                gpio_write
 .text.EXTI0_IRQHandler
                0x0000000000004c98       0x24 build\.objs\CH32V208GBU_Templete\cross\riscv\release\bsp\drv_gpio.c.o
                0x0000000000004c98                EXTI0_IRQHandler
 .text.EXTI1_IRQHandler
                0x0000000000004cbc       0x24 build\.objs\CH32V208GBU_Templete\cross\riscv\release\bsp\drv_gpio.c.o
                0x0000000000004cbc                EXTI1_IRQHandler
 .text.EXTI2_IRQHandler
                0x0000000000004ce0       0x24 build\.objs\CH32V208GBU_Templete\cross\riscv\release\bsp\drv_gpio.c.o
                0x0000000000004ce0                EXTI2_IRQHandler
 .text.EXTI3_IRQHandler
                0x0000000000004d04       0x24 build\.objs\CH32V208GBU_Templete\cross\riscv\release\bsp\drv_gpio.c.o
                0x0000000000004d04                EXTI3_IRQHandler
 .text.EXTI4_IRQHandler
                0x0000000000004d28       0x24 build\.objs\CH32V208GBU_Templete\cross\riscv\release\bsp\drv_gpio.c.o
                0x0000000000004d28                EXTI4_IRQHandler
 .text.EXTI9_5_IRQHandler
                0x0000000000004d4c       0x88 build\.objs\CH32V208GBU_Templete\cross\riscv\release\bsp\drv_gpio.c.o
                0x0000000000004d4c                EXTI9_5_IRQHandler
 .text.wait_flag
                0x0000000000004dd4       0x2c build\.objs\CH32V208GBU_Templete\cross\riscv\release\bsp\drv_i2c.c.o
 .text.wait_event
                0x0000000000004e00       0x28 build\.objs\CH32V208GBU_Templete\cross\riscv\release\bsp\drv_i2c.c.o
 .text.i2c_dma_config
                0x0000000000004e28       0x4c build\.objs\CH32V208GBU_Templete\cross\riscv\release\bsp\drv_i2c.c.o
 .text.bsp_i2c_init
                0x0000000000004e74      0x138 build\.objs\CH32V208GBU_Templete\cross\riscv\release\bsp\drv_i2c.c.o
                0x0000000000004e74                bsp_i2c_init
 .text.bsp_i2c_write_register_polling
                0x0000000000004fac      0x120 build\.objs\CH32V208GBU_Templete\cross\riscv\release\bsp\drv_i2c.c.o
                0x0000000000004fac                bsp_i2c_write_register_polling
 .text.bsp_i2c_write_register_it
                0x00000000000050cc       0x94 build\.objs\CH32V208GBU_Templete\cross\riscv\release\bsp\drv_i2c.c.o
                0x00000000000050cc                bsp_i2c_write_register_it
 .text.bsp_i2c_write_dma
                0x0000000000005160       0x9c build\.objs\CH32V208GBU_Templete\cross\riscv\release\bsp\drv_i2c.c.o
                0x0000000000005160                bsp_i2c_write_dma
 .text.bsp_i2c_write_register_dma
                0x00000000000051fc       0x6e build\.objs\CH32V208GBU_Templete\cross\riscv\release\bsp\drv_i2c.c.o
                0x00000000000051fc                bsp_i2c_write_register_dma
 .text.bsp_i2c_write_register
                0x000000000000526a       0x52 build\.objs\CH32V208GBU_Templete\cross\riscv\release\bsp\drv_i2c.c.o
                0x000000000000526a                bsp_i2c_write_register
 .text.bsp_i2c_write_byte
                0x00000000000052bc       0x18 build\.objs\CH32V208GBU_Templete\cross\riscv\release\bsp\drv_i2c.c.o
                0x00000000000052bc                bsp_i2c_write_byte
 .text.CDC_StoreReceivedData
                0x00000000000052d4       0x50 build\.objs\CH32V208GBU_Templete\cross\riscv\release\bsp\usb_cdc.c.o
                0x00000000000052d4                CDC_StoreReceivedData
 .text.NMI_Handler
                0x0000000000005324        0x4 build\.objs\CH32V208GBU_Templete\cross\riscv\release\app\ch32v20x_it.c.o
                0x0000000000005324                NMI_Handler
 .text.HardFault_Handler
                0x0000000000005328       0x10 build\.objs\CH32V208GBU_Templete\cross\riscv\release\app\ch32v20x_it.c.o
                0x0000000000005328                HardFault_Handler
 .text.BB_IRQHandler
                0x0000000000005338        0x8 build\.objs\CH32V208GBU_Templete\cross\riscv\release\app\ch32v20x_it.c.o
                0x0000000000005338                BB_IRQHandler
 .text.TIM2_IRQHandler
                0x0000000000005340        0xc build\.objs\CH32V208GBU_Templete\cross\riscv\release\app\ch32v20x_it.c.o
                0x0000000000005340                TIM2_IRQHandler
 .text.startup.main
                0x000000000000534c       0x48 build\.objs\CH32V208GBU_Templete\cross\riscv\release\app\main.c.o
                0x000000000000534c                main
 .text.SystemInit
                0x0000000000005394       0xea build\.objs\CH32V208GBU_Templete\cross\riscv\release\app\system_ch32v20x.c.o
                0x0000000000005394                SystemInit
 .text.SystemCoreClockUpdate
                0x000000000000547e       0xba build\.objs\CH32V208GBU_Templete\cross\riscv\release\app\system_ch32v20x.c.o
                0x000000000000547e                SystemCoreClockUpdate
 .text          0x0000000000005538       0x16 e:/app/mrs2/mounriver_studio2/resources/app/resources/win32/components/wch/toolchain/risc-v embedded gcc12/bin/../lib/gcc/riscv-wch-elf/12.2.0/../../../../riscv-wch-elf/lib/rv32imac_xw/ilp32\libc_nano.a(lib_a-memcpy-asm.o)
                0x0000000000005538                memcpy
 .text          0x000000000000554e       0x10 e:/app/mrs2/mounriver_studio2/resources/app/resources/win32/components/wch/toolchain/risc-v embedded gcc12/bin/../lib/gcc/riscv-wch-elf/12.2.0/../../../../riscv-wch-elf/lib/rv32imac_xw/ilp32\libc_nano.a(lib_a-memset.o)
                0x000000000000554e                memset
 .text.printf   0x000000000000555e       0x3a e:/app/mrs2/mounriver_studio2/resources/app/resources/win32/components/wch/toolchain/risc-v embedded gcc12/bin/../lib/gcc/riscv-wch-elf/12.2.0/../../../../riscv-wch-elf/lib/rv32imac_xw/ilp32\libc_nano.a(lib_a-printf.o)
                0x000000000000555e                iprintf
                0x000000000000555e                printf
 .text._puts_r  0x0000000000005598      0x104 e:/app/mrs2/mounriver_studio2/resources/app/resources/win32/components/wch/toolchain/risc-v embedded gcc12/bin/../lib/gcc/riscv-wch-elf/12.2.0/../../../../riscv-wch-elf/lib/rv32imac_xw/ilp32\libc_nano.a(lib_a-puts.o)
                0x0000000000005598                _puts_r
 .text.puts     0x000000000000569c        0xa e:/app/mrs2/mounriver_studio2/resources/app/resources/win32/components/wch/toolchain/risc-v embedded gcc12/bin/../lib/gcc/riscv-wch-elf/12.2.0/../../../../riscv-wch-elf/lib/rv32imac_xw/ilp32\libc_nano.a(lib_a-puts.o)
                0x000000000000569c                puts
 .text.__swbuf_r
                0x00000000000056a6       0xbc e:/app/mrs2/mounriver_studio2/resources/app/resources/win32/components/wch/toolchain/risc-v embedded gcc12/bin/../lib/gcc/riscv-wch-elf/12.2.0/../../../../riscv-wch-elf/lib/rv32imac_xw/ilp32\libc_nano.a(lib_a-wbuf.o)
                0x00000000000056a6                __swbuf_r
 .text.__swsetup_r
                0x0000000000005762       0xee e:/app/mrs2/mounriver_studio2/resources/app/resources/win32/components/wch/toolchain/risc-v embedded gcc12/bin/../lib/gcc/riscv-wch-elf/12.2.0/../../../../riscv-wch-elf/lib/rv32imac_xw/ilp32\libc_nano.a(lib_a-wsetup.o)
                0x0000000000005762                __swsetup_r
 .text.__sflush_r
                0x0000000000005850      0x132 e:/app/mrs2/mounriver_studio2/resources/app/resources/win32/components/wch/toolchain/risc-v embedded gcc12/bin/../lib/gcc/riscv-wch-elf/12.2.0/../../../../riscv-wch-elf/lib/rv32imac_xw/ilp32\libc_nano.a(lib_a-fflush.o)
                0x0000000000005850                __sflush_r
 .text._fflush_r
                0x0000000000005982       0x88 e:/app/mrs2/mounriver_studio2/resources/app/resources/win32/components/wch/toolchain/risc-v embedded gcc12/bin/../lib/gcc/riscv-wch-elf/12.2.0/../../../../riscv-wch-elf/lib/rv32imac_xw/ilp32\libc_nano.a(lib_a-fflush.o)
                0x0000000000005982                _fflush_r
 .text.std      0x0000000000005a0a       0x66 e:/app/mrs2/mounriver_studio2/resources/app/resources/win32/components/wch/toolchain/risc-v embedded gcc12/bin/../lib/gcc/riscv-wch-elf/12.2.0/../../../../riscv-wch-elf/lib/rv32imac_xw/ilp32\libc_nano.a(lib_a-findfp.o)
 .text._cleanup_r
                0x0000000000005a70        0xa e:/app/mrs2/mounriver_studio2/resources/app/resources/win32/components/wch/toolchain/risc-v embedded gcc12/bin/../lib/gcc/riscv-wch-elf/12.2.0/../../../../riscv-wch-elf/lib/rv32imac_xw/ilp32\libc_nano.a(lib_a-findfp.o)
                0x0000000000005a70                _cleanup_r
 .text.__sfmoreglue
                0x0000000000005a7a       0x46 e:/app/mrs2/mounriver_studio2/resources/app/resources/win32/components/wch/toolchain/risc-v embedded gcc12/bin/../lib/gcc/riscv-wch-elf/12.2.0/../../../../riscv-wch-elf/lib/rv32imac_xw/ilp32\libc_nano.a(lib_a-findfp.o)
                0x0000000000005a7a                __sfmoreglue
 .text.__sfp_lock_acquire
                0x0000000000005ac0        0x6 e:/app/mrs2/mounriver_studio2/resources/app/resources/win32/components/wch/toolchain/risc-v embedded gcc12/bin/../lib/gcc/riscv-wch-elf/12.2.0/../../../../riscv-wch-elf/lib/rv32imac_xw/ilp32\libc_nano.a(lib_a-findfp.o)
                0x0000000000005ac0                __sfp_lock_acquire
 .text.__sfp_lock_release
                0x0000000000005ac6        0x6 e:/app/mrs2/mounriver_studio2/resources/app/resources/win32/components/wch/toolchain/risc-v embedded gcc12/bin/../lib/gcc/riscv-wch-elf/12.2.0/../../../../riscv-wch-elf/lib/rv32imac_xw/ilp32\libc_nano.a(lib_a-findfp.o)
                0x0000000000005ac6                __sfp_lock_release
 .text.__sinit_lock_acquire
                0x0000000000005acc        0x6 e:/app/mrs2/mounriver_studio2/resources/app/resources/win32/components/wch/toolchain/risc-v embedded gcc12/bin/../lib/gcc/riscv-wch-elf/12.2.0/../../../../riscv-wch-elf/lib/rv32imac_xw/ilp32\libc_nano.a(lib_a-findfp.o)
                0x0000000000005acc                __sinit_lock_acquire
 .text.__sinit_lock_release
                0x0000000000005ad2        0x6 e:/app/mrs2/mounriver_studio2/resources/app/resources/win32/components/wch/toolchain/risc-v embedded gcc12/bin/../lib/gcc/riscv-wch-elf/12.2.0/../../../../riscv-wch-elf/lib/rv32imac_xw/ilp32\libc_nano.a(lib_a-findfp.o)
                0x0000000000005ad2                __sinit_lock_release
 .text.__sinit  0x0000000000005ad8       0x72 e:/app/mrs2/mounriver_studio2/resources/app/resources/win32/components/wch/toolchain/risc-v embedded gcc12/bin/../lib/gcc/riscv-wch-elf/12.2.0/../../../../riscv-wch-elf/lib/rv32imac_xw/ilp32\libc_nano.a(lib_a-findfp.o)
                0x0000000000005ad8                __sinit
 .text.__sfp    0x0000000000005b4a       0xb0 e:/app/mrs2/mounriver_studio2/resources/app/resources/win32/components/wch/toolchain/risc-v embedded gcc12/bin/../lib/gcc/riscv-wch-elf/12.2.0/../../../../riscv-wch-elf/lib/rv32imac_xw/ilp32\libc_nano.a(lib_a-findfp.o)
                0x0000000000005b4a                __sfp
 .text._fwalk_reent
                0x0000000000005bfa       0x68 e:/app/mrs2/mounriver_studio2/resources/app/resources/win32/components/wch/toolchain/risc-v embedded gcc12/bin/../lib/gcc/riscv-wch-elf/12.2.0/../../../../riscv-wch-elf/lib/rv32imac_xw/ilp32\libc_nano.a(lib_a-fwalk.o)
                0x0000000000005bfa                _fwalk_reent
 .text.__retarget_lock_init_recursive
                0x0000000000005c62        0x2 e:/app/mrs2/mounriver_studio2/resources/app/resources/win32/components/wch/toolchain/risc-v embedded gcc12/bin/../lib/gcc/riscv-wch-elf/12.2.0/../../../../riscv-wch-elf/lib/rv32imac_xw/ilp32\libc_nano.a(lib_a-lock.o)
                0x0000000000005c62                __retarget_lock_init_recursive
 .text.__retarget_lock_acquire_recursive
                0x0000000000005c64        0x2 e:/app/mrs2/mounriver_studio2/resources/app/resources/win32/components/wch/toolchain/risc-v embedded gcc12/bin/../lib/gcc/riscv-wch-elf/12.2.0/../../../../riscv-wch-elf/lib/rv32imac_xw/ilp32\libc_nano.a(lib_a-lock.o)
                0x0000000000005c64                __retarget_lock_acquire_recursive
 .text.__retarget_lock_release_recursive
                0x0000000000005c66        0x2 e:/app/mrs2/mounriver_studio2/resources/app/resources/win32/components/wch/toolchain/risc-v embedded gcc12/bin/../lib/gcc/riscv-wch-elf/12.2.0/../../../../riscv-wch-elf/lib/rv32imac_xw/ilp32\libc_nano.a(lib_a-lock.o)
                0x0000000000005c66                __retarget_lock_release_recursive
 .text.__swhatbuf_r
                0x0000000000005c68       0x5a e:/app/mrs2/mounriver_studio2/resources/app/resources/win32/components/wch/toolchain/risc-v embedded gcc12/bin/../lib/gcc/riscv-wch-elf/12.2.0/../../../../riscv-wch-elf/lib/rv32imac_xw/ilp32\libc_nano.a(lib_a-makebuf.o)
                0x0000000000005c68                __swhatbuf_r
 .text.__smakebuf_r
                0x0000000000005cc2       0x96 e:/app/mrs2/mounriver_studio2/resources/app/resources/win32/components/wch/toolchain/risc-v embedded gcc12/bin/../lib/gcc/riscv-wch-elf/12.2.0/../../../../riscv-wch-elf/lib/rv32imac_xw/ilp32\libc_nano.a(lib_a-makebuf.o)
                0x0000000000005cc2                __smakebuf_r
 .text._free_r  0x0000000000005d58       0xa2 e:/app/mrs2/mounriver_studio2/resources/app/resources/win32/components/wch/toolchain/risc-v embedded gcc12/bin/../lib/gcc/riscv-wch-elf/12.2.0/../../../../riscv-wch-elf/lib/rv32imac_xw/ilp32\libc_nano.a(lib_a-nano-freer.o)
                0x0000000000005d58                _free_r
 .text.sbrk_aligned
                0x0000000000005dfa       0x5a e:/app/mrs2/mounriver_studio2/resources/app/resources/win32/components/wch/toolchain/risc-v embedded gcc12/bin/../lib/gcc/riscv-wch-elf/12.2.0/../../../../riscv-wch-elf/lib/rv32imac_xw/ilp32\libc_nano.a(lib_a-nano-mallocr.o)
 .text._malloc_r
                0x0000000000005e54      0x112 e:/app/mrs2/mounriver_studio2/resources/app/resources/win32/components/wch/toolchain/risc-v embedded gcc12/bin/../lib/gcc/riscv-wch-elf/12.2.0/../../../../riscv-wch-elf/lib/rv32imac_xw/ilp32\libc_nano.a(lib_a-nano-mallocr.o)
                0x0000000000005e54                _malloc_r
 .text._printf_common
                0x0000000000005f66      0x110 e:/app/mrs2/mounriver_studio2/resources/app/resources/win32/components/wch/toolchain/risc-v embedded gcc12/bin/../lib/gcc/riscv-wch-elf/12.2.0/../../../../riscv-wch-elf/lib/rv32imac_xw/ilp32\libc_nano.a(lib_a-nano-vfprintf_i.o)
                0x0000000000005f66                _printf_common
 .text._printf_i
                0x0000000000006076      0x27a e:/app/mrs2/mounriver_studio2/resources/app/resources/win32/components/wch/toolchain/risc-v embedded gcc12/bin/../lib/gcc/riscv-wch-elf/12.2.0/../../../../riscv-wch-elf/lib/rv32imac_xw/ilp32\libc_nano.a(lib_a-nano-vfprintf_i.o)
                0x0000000000006076                _printf_i
 .text.__sfputc_r
                0x00000000000062f0       0x28 e:/app/mrs2/mounriver_studio2/resources/app/resources/win32/components/wch/toolchain/risc-v embedded gcc12/bin/../lib/gcc/riscv-wch-elf/12.2.0/../../../../riscv-wch-elf/lib/rv32imac_xw/ilp32\libc_nano.a(lib_a-nano-vfprintf.o)
 .text.__sfputs_r
                0x0000000000006318       0x42 e:/app/mrs2/mounriver_studio2/resources/app/resources/win32/components/wch/toolchain/risc-v embedded gcc12/bin/../lib/gcc/riscv-wch-elf/12.2.0/../../../../riscv-wch-elf/lib/rv32imac_xw/ilp32\libc_nano.a(lib_a-nano-vfprintf.o)
                0x0000000000006318                __sfputs_r
 .text._vfprintf_r
                0x000000000000635a      0x2c2 e:/app/mrs2/mounriver_studio2/resources/app/resources/win32/components/wch/toolchain/risc-v embedded gcc12/bin/../lib/gcc/riscv-wch-elf/12.2.0/../../../../riscv-wch-elf/lib/rv32imac_xw/ilp32\libc_nano.a(lib_a-nano-vfprintf.o)
                0x000000000000635a                _vfprintf_r
                0x000000000000635a                _vfiprintf_r
 .text._sbrk_r  0x000000000000661c       0x28 e:/app/mrs2/mounriver_studio2/resources/app/resources/win32/components/wch/toolchain/risc-v embedded gcc12/bin/../lib/gcc/riscv-wch-elf/12.2.0/../../../../riscv-wch-elf/lib/rv32imac_xw/ilp32\libc_nano.a(lib_a-sbrkr.o)
                0x000000000000661c                _sbrk_r
 .text.__sread  0x0000000000006644       0x2c e:/app/mrs2/mounriver_studio2/resources/app/resources/win32/components/wch/toolchain/risc-v embedded gcc12/bin/../lib/gcc/riscv-wch-elf/12.2.0/../../../../riscv-wch-elf/lib/rv32imac_xw/ilp32\libc_nano.a(lib_a-stdio.o)
                0x0000000000006644                __sread
 .text.__swrite
                0x0000000000006670       0x48 e:/app/mrs2/mounriver_studio2/resources/app/resources/win32/components/wch/toolchain/risc-v embedded gcc12/bin/../lib/gcc/riscv-wch-elf/12.2.0/../../../../riscv-wch-elf/lib/rv32imac_xw/ilp32\libc_nano.a(lib_a-stdio.o)
                0x0000000000006670                __swrite
 .text.__sseek  0x00000000000066b8       0x30 e:/app/mrs2/mounriver_studio2/resources/app/resources/win32/components/wch/toolchain/risc-v embedded gcc12/bin/../lib/gcc/riscv-wch-elf/12.2.0/../../../../riscv-wch-elf/lib/rv32imac_xw/ilp32\libc_nano.a(lib_a-stdio.o)
                0x00000000000066b8                __sseek
 .text.__sclose
                0x00000000000066e8        0x6 e:/app/mrs2/mounriver_studio2/resources/app/resources/win32/components/wch/toolchain/risc-v embedded gcc12/bin/../lib/gcc/riscv-wch-elf/12.2.0/../../../../riscv-wch-elf/lib/rv32imac_xw/ilp32\libc_nano.a(lib_a-stdio.o)
                0x00000000000066e8                __sclose
 .text._write_r
                0x00000000000066ee       0x2c e:/app/mrs2/mounriver_studio2/resources/app/resources/win32/components/wch/toolchain/risc-v embedded gcc12/bin/../lib/gcc/riscv-wch-elf/12.2.0/../../../../riscv-wch-elf/lib/rv32imac_xw/ilp32\libc_nano.a(lib_a-writer.o)
                0x00000000000066ee                _write_r
 .text._close_r
                0x000000000000671a       0x26 e:/app/mrs2/mounriver_studio2/resources/app/resources/win32/components/wch/toolchain/risc-v embedded gcc12/bin/../lib/gcc/riscv-wch-elf/12.2.0/../../../../riscv-wch-elf/lib/rv32imac_xw/ilp32\libc_nano.a(lib_a-closer.o)
                0x000000000000671a                _close_r
 .text._fstat_r
                0x0000000000006740       0x28 e:/app/mrs2/mounriver_studio2/resources/app/resources/win32/components/wch/toolchain/risc-v embedded gcc12/bin/../lib/gcc/riscv-wch-elf/12.2.0/../../../../riscv-wch-elf/lib/rv32imac_xw/ilp32\libc_nano.a(lib_a-fstatr.o)
                0x0000000000006740                _fstat_r
 .text._isatty_r
                0x0000000000006768       0x26 e:/app/mrs2/mounriver_studio2/resources/app/resources/win32/components/wch/toolchain/risc-v embedded gcc12/bin/../lib/gcc/riscv-wch-elf/12.2.0/../../../../riscv-wch-elf/lib/rv32imac_xw/ilp32\libc_nano.a(lib_a-isattyr.o)
                0x0000000000006768                _isatty_r
 .text._lseek_r
                0x000000000000678e       0x2a e:/app/mrs2/mounriver_studio2/resources/app/resources/win32/components/wch/toolchain/risc-v embedded gcc12/bin/../lib/gcc/riscv-wch-elf/12.2.0/../../../../riscv-wch-elf/lib/rv32imac_xw/ilp32\libc_nano.a(lib_a-lseekr.o)
                0x000000000000678e                _lseek_r
 .text.memchr   0x00000000000067b8       0x18 e:/app/mrs2/mounriver_studio2/resources/app/resources/win32/components/wch/toolchain/risc-v embedded gcc12/bin/../lib/gcc/riscv-wch-elf/12.2.0/../../../../riscv-wch-elf/lib/rv32imac_xw/ilp32\libc_nano.a(lib_a-memchr.o)
                0x00000000000067b8                memchr
 .text.__malloc_lock
                0x00000000000067d0        0x8 e:/app/mrs2/mounriver_studio2/resources/app/resources/win32/components/wch/toolchain/risc-v embedded gcc12/bin/../lib/gcc/riscv-wch-elf/12.2.0/../../../../riscv-wch-elf/lib/rv32imac_xw/ilp32\libc_nano.a(lib_a-mlock.o)
                0x00000000000067d0                __malloc_lock
 .text.__malloc_unlock
                0x00000000000067d8        0x8 e:/app/mrs2/mounriver_studio2/resources/app/resources/win32/components/wch/toolchain/risc-v embedded gcc12/bin/../lib/gcc/riscv-wch-elf/12.2.0/../../../../riscv-wch-elf/lib/rv32imac_xw/ilp32\libc_nano.a(lib_a-mlock.o)
                0x00000000000067d8                __malloc_unlock
 .text._read_r  0x00000000000067e0       0x2a e:/app/mrs2/mounriver_studio2/resources/app/resources/win32/components/wch/toolchain/risc-v embedded gcc12/bin/../lib/gcc/riscv-wch-elf/12.2.0/../../../../riscv-wch-elf/lib/rv32imac_xw/ilp32\libc_nano.a(lib_a-readr.o)
                0x00000000000067e0                _read_r
 .text.__udivdi3
                0x000000000000680a      0x3a6 e:/app/mrs2/mounriver_studio2/resources/app/resources/win32/components/wch/toolchain/risc-v embedded gcc12/bin/../lib/gcc/riscv-wch-elf/12.2.0/rv32imac_xw/ilp32\libgcc.a(_udivdi3.o)
                0x000000000000680a                __udivdi3
 .text          0x0000000000006bb0       0x60 e:/app/mrs2/mounriver_studio2/resources/app/resources/win32/components/wch/toolchain/risc-v embedded gcc12/bin/../lib/gcc/riscv-wch-elf/12.2.0/rv32imac_xw/ilp32\libgcc.a(save-restore.o)
                0x0000000000006bb0                __riscv_save_12
                0x0000000000006bb8                __riscv_save_9
                0x0000000000006bb8                __riscv_save_11
                0x0000000000006bb8                __riscv_save_10
                0x0000000000006bb8                __riscv_save_8
                0x0000000000006bc6                __riscv_save_4
                0x0000000000006bc6                __riscv_save_6
                0x0000000000006bc6                __riscv_save_5
                0x0000000000006bc6                __riscv_save_7
                0x0000000000006be0                __riscv_save_3
                0x0000000000006be0                __riscv_save_2
                0x0000000000006be0                __riscv_save_1
                0x0000000000006be0                __riscv_save_0
                0x0000000000006bec                __riscv_restore_12
                0x0000000000006bf0                __riscv_restore_11
                0x0000000000006bf0                __riscv_restore_9
                0x0000000000006bf0                __riscv_restore_10
                0x0000000000006bf0                __riscv_restore_8
                0x0000000000006bfa                __riscv_restore_5
                0x0000000000006bfa                __riscv_restore_7
                0x0000000000006bfa                __riscv_restore_6
                0x0000000000006bfa                __riscv_restore_4
                0x0000000000006c04                __riscv_restore_3
                0x0000000000006c04                __riscv_restore_0
                0x0000000000006c04                __riscv_restore_2
                0x0000000000006c04                __riscv_restore_1
 .text._close   0x0000000000006c10        0xc e:/app/mrs2/mounriver_studio2/resources/app/resources/win32/components/wch/toolchain/risc-v embedded gcc12/bin/../lib/gcc/riscv-wch-elf/12.2.0/../../../../riscv-wch-elf/lib/rv32imac_xw/ilp32\libnosys.a(close.o)
                0x0000000000006c10                _close
 .text._fstat   0x0000000000006c1c        0xc e:/app/mrs2/mounriver_studio2/resources/app/resources/win32/components/wch/toolchain/risc-v embedded gcc12/bin/../lib/gcc/riscv-wch-elf/12.2.0/../../../../riscv-wch-elf/lib/rv32imac_xw/ilp32\libnosys.a(fstat.o)
                0x0000000000006c1c                _fstat
 .text._isatty  0x0000000000006c28        0xc e:/app/mrs2/mounriver_studio2/resources/app/resources/win32/components/wch/toolchain/risc-v embedded gcc12/bin/../lib/gcc/riscv-wch-elf/12.2.0/../../../../riscv-wch-elf/lib/rv32imac_xw/ilp32\libnosys.a(isatty.o)
                0x0000000000006c28                _isatty
 .text._lseek   0x0000000000006c34        0xc e:/app/mrs2/mounriver_studio2/resources/app/resources/win32/components/wch/toolchain/risc-v embedded gcc12/bin/../lib/gcc/riscv-wch-elf/12.2.0/../../../../riscv-wch-elf/lib/rv32imac_xw/ilp32\libnosys.a(lseek.o)
                0x0000000000006c34                _lseek
 .text._read    0x0000000000006c40        0xc e:/app/mrs2/mounriver_studio2/resources/app/resources/win32/components/wch/toolchain/risc-v embedded gcc12/bin/../lib/gcc/riscv-wch-elf/12.2.0/../../../../riscv-wch-elf/lib/rv32imac_xw/ilp32\libnosys.a(read.o)
                0x0000000000006c40                _read
 *(.text)
 *(.text.*)
 .text.tmos_msg_extract
                0x0000000000006c4c       0x1e sdk\LIB\libwchble.a(message.o)
                0x0000000000006c4c                tmos_msg_extract
 .text.tmos_msg_deallocate
                0x0000000000006c6a       0x4a sdk\LIB\libwchble.a(message.o)
                0x0000000000006c6a                tmos_msg_deallocate
 .text.tmos_msg_send
                0x0000000000006cb4       0x92 sdk\LIB\libwchble.a(message.o)
                0x0000000000006cb4                tmos_msg_send
 .text.tmos_msg_init
                0x0000000000006d46        0xa sdk\LIB\libwchble.a(message.o)
                0x0000000000006d46                tmos_msg_init
 .text.TMOS_CB_PeriodicProcessEvent
                0x0000000000006d50       0x86 sdk\LIB\libwchble.a(tmos.o)
                0x0000000000006d50                TMOS_CB_PeriodicProcessEvent
 .text.TMOS_CB_ProcessEvent
                0x0000000000006dd6       0x84 sdk\LIB\libwchble.a(tmos.o)
                0x0000000000006dd6                TMOS_CB_ProcessEvent
 .text.tmos_set_event
                0x0000000000006e5a       0x46 sdk\LIB\libwchble.a(tmos.o)
                0x0000000000006e5a                tmos_set_event
 .text.tmos_clear_event
                0x0000000000006ea0       0x4a sdk\LIB\libwchble.a(tmos.o)
                0x0000000000006ea0                tmos_clear_event
 .text.tmos_start_task
                0x0000000000006eea      0x15c sdk\LIB\libwchble.a(tmos.o)
                0x0000000000006eea                tmos_start_task
 .text.tmos_start_reload_task
                0x0000000000007046       0x74 sdk\LIB\libwchble.a(tmos.o)
                0x0000000000007046                tmos_start_reload_task
 .text.tmos_stop_task
                0x00000000000070ba       0x6e sdk\LIB\libwchble.a(tmos.o)
                0x00000000000070ba                tmos_stop_task
 .text.TMOS_TimerRegister
                0x0000000000007128       0x1e sdk\LIB\libwchble.a(tmos.o)
                0x0000000000007128                TMOS_TimerRegister
 .text.TMOS_Init
                0x0000000000007146      0x11e sdk\LIB\libwchble.a(tmos.o)
                0x0000000000007146                TMOS_Init
 .text.TMOS_ProcessEventRegister
                0x0000000000007264       0x3c sdk\LIB\libwchble.a(tmos.o)
                0x0000000000007264                TMOS_ProcessEventRegister
 .text.BLE_LibInit
                0x00000000000072a0      0x142 sdk\LIB\libwchble.a(tmos.o)
                0x00000000000072a0                BLE_LibInit
 .text.clockGetTickValve
                0x00000000000073e2       0x7e sdk\LIB\libwchble.a(tmos_hw.o)
 .text.TMOS_TimerInit
                0x0000000000007460       0xfe sdk\LIB\libwchble.a(tmos_hw.o)
                0x0000000000007460                TMOS_TimerInit
 .text.tmos_snv_init
                0x000000000000755e       0xb4 sdk\LIB\libwchble.a(tmos_snv.o)
                0x000000000000755e                tmos_snv_init
 .text.LL_ScanSetRF
                0x0000000000007612      0x16e sdk\LIB\libwchble.a(ll_scan.o)
                0x0000000000007612                LL_ScanSetRF
 .text.BB_DevInit
                0x0000000000007780       0x5c sdk\LIB\libwchble.a(bb.o)
                0x0000000000007780                BB_DevInit
 .text.BLE_SetPHYTxMode
                0x00000000000077dc      0x15a sdk\LIB\libwchble.a(ip.o)
                0x00000000000077dc                BLE_SetPHYTxMode
 .text.BLE_SetPHYRxMode
                0x0000000000007936      0x11a sdk\LIB\libwchble.a(ip.o)
                0x0000000000007936                BLE_SetPHYRxMode
 .text.ll_multi_states_process
                0x0000000000007a50       0xa6 sdk\LIB\libwchble.a(ip.o)
                0x0000000000007a50                ll_multi_states_process
 .text.ble_ll_hw_api_shut
                0x0000000000007af6       0x84 sdk\LIB\libwchble.a(ip.o)
                0x0000000000007af6                ble_ll_hw_api_shut
 .text.phy_status_clear
                0x0000000000007b7a      0x106 sdk\LIB\libwchble.a(ip.o)
                0x0000000000007b7a                phy_status_clear
 .text.BLE_RegInit
                0x0000000000007c80       0xfc sdk\LIB\libwchble.a(ip.o)
                0x0000000000007c80                BLE_RegInit
 .text.LLE_DevInit
                0x0000000000007d7c       0x40 sdk\LIB\libwchble.a(lle.o)
                0x0000000000007d7c                LLE_DevInit
 .text.RF_DevSetChannel
                0x0000000000007dbc       0xc6 sdk\LIB\libwchble.a(rf_fh.o)
                0x0000000000007dbc                RF_DevSetChannel
 .text.rf_stop  0x0000000000007e82       0x18 sdk\LIB\libwchble.a(rf_fh.o)
                0x0000000000007e82                rf_stop
 .text.RF_Rx    0x0000000000007e9a      0x290 sdk\LIB\libwchble.a(rf_fh.o)
                0x0000000000007e9a                RF_Rx
 .text.rf_rx_basic_rxProcess
                0x000000000000812a      0x298 sdk\LIB\libwchble.a(rf_fh.o)
 .text.rf_rx_auto_rxProcess
                0x00000000000083c2      0x2c8 sdk\LIB\libwchble.a(rf_fh.o)
 .text.rf_rx_auto_txProcess
                0x000000000000868a       0xb8 sdk\LIB\libwchble.a(rf_fh.o)
 .text.RFEND_RXFilter
                0x0000000000008742       0x94 sdk\LIB\libwchble.a(rfend.o)
                0x0000000000008742                RFEND_RXFilter
 .text.RFEND_RXAdc
                0x00000000000087d6       0x3a sdk\LIB\libwchble.a(rfend.o)
                0x00000000000087d6                RFEND_RXAdc
 .text.RFEND_TXCtune
                0x0000000000008810      0xd20 sdk\LIB\libwchble.a(rfend.o)
                0x0000000000008810                RFEND_TXCtune
 .text.RFEND_TXFtune
                0x0000000000009530       0x14 sdk\LIB\libwchble.a(rfend.o)
                0x0000000000009530                RFEND_TXFtune
 .text.tmos_memory_getlen
                0x0000000000009544       0x2c sdk\LIB\libwchble.a(memory.o)
                0x0000000000009544                tmos_memory_getlen
 .text.tmos_memory_init
                0x0000000000009570       0x7a sdk\LIB\libwchble.a(memory.o)
                0x0000000000009570                tmos_memory_init
 .text.LL_InitiateSetRF
                0x00000000000095ea      0x164 sdk\LIB\libwchble.a(ll_initiate.o)
                0x00000000000095ea                LL_InitiateSetRF
 *(.rodata)
 *fill*         0x000000000000974e        0x2 
 .rodata        0x0000000000009750       0x20 build\.objs\CH32V208GBU_Templete\cross\riscv\release\bsp\board.c.o
 *(.rodata*)
 .rodata.ledMsg_task_process_event.str1.4
                0x0000000000009770       0xb3 build\.objs\CH32V208GBU_Templete\cross\riscv\release\app\tasks\tmos_led_task.c.o
 *fill*         0x0000000000009823        0x1 
 .rodata.led_task_process_event.str1.4
                0x0000000000009824       0x9e build\.objs\CH32V208GBU_Templete\cross\riscv\release\app\tasks\tmos_led_task.c.o
 *fill*         0x00000000000098c2        0x2 
 .rodata.USBD_StringProduct
                0x00000000000098c4       0x16 build\.objs\CH32V208GBU_Templete\cross\riscv\release\sdk\USBLIB\CONFIG\usb_desc.c.o
                0x00000000000098c4                USBD_StringProduct
 *fill*         0x00000000000098da        0x2 
 .rodata.USBD_StringVendor
                0x00000000000098dc        0xe build\.objs\CH32V208GBU_Templete\cross\riscv\release\sdk\USBLIB\CONFIG\usb_desc.c.o
                0x00000000000098dc                USBD_StringVendor
 *fill*         0x00000000000098ea        0x2 
 .rodata.USBD_ConfigDescriptor
                0x00000000000098ec       0x43 build\.objs\CH32V208GBU_Templete\cross\riscv\release\sdk\USBLIB\CONFIG\usb_desc.c.o
                0x00000000000098ec                USBD_ConfigDescriptor
 *fill*         0x000000000000992f        0x1 
 .rodata.USBD_DeviceDescriptor
                0x0000000000009930       0x12 build\.objs\CH32V208GBU_Templete\cross\riscv\release\sdk\USBLIB\CONFIG\usb_desc.c.o
                0x0000000000009930                USBD_DeviceDescriptor
 *fill*         0x0000000000009942        0x2 
 .rodata.Resume
                0x0000000000009944       0x18 build\.objs\CH32V208GBU_Templete\cross\riscv\release\sdk\USBLIB\CONFIG\usb_pwr.c.o
 .rodata.HAL_ProcessEvent.str1.4
                0x000000000000995c        0x3 build\.objs\CH32V208GBU_Templete\cross\riscv\release\sdk\HAL\MCU.c.o
 *fill*         0x000000000000995f        0x1 
 .rodata.WCHBLE_Init.str1.4
                0x0000000000009960       0x49 build\.objs\CH32V208GBU_Templete\cross\riscv\release\sdk\HAL\MCU.c.o
 *fill*         0x00000000000099a9        0x3 
 .rodata.HAL_TimeInit.str1.4
                0x00000000000099ac       0x17 build\.objs\CH32V208GBU_Templete\cross\riscv\release\sdk\HAL\RTC.c.o
 *fill*         0x00000000000099c3        0x1 
 .rodata.OLED_F6x8
                0x00000000000099c4      0x23a build\.objs\CH32V208GBU_Templete\cross\riscv\release\lib\oled\OLED_Data.c.o
                0x00000000000099c4                OLED_F6x8
 *fill*         0x0000000000009bfe        0x2 
 .rodata.OLED_F8x16
                0x0000000000009c00      0x5f0 build\.objs\CH32V208GBU_Templete\cross\riscv\release\lib\oled\OLED_Data.c.o
                0x0000000000009c00                OLED_F8x16
 .rodata.board_init.str1.4
                0x000000000000a1f0        0xd build\.objs\CH32V208GBU_Templete\cross\riscv\release\bsp\board.c.o
 *fill*         0x000000000000a1fd        0x3 
 .rodata.gpio_mode
                0x000000000000a200       0x14 build\.objs\CH32V208GBU_Templete\cross\riscv\release\bsp\drv_gpio.c.o
 .rodata.str1.4
                0x000000000000a214      0x15d build\.objs\CH32V208GBU_Templete\cross\riscv\release\bsp\drv_gpio.c.o
 *fill*         0x000000000000a371        0x3 
 .rodata.gpio_pins
                0x000000000000a374      0x400 build\.objs\CH32V208GBU_Templete\cross\riscv\release\bsp\drv_gpio.c.o
 .rodata.i2c_hw_config
                0x000000000000a774       0x30 build\.objs\CH32V208GBU_Templete\cross\riscv\release\bsp\drv_i2c.c.o
 .rodata.VER_LIB
                0x000000000000a7a4       0x17 sdk\LIB\libwchble.a(ip.o)
                0x000000000000a7a4                VER_LIB
 *fill*         0x000000000000a7bb        0x1 
 .rodata.__sf_fake_stderr
                0x000000000000a7bc       0x20 e:/app/mrs2/mounriver_studio2/resources/app/resources/win32/components/wch/toolchain/risc-v embedded gcc12/bin/../lib/gcc/riscv-wch-elf/12.2.0/../../../../riscv-wch-elf/lib/rv32imac_xw/ilp32\libc_nano.a(lib_a-findfp.o)
                0x000000000000a7bc                __sf_fake_stderr
 .rodata.__sf_fake_stdout
                0x000000000000a7dc       0x20 e:/app/mrs2/mounriver_studio2/resources/app/resources/win32/components/wch/toolchain/risc-v embedded gcc12/bin/../lib/gcc/riscv-wch-elf/12.2.0/../../../../riscv-wch-elf/lib/rv32imac_xw/ilp32\libc_nano.a(lib_a-findfp.o)
                0x000000000000a7dc                __sf_fake_stdout
 .rodata.__sf_fake_stdin
                0x000000000000a7fc       0x20 e:/app/mrs2/mounriver_studio2/resources/app/resources/win32/components/wch/toolchain/risc-v embedded gcc12/bin/../lib/gcc/riscv-wch-elf/12.2.0/../../../../riscv-wch-elf/lib/rv32imac_xw/ilp32\libc_nano.a(lib_a-findfp.o)
                0x000000000000a7fc                __sf_fake_stdin
 .rodata._printf_i.str1.4
                0x000000000000a81c       0x25 e:/app/mrs2/mounriver_studio2/resources/app/resources/win32/components/wch/toolchain/risc-v embedded gcc12/bin/../lib/gcc/riscv-wch-elf/12.2.0/../../../../riscv-wch-elf/lib/rv32imac_xw/ilp32\libc_nano.a(lib_a-nano-vfprintf_i.o)
 *fill*         0x000000000000a841        0x3 
 .rodata._printf_i
                0x000000000000a844       0x58 e:/app/mrs2/mounriver_studio2/resources/app/resources/win32/components/wch/toolchain/risc-v embedded gcc12/bin/../lib/gcc/riscv-wch-elf/12.2.0/../../../../riscv-wch-elf/lib/rv32imac_xw/ilp32\libc_nano.a(lib_a-nano-vfprintf_i.o)
 .rodata._vfprintf_r.str1.4
                0x000000000000a89c       0x13 e:/app/mrs2/mounriver_studio2/resources/app/resources/win32/components/wch/toolchain/risc-v embedded gcc12/bin/../lib/gcc/riscv-wch-elf/12.2.0/../../../../riscv-wch-elf/lib/rv32imac_xw/ilp32\libc_nano.a(lib_a-nano-vfprintf.o)
 *fill*         0x000000000000a8af        0x1 
 .rodata.__clz_tab
                0x000000000000a8b0      0x100 e:/app/mrs2/mounriver_studio2/resources/app/resources/win32/components/wch/toolchain/risc-v embedded gcc12/bin/../lib/gcc/riscv-wch-elf/12.2.0/rv32imac_xw/ilp32\libgcc.a(_clz.o)
                0x000000000000a8b0                __clz_tab
 *(.sdata2.*)
 *(.glue_7)
 *(.glue_7t)
 *(.gnu.linkonce.t.*)
                0x000000000000a9b0                . = ALIGN (0x4)

.rela.dyn       0x000000000000a9b0        0x0
 .rela.init     0x000000000000a9b0        0x0 build\.objs\CH32V208GBU_Templete\cross\riscv\release\sdk\Startup\startup_ch32v20x_D8W.S.o
 .rela.vector   0x000000000000a9b0        0x0 build\.objs\CH32V208GBU_Templete\cross\riscv\release\sdk\Startup\startup_ch32v20x_D8W.S.o
 .rela.text.handle_reset
                0x000000000000a9b0        0x0 build\.objs\CH32V208GBU_Templete\cross\riscv\release\sdk\Startup\startup_ch32v20x_D8W.S.o
 .rela.text._sbrk
                0x000000000000a9b0        0x0 build\.objs\CH32V208GBU_Templete\cross\riscv\release\sdk\Startup\startup_ch32v20x_D8W.S.o
 .rela.sdata.curbrk.0
                0x000000000000a9b0        0x0 build\.objs\CH32V208GBU_Templete\cross\riscv\release\sdk\Startup\startup_ch32v20x_D8W.S.o
 .rela.highcode
                0x000000000000a9b0        0x0 build\.objs\CH32V208GBU_Templete\cross\riscv\release\sdk\Startup\startup_ch32v20x_D8W.S.o
 .rela.text.tmos_msg_send
                0x000000000000a9b0        0x0 build\.objs\CH32V208GBU_Templete\cross\riscv\release\sdk\Startup\startup_ch32v20x_D8W.S.o
 .rela.text.tmos_msg_init
                0x000000000000a9b0        0x0 build\.objs\CH32V208GBU_Templete\cross\riscv\release\sdk\Startup\startup_ch32v20x_D8W.S.o
 .rela.text.TMOS_CB_PeriodicProcessEvent
                0x000000000000a9b0        0x0 build\.objs\CH32V208GBU_Templete\cross\riscv\release\sdk\Startup\startup_ch32v20x_D8W.S.o
 .rela.text.TMOS_CB_ProcessEvent
                0x000000000000a9b0        0x0 build\.objs\CH32V208GBU_Templete\cross\riscv\release\sdk\Startup\startup_ch32v20x_D8W.S.o
 .rela.text.tmos_set_event
                0x000000000000a9b0        0x0 build\.objs\CH32V208GBU_Templete\cross\riscv\release\sdk\Startup\startup_ch32v20x_D8W.S.o
 .rela.text.tmos_clear_event
                0x000000000000a9b0        0x0 build\.objs\CH32V208GBU_Templete\cross\riscv\release\sdk\Startup\startup_ch32v20x_D8W.S.o
 .rela.text.tmos_start_task
                0x000000000000a9b0        0x0 build\.objs\CH32V208GBU_Templete\cross\riscv\release\sdk\Startup\startup_ch32v20x_D8W.S.o
 .rela.text.tmos_start_reload_task
                0x000000000000a9b0        0x0 build\.objs\CH32V208GBU_Templete\cross\riscv\release\sdk\Startup\startup_ch32v20x_D8W.S.o
 .rela.text.tmos_stop_task
                0x000000000000a9b0        0x0 build\.objs\CH32V208GBU_Templete\cross\riscv\release\sdk\Startup\startup_ch32v20x_D8W.S.o
 .rela.text.TMOS_TimerRegister
                0x000000000000a9b0        0x0 build\.objs\CH32V208GBU_Templete\cross\riscv\release\sdk\Startup\startup_ch32v20x_D8W.S.o
 .rela.text.TMOS_Init
                0x000000000000a9b0        0x0 build\.objs\CH32V208GBU_Templete\cross\riscv\release\sdk\Startup\startup_ch32v20x_D8W.S.o
 .rela.text.TMOS_ProcessEventRegister
                0x000000000000a9b0        0x0 build\.objs\CH32V208GBU_Templete\cross\riscv\release\sdk\Startup\startup_ch32v20x_D8W.S.o
 .rela.text.BLE_LibInit