start=2026-05-07T16:42:31.395072
[gw1 0.000] uplink ax=-875 ay=-117 az=-398 mg, t=34.35C rh=26.03%
[gw2 0.030] uplink ax=421 ay=23 az=843 mg, t[gw2 0.061] =36.06C rh=22.44%
[gw1 0.183] uplink ax=-867 ay=-125 az=-375 mg, t=34.35C rh=26.03%
[gw2 0.243] uplink ax=398 ay=15 az=859 mg, t=36.06C rh=22.44%
[gw1 0.396] uplink ax=-867 ay=-109 az=-398 mg, t=34.35C rh=26.03%
[gw1 0.426] * 
[gw2 0.457] uplink ax=421 ay=46 az=867 mg, t=36.06C rh=22.44%
[gw1 0.578] uplink ax=-851 ay=-93 az=-398 mg, t=34.32C rh=25.89%
[gw2 0.639] uplink ax=406 ay=15 az=859 mg, t=36.06C rh=22.44%
[gw2 0.699] * 
[gw1 0.790] uplink ax=-882 ay=-109 az=-398 mg, t=34.32C rh=25.89%
uplink stat accel_hz=400 sht_hz=1 sht_ok=34 sht_err=0 ready=1
adhoc stat role=GW init=1 node=1 tx=646 rx=1400 node_err=2 tx_err=0 rx_err=112
adhoc sm st[gw1 0.821] =1 lvl=0 retry=0 rpk=0 rex=0 lrex=0 lrex_age=0ms up_gw=0 up_no=0 up_id=0 up_age=0ms gw_start=1 gw_lock=1 gw_left=0ms net_act=0 net_closed=0 net_left=0ms
adhoc data sub=0/0 busy=0 skip=0 fail=0 ack=0 rex=0
adhoc link rxstart=6798 skip=247 tx=646/710 busy=64 fail=0 rx=1512/8310 empty=6798 err=0 rssi=-43 tc=50492
uplink i2[gw1 0.851] c q=0/1 run=0 ok=16130 err=58 to=0 rec=0 aw=0ms ae=1ms mw=1ms me=23ms
[gw2 0.851] uplink ax=421 ay=39 az=843 mg, t=36.08C rh=22.17%
uplink stat accel_hz=401 sht_hz=1 sht_ok=33 sht_err=1 ready=1
adhoc stat role=GW init=1 node=1000002 tx=604 rx=1468 node_err=0 tx_err=0 rx_err=125
adhoc sm st=1 lvl=0 retry=0 r[gw2 0.882] pk=0 rex=0 lrex=0 lrex_age=0ms up_gw=1 up_no=0 up_id=0 up_age=0ms gw_start=1 gw_lock=1 gw_left=0ms net_act=0 net_closed=0 net_left=0ms
adhoc data sub=0/0 busy=0 skip=0 fail=0 ack=0 rex=0
adhoc link rxstart=6798 skip=164 tx=604/616 busy=12 fail=0 rx=1593/8391 empty=6798 err=0 rssi=-37 tc=50073
uplink i2c q=0/1 [gw2 0.912] run=0 ok=13793 err=1150 to=6 rec=6 aw=0ms ae=0ms mw=1ms me=50ms
[gw1 0.973] uplink ax=-851 ay=-117 az=-398 mg, t=34.32C rh=25.8[ACT 1.003] GW1 reset via OpenOCD
[gw1 1.003] 9%
[gw2 1.055] uplink ax=414 ay=46 az=898 mg, t=36.08C rh=22.17%
[gw2 1.237] uplink ax=421 ay=46 az=859 mg, t=36.08C rh=22.17%
[gw2 1.449] uplink ax=421 ay=31 az=828 mg, t=36.08C rh=22.17%
[gw1 1.479] IMPACT params[BOOT]: T1=6ms T2=100ms T3=15ms T4=800ms H=320(1250mg) L=48(188mg)
IMPACT map: t1=2 samp t3=5 samp algo_rel_min=3 sample_ms=100ms
[gw1 1.510] SC7A20 FIFO cfg ok: FM=2 FTH=4 FIFO_MODE=0 DMA_POLICY=2
SC7A20 init ok (16g, 400Hz, fifo=1), accel_poll=3ms impact cfg rate=333Hz H=1250mg L=188mg T1=6ms T3=15ms T4=800ms rel_cnt=3 grav_ema=500ms max_dt=35ms max_evt=700ms
SHT40 init ok at 0x46
sensor task started: accel_pol[gw1 1.540] l=3ms sample_base=3ms, sht40=1Hz
[ACT 1.601] GW2 reset cmd on COM11
[COM11 1.632] b'GW2RST:OK\r\n'
[gw2 1.632] usb cmd reset accepted
[COM11 1.662] dropped: ClearCommError failed (PermissionError(13, '设备不识别此命令。', None, 22))
[gw2 1.724] IMPACT params[BOOT]: T1=6ms T2=100ms T3=15ms T4=800ms H=320(1250mg) L=48(188mg)
IMPACT map: t1=2 samp t3=5 samp algo_rel_min=3 sample_ms=100ms
SC7A20 FIFO cfg ok: FM=2 FTH=4 FIFO_MODE=0 DMA_POLICY=2
SC7A20 init o[gw2 1.754] k (16g, 400Hz, fifo=1), accel_poll=3ms impact cfg rate=333Hz H=1250mg L=188mg T1=6ms T3=15ms T4=800ms rel_cnt=3 grav_ema=500ms max_dt=35ms max_evt=700ms
SHT40 init ok at 0x46
sensor task started: accel_poll=3ms sample_base=3ms, sht40=1Hz
[gw1 1.845] rf 2.4g init: 0
ad_hoc task started: role=GW domain=1 node=1 gw_no=0
IMPACT state: IDLE -> ARMED event_id=1 dyn=4000mg H=1250mg
IMPACT reject: armed too short hold=3ms need=6ms peak=4[gw1 1.876] 000mg
IMPACT state: IDLE -> ARMED event_id=1 dyn=4000mg H=1250mg
IMPACT reject: armed too short hold=3ms need=6ms peak=4000mg
IMPACT state: IDLE -> ARMED event_id=1 dy[gw2 1.876] rf 2.4g init: 0
ad_hoc role map: tg=2 gw0_tg=0 gw1_tg=2 gw1_no=1
ad_hoc task started: role=GW domain=1 node=1000002 gw_no=1
[gw1 1.906] n=4000mg H=1250mg
IMPACT reject: armed too short hold=3ms need=6ms peak=4000mg
IMPACT state: IDLE -> ARMED event_id=1 dyn=4000mg H=1250mg
IMPACT reject: armed too short hold=3ms need=6ms peak=4000mg
[gw1 1.937] IMPACT state: IDLE -> ARMED event_id=1 dyn=4000mg H=1250mg
IMPACT reject: armed too short hold=3ms need=6ms peak=4000mg
IMPACT state: IDLE -> ARMED event_id=1 dy[gw1 1.967] n=4000mg H=1250mg
IMPACT reject: armed too short hold=3ms need=6ms peak=4000mg
IMPACT state: IDLE -> ARMED event_id=1 dyn=4000mg H=1250mg
IMPACT reject: armed too short hold=3ms need=6ms peak=4000mg
[gw1 1.997] IMPACT state: IDLE -> ARMED event_id=1 dyn=4000mg H=1250mg
IMPACT reject: armed too short hold=3ms need=6ms peak=4000mg
IMPACT state: IDLE -> ARMED ev[gw2 1.997] SC7A20 FIFO auto-disabled: empty streak=64
[gw1 2.028] ent_id=1 dyn=4000mg H=1250mg
IMPACT reject: armed too short hold=3ms need=6ms peak=4000mg
IMPACT state: IDLE -> ARMED event_id=1 dyn=4000mg H=1250mg
IMPACT reject: armed too short hold=3ms need=6ms peak=4000mg
[gw1 2.058] IMPACT state: IDLE -> ARMED event_id=1 dyn=4000mg H=1250mg
IMPACT reject: armed too short hold=3ms need=6ms peak=4000mg
uplink ax=0 ay=0 az=0 mg, t=0.00C rh=0.00%
[gw2 2.058] uplink ax=421 ay=31 az=906 mg, t=0.00C rh=0.00%
[gw1 2.089] IMPACT state: IDLE -> ARMED event_id=1 dyn=4000mg H=1250mg
IMPACT reject: armed too short hold=3ms need=6ms peak=4000mg
IMPACT state: IDLE -> ARMED event_id=1 dyn=4000mg H=1250mg
IMPACT reject: armed too short hold[gw1 2.119] =3ms need=6ms peak=4000mg
IMPACT state: IDLE -> ARMED event_id=1 dyn=4000mg H=1250mg
IMPACT reject: armed too short hold=3ms need=6ms peak=4000mg
[gw1 2.150] IMPACT state: IDLE -> ARMED event_id=1 dyn=4000mg H=1250mg
IMPACT reject: armed too short hold=3ms need=6ms peak=4000mg
[gw1 2.241] uplink ax=117 ay=0 az=0 mg, t=0.00C rh=0.00%
[gw1 2.272] SC7A20 FIFO auto-disabled: empty streak=64
[gw2 2.272] uplink ax=406 ay=39 az=859 mg, t=0.00C rh=0.00%
[gw1 2.423] uplink ax=-867 ay=-10[gw1 2.453] 9 az=-398 mg, t=0.00C rh=0.00%
[gw2 2.453] uplink ax=406 ay=39 az=828 mg, [gw1 2.484] * 
[gw2 2.484] t=0.00C rh=0.00%
[gw1 2.636] uplink ax=-867 ay=-109 az=-382 mg, t=34.31C rh=25.96%
[gw2 2.666] uplink ax=421 ay=54 az=890 mg, t=0.00C rh=0.00%
[gw2 2.727] * 
[gw1 2.818] uplink ax=-867 ay=-10[gw1 2.848] 1 az=-382 mg, t=34.31C rh=25.96%
uplink stat accel_hz=410 sht_hz=0 sht_ok=1 sht_err=0 ready=1
adhoc stat role=GW init=1 node=1 tx=21 rx=40 node_err=0 tx_err=0 rx_err=0
adhoc sm st=1 lvl=0 retry=0 rpk=0 rex=0 lrex=0 lrex_age=0ms up_gw=0 up_no=0 up_id=0 up_age=0ms gw_start=1 gw_lock=0 gw_left=29031ms net_act=0 n[gw1 2.878] et_closed=0 net_left=0ms
adhoc data sub=0/0 busy=0 skip=0 fail=0 ack=0 rex=0
adhoc link rxstart=198 skip=22 tx=21/28 busy=7 fail=0 rx=40/238 empty=198 err=0 rssi=-43 tc=2136
uplink i2c q=0/1 run=0 ok=741 err=0 to=0 rec=0 aw=0ms ae=1ms mw=1ms me=12ms
[gw2 2.878] uplink ax=414 ay=15 az=820 mg, t=36.06C rh=22.31%
uplink stat accel_hz=435 sht_hz=0 sht_ok=1 sht_err=0 ready=1
adhoc stat role=GW init=1 node=1000002 tx=20 rx=50 node_err=0 tx_err=0 rx_err=1
adhoc sm st=1 lvl=0 retry=0 rpk=0 rex=0 lrex=0 lrex_age=0ms up_gw=1 up_no=0 up[gw2 2.909] _id=0 up_age=0ms gw_start=1 gw_lock=0 gw_left=29025ms net_act=0 net_closed=0 net_left=0ms
adhoc data sub=0/0 busy=0 skip=0 fail=0 ack=0 rex=0
adhoc link rxstart=198 skip=7 tx=20/20 busy=0 fail=0 rx=51/249 empty=198 err=0 rssi=-37 tc=1761
uplink i2c q=0/1 run=0 ok=529 err=65 to=0 rec=0 aw=0ms ae=0ms mw=1ms me=15[gw2 2.939] ms
[gw1 3.030] uplink ax=-867 ay=-117 az=-390 mg, t=34.31C rh=25.96%
[gw2 3.060] uplink ax=414 ay=39 az=828 mg, t=36.06C rh=22.31%
[gw1 3.243] uplink ax=-859 ay=-109 az=-406 mg, t=34.31C rh=25.96%
[gw2 3.274] uplink ax=406 ay=31 az=835 mg, t=36.06C rh=22.31%
[gw1 3.425] uplink ax=-875 ay=-93 az=-390 mg, t=34.31C rh=25.96[gw1 3.456] %
[gw2 3.456] uplink ax=414 ay=23 az=843 mg, t=36.06C rh=22.31%
[gw1 3.486] * 
[gw1 3.638] uplink ax=-859 ay=-101 az=-382 mg, t=34.39C rh=26.03%
[gw2 3.668] uplink ax=421 ay=23 az=851 mg, t=36.06C rh=22.31%
[gw2 3.699] * 
[gw1 3.821] uplink ax=-875 ay=-101 az=-414 mg, t=34.39C rh=26.03[gw1 3.851] %
uplink stat accel_hz=495 sht_hz=1 sht_ok=2 sht_err=0 ready=1
adhoc stat role=GW init=1 node=1 tx=43 rx=90 node_err=0 tx_err=0 rx_err=3
adhoc sm st=1 lvl=0 retry=0 rpk=0 rex=0 lrex=0 lrex_age=0ms up_gw=0 up_no=0 up_id=0 up_age=0ms gw_start=1 gw_lock=0 gw_left=28031ms net_act=0 net_closed=0 net_left=0ms
adhoc data sub=[gw1 3.882] 0/0 busy=0 skip=0 fail=0 ack=0 rex=0
adhoc link rxstart=398 skip=26 tx=43/50 busy=7 fail=0 rx=93/491 empty=398 err=0 rssi=-43 tc=3705
uplink i2c q=0/1 run=0 ok=1207 err=0 to=0 rec=0 aw=0ms ae=1ms mw=1ms me=12ms
[gw2 3.882] uplink ax=398 ay=46 az=867 mg, t=36.06C rh=22.44%
uplink stat accel_hz=400 sht_hz=1 sht_ok=2 sht_err=0 ready=1
adhoc stat role=GW init=1 node=1000002 tx=40 rx=101 node_err=0 tx_err=0 rx_err=4
adhoc sm st=1 lvl=0 retry=0 rpk=0 rex=0 lrex=0 lrex_age=0ms up_gw=1 up_no=0 up_id=0 up_age=0ms gw_start=1 g[gw2 3.912] w_lock=0 gw_left=28025ms net_act=0 net_closed=0 net_left=0ms
adhoc data sub=0/0 busy=0 skip=0 fail=0 ack=0 rex=0
adhoc link rxstart=398 skip=14 tx=40/40 busy=0 fail=0 rx=105/503 empty=398 err=0 rssi=-37 tc=3425
uplink i2c q=0/1 run=0 ok=931 err=98 to=0 rec=0 aw=0ms ae=0ms mw=1ms me=15ms
[gw1 4.034] uplink ax=-867 ay=-125 az=-406 mg, t=34.39C rh=26.03%
[gw2 4.064] uplink ax=414 ay=46 az=843 mg, t=36.06C rh=22.44%
[gw1 4.246] uplink ax=-875 ay=-109 az=-390 mg, t=34.39C rh=26.03%
[gw2 4.277] uplink ax=414 ay=39 az=851 mg, t=36.06C rh=22.44%
[gw1 4.428] uplink ax=-875 ay=-140 az=-406 mg, t=34.39C rh=26.03%
[gw2 4.458] uplink ax=406 ay=15 az=867 mg, t=36.06C rh=22.44%
[gw1 4.489] * 
[gw1 4.641] uplink ax=-867 ay=-109 az=-398 mg, t=34.29C rh=26.03%
[gw2 4.671] uplink ax=406 ay=15 az=867 mg, t=36.06C rh=22.44%
[gw2 4.702] * 
[gw1 4.823] uplink ax=[gw1 4.853] -867 ay=-109 az=-406 mg, t=34.29C rh=26.03%
uplink stat accel_hz=400 sht_hz=1 sht_ok=3 sht_err=0 ready=1
adhoc stat role=GW init=1 node=1 tx=63 rx=139 node_err=0 tx_err=0 rx_err=3
adhoc sm st=1 lvl=0 retry=0 rpk=0 rex=0 lrex=0 lrex_age=0ms up_gw=0 up_no=0 up_id=0 up_age=0ms gw_start=1 gw_lock=0 gw_left=27031ms[gw2 4.853] u[gw1 4.883]  net_act=0 net_closed=0 net_left=0ms
adhoc data sub=0/0 busy=0 skip=0 fail=0 ack=0 rex=0
adhoc link rxstart=598 skip=31 tx=63/70 busy=7 fail=0 rx=142/740 empty=598 err=0 rssi=-31 tc=5349
uplink i2c q=0/1 run=0 ok=1676 err=0 to=0 rec=0 aw=0ms ae=1ms mw=1ms me=12ms
[gw2 4.883] plink ax=421 ay=31 az=882 mg, t=35.99C rh=22.10%
uplink stat accel_hz=400 sht_hz=1 sht_ok=3 sht_err=0 ready=1
adhoc stat role=GW init=1 node=1000002 tx=58 rx=150 node_err=0 tx_err=0 rx_err=4
adhoc sm st=1 lvl=0 retry=0 rpk=0 rex=0 lrex=0 lrex_age=0ms up_gw=1 up_no=0 up_id=0 up_age=0ms gw_start=1 gw_lock=0 gw_[gw2 4.914] left=27025ms net_act=0 net_closed=0 net_left=0ms
adhoc data sub=0/0 busy=0 skip=0 fail=0 ack=0 rex=0
adhoc link rxstart=598 skip=18 tx=58/58 busy=0 fail=0 rx=154/752 empty=598 err=0 rssi=-34 tc=4973
uplink i2c q=0/1 run=0 ok=1333 err=130 to=0 rec=0 aw=0ms ae=0ms mw=1ms me=15ms
[gw1 5.035] uplink ax=-859 ay=-109 az=-382 mg, t=34.29C rh=26.03%
[gw2 5.066] uplink ax=414 ay=39 az=828 mg, t=35.99C rh=22.10%
[gw1 5.249] uplink ax=-851 ay=-109 az=-390 mg, t=34.29C rh=26.03%
[gw2 5.279] uplink ax=398 ay=46 az=875 mg, t=35.99C rh=22.10%
[gw1 5.461] uplink ax=-851 ay=-93 az=-398 mg, t=34.29C rh=26.03%
[gw2 5.461] uplink ax=406 ay=23 az=859 mg, t=35.99C rh=22.10%
[gw1 5.492] * 
[gw1 5.644] uplink ax=-875 ay=-109 az=-390 mg, t=34.35C rh=26.03%
[gw2 5.674] uplink ax=421 ay=62 az=914 mg, t=35.99C rh=22.10%
[gw2 5.705] * 
[gw1 5.857] uplink ax=-867 ay=-140 az=-398 mg, t=34.35C rh=26.03%
uplink stat accel_hz=400 sht_hz=1 sht_[gw2 5.857] uplink ax=414 ay=46 az=859 mg, t=36.02C [gw1 5.888] ok=4 sht_err=0 ready=1
adhoc stat role=GW init=1 node=1 tx=83 rx=174 node_err=0 tx_err=0 rx_err=4
adhoc sm st=1 lvl=0 retry=0 rpk=0 rex=0 lrex=0 lrex_age=0ms up_gw=0 up_no=0 up_id=0 up_age=0ms gw_start=1 gw_lock=0 gw_left=26031ms net_act=0 net_closed=0 net_left=0ms
adhoc data sub=0/0 busy=0 skip=0 fail=0 ack=0 rex=0
adh[gw2 5.888] rh=22.31%
uplink stat accel_hz=400 sht_hz=1 sht_ok=4 sht_err=0 ready=1
adhoc stat role=GW init=1 node=1000002 tx=77 rx=199 node_err=0 tx_err=0 rx_err=5
adhoc sm st=1 lvl=0 retry=0 rpk=0 rex=0 lrex=0 lrex_age=0ms up_gw=1 up_no=0 up_id=0 up_age=0ms gw_start=1 gw_lock=0 gw_left=26025ms net_act=0 net_closed=0 net_left=0ms
a[gw1 5.918] oc link rxstart=798 skip=41 tx=83/90 busy=7 fail=0 rx=178/976 empty=798 err=0 rssi=-46 tc=6957
uplink i2c q=0/1 run=0 ok=2144 err=4 to=0 rec=0 aw=0ms ae=1ms mw=1ms me=23ms
[gw2 5.918] dhoc data sub=0/0 busy=0 skip=0 fail=0 ack=0 rex=0
adhoc link rxstart=798 skip=22 tx=77/77 busy=0 fail=0 rx=204/1002 empty=798 err=0 rssi=-45 tc=6584
uplink i2c q=0/1 run=0 ok=1735 err=162 to=0 rec=0 aw=0ms ae=0ms mw=1ms me=15ms
[gw1 6.040] uplink ax=-851 ay=-101 az=-414 mg, t=34.35C rh=26.03%
[gw2 6.070] uplink ax=429 ay=62 az=890 mg, t=36.02C rh=22.31%
[gw1 6.252] uplink ax=-867 ay=-125 az=-382 mg, t=34.35C rh=26.03%
[gw2 6.252] uplink ax=[gw2 6.283] 406 ay=39 az=851 mg, t=36.02C rh=22.31%
[gw1 6.434] uplink ax=-867 ay=-109 az=-390 mg, t=34.35C rh=26.03%
[gw1 6.465] *[gw2 6.465] uplink ax=414 ay=23 az=898 mg, t=36.02C rh=22.31%
[gw1 6.495]  
[gw1 6.616] uplink ax[gw1 6.647] =-875 ay=-140 az=-382 mg, t=34.32C rh=26.10%
[gw2 6.677] uplink ax=406 ay=39 az=882 mg, t=36.02C rh=22.31%
[gw2 6.708] * 
[gw1 6.829] uplink ax=-882 ay=-109 az=-390 mg, t=34.32C rh=26.10%
uplink stat accel_hz=400 sht[gw1 6.860] _hz=1 sht_ok=5 sht_err=0 ready=1
adhoc stat role=GW init=1 node=1 tx=102 rx=216 node_err=0 tx_err=0 rx_err=5
adhoc sm st=1 lvl=0 retry=0 rpk=0 rex=0 lrex=0 lrex_age=0ms up_gw=0 up_no=0 up_id=0 up_age=0ms gw_start=1 gw_lock=0 gw_left=25031ms net_act=0 net_closed=0 net_left=0ms
adhoc data sub=0/0 busy=0 skip=0 fail=0 ack=[gw2 6.860] uplink ax=437 ay=31 az=875 mg, t=36.00C rh=22.44%
uplink stat accel_hz=4[gw1 6.890] 0 rex=0
adhoc link rxstart=998 skip=55 tx=102/112 busy=10 fail=0 rx=221/1219 empty=998 err=0 rssi=-46 tc=8493
uplink i2c q=0/1 run=0 ok=2608 err=5 to=0 rec=0 aw=0ms ae=1ms mw=1ms me=23ms
[gw2 6.890] 00 sht_hz=1 sht_ok=5 sht_err=0 ready=1
adhoc stat role=GW init=1 node=1000002 tx=95 rx=239 node_err=0 tx_err=0 rx_err=5
adhoc sm st=1 lvl=0 retry=0 rpk=0 rex=0 lrex=0 lrex_age=0ms up_gw=1 up_no=0 up_id=0 up_age=0ms gw_start=1 gw_lock=0 gw_left=25025ms net_act=0 net_closed=0 net_left=0ms
adhoc data sub=0/0 busy=0 skip=0 [gw2 6.921] fail=0 ack=0 rex=0
adhoc link rxstart=998 skip=26 tx=95/95 busy=0 fail=0 rx=244/1242 empty=998 err=0 rssi=-45 tc=8144
uplink i2c q=0/1 run=0 ok=2137 err=194 to=0 rec=0 aw=0ms ae=0ms mw=1ms me=15ms
[gw1 7.043] uplink ax=-867 ay=-109 az=-382 mg, t=34.32C rh=26.10%
[gw2 7.074] uplink ax=414 ay=39 az=875 mg, t=36.00C rh=22.44%
[gw1 7.226] uplink ax=-882 ay=-117 az=-390 mg, t=34.32C rh=26.10%
[gw2 7.257] uplink ax=437 ay=0 az=859 mg, t=36.00C rh=22.44%
[gw1 7.440] uplink ax=-875 ay=-117 az=-382 mg, t=34.32C rh=26.10%
[gw1 7.470] * 
[gw2 7.470] uplink ax=414 ay=54 az=843 mg, t=36.00C rh=22.44%
[gw1 7.623] uplink ax=-867 ay=-101 az=-390 mg, t=34.34C rh=26.16%
[gw2 7.653] uplink ax=421 ay=31[gw2 7.684]  az=875 mg, t=36.00C rh=22.44%
[gw2 7.714] * 
[gw1 7.837] uplink ax=-859 ay=-109 az=-382 mg, t=34.34C rh=26.16%
uplink stat accel_hz=400 sht_hz=1 sht_ok=6 sht_err=0 ready=1
adhoc stat role=GW init=1 node=1 tx=121 rx=258 node[gw1 7.867] _err=0 tx_err=0 rx_err=5
adhoc sm st=1 lvl=0 retry=0 rpk=0 rex=0 lrex=0 lrex_age=0ms up_gw=0 up_no=0 up_id=0 up_age=0ms gw_start=1 gw_lock=0 gw_left=24031ms net_act=0 net_closed=0 net_left=0ms
adhoc data sub=0/0 busy=0 skip=0 fail=0 ack=0 rex=0
adhoc link rxstart=1198 skip=61 tx=121/131 busy=10 fail=0 rx=263/1[gw2 7.867] uplink ax=421 ay=39 az=898 mg, t=36.04C rh=22.37%
uplink stat accel_hz=399 sht_hz=1 sht_ok=6 sht_err=0 ready=1
adhoc stat role=GW init=1 node=1000002 tx=[gw1 7.898] 461 empty=1198 err=0 rssi=-46 tc=10075
uplink i2c q=0/1 run=0 ok=3074 err=6 to=0 rec=0 aw=0ms ae=1ms mw=1ms me=23ms
[gw2 7.898] 112 rx=281 node_err=0 tx_err=0 rx_err=5
adhoc sm st=1 lvl=0 retry=0 rpk=0 rex=0 lrex=0 lrex_age=0ms up_gw=1 up_no=0 up_id=0 up_age=0ms gw_start=1 gw_lock=0 gw_left=24025ms net_act=0 net_closed=0 net_left=0ms
adhoc data sub=0/0 busy=0 skip=0 fail=0 ack=0 rex=0
adhoc link rxstart=1198 skip=38 tx=112/115 busy=3 f[gw2 7.929] ail=0 rx=286/1484 empty=1198 err=0 rssi=-37 tc=9790
uplink i2c q=0/1 run=0 ok=2539 err=228 to=1 rec=1 aw=0ms ae=0ms mw=1ms me=50ms
[gw1 8.020] uplink ax[gw1 8.051] =-867 ay=-101 az=-398 mg, t=34.34C rh=26.16%
[gw2 8.051] u[gw2 8.081] plink ax=421 ay=39 az=859 mg, t=36.04C rh=22.37%
[gw1 8.234] uplink ax=-867 ay=-117 az=-398 mg, t=34.34C rh=26.16%
[gw2 8.264] uplink ax=429 ay=39 az=835 mg, t=36.04C rh=22.37%
[gw1 8.447] uplink ax=-851 ay=-109 az=-406 mg, t=34.34C rh=26.16%
[gw1 8.477] * 
[gw2 8.477] uplink ax=414 ay=23 az=859 mg, t=36.04C rh=22.37%
[gw1 8.629] uplink ax=-851 ay=-101 az=-398 mg, t=34.37C rh=25.76%
[gw2 8.660] uplink ax=398 ay=31 az=875 mg, t=36.04C rh=22.37%
[gw2 8.721] * 
[gw1 8.842] uplink ax=-859 ay=-85 az=-390 mg, t=34.37C rh=25.76%
uplink stat accel_hz=400 sht_hz=1 sht_ok=7 sht_err=0 ready=1
adhoc stat role=GW init=1 node=1 tx=142 rx=298 node_err=0 tx_err=0 rx_err=8
adhoc sm st=1 lvl=0 retry=0[gw1 8.872]  rpk=0 rex=0 lrex=0 lrex_age=0ms up_gw=0 up_no=0 up_id=0 up_age=0ms gw_start=1 gw_lock=0 gw_left=23031ms net_act=0 net_closed=0 net_left=0ms
adhoc data sub=0/0 busy=0 skip=0 fail=0 ack=0 rex=0
adhoc link rxstart=1398 skip=71 tx=142/152 busy=10 fail=0 rx=306/1704 empty=1398 err=0 rssi=-46 tc=11697
uplink i2c q=0/1 run=0 [gw2 8.872] uplink ax=398 ay=15 az=898 mg, t=36.02C rh=22.44%
uplink stat accel_hz=401 sht_hz=1 sht_ok=7 sht_err=0 ready=1
adhoc stat role=GW init=1 node=1000002 tx=131 rx=323 node_err=0 tx_err=0 rx_err=9
adhoc sm st=[gw1 8.903] ok=3540 err=8 to=0 rec=0 aw=0ms ae=1ms mw=1ms me=23ms
[gw2 8.903] 1 lvl=0 retry=0 rpk=0 rex=0 lrex=0 lrex_age=0ms up_gw=1 up_no=0 up_id=0 up_age=0ms gw_start=1 gw_lock=0 gw_left=23025ms net_act=0 net_closed=0 net_left=0ms
adhoc data sub=0/0 busy=0 skip=0 fail=0 ack=0 rex=0
adhoc link rxstart=1398 skip=42 tx=131/134 busy=3 fail=0 rx=332/1730 empty=1398 err=0 rssi=-35 tc=11424[gw2 8.933] 
uplink i2c q=0/1 run=0 ok=2941 err=260 to=1 rec=1 aw=0ms ae=0ms mw=1ms me=50ms
[gw1 9.024] uplink ax=-867 ay=-101 az=-390 mg, t=34.37C rh=25.7[gw1 9.054] 6%
[gw2 9.054] uplink ax=414 ay=46 az=898 mg, [gw2 9.084] t=36.02C rh=22.44%
[gw1 9.237] uplink ax=-859 ay=-109 az=-390 mg, t=34.37C rh=25.76%
[gw2 9.267] uplink ax=406 ay=23 az=843 mg, t=36.02C rh=22.44%
[gw1 9.448] uplink ax=-882 ay=-117 az=-398 mg, t=34.37C rh=25.76%
[gw1 9.479] * 
[gw2 9.479] uplink ax=406 ay=39 az=820 mg, t=36.02C rh=22.44%
[gw1 9.630] uplink ax=-843 ay=-109 az=-398 mg, t=34.30C rh=25.96%
[gw2 9.661] uplink ax=421 ay=31 az=851 mg, t=36.02C rh=22.44%
[gw2 9.721] * 
[gw1 9.843] uplink ax=-859 ay=-125 az=-406 mg, t=34.30C rh=25.96%
uplink stat accel_hz=400 sht_hz=1 sht_ok=8 sht_err=0 ready=1
adhoc stat role=GW init=1 node=1 tx=163 rx=345 node_err=0 tx_err=0 rx_err=9
adhoc sm st=1 lvl=0 retry=0 rpk=0 r[gw1 9.873] ex=0 lrex=0 lrex_age=0ms up_gw=0 up_no=0 up_id=0 up_age=0ms gw_start=1 gw_lock=0 gw_left=22031ms net_act=0 net_closed=0 net_left=0ms
adhoc data sub=0/0 busy=0 skip=0 fail=0 ack=0 rex=0
adhoc link rxstart=1598 skip=77 tx=163/173 busy=10 fail=0 rx=354/1952 empty=1598 err=0 rssi=-46 tc=13340
uplink i2c q=0/1 run=0 ok=4006 e[gw2 9.873] uplink ax=398 ay=31 az=828 mg, t=36.03C rh=22.17%
uplink stat accel_hz=400 sht_hz=1 sht_ok=8 sht_err=0 ready=1
adhoc stat role=GW init=1 node=1000002 tx=150 rx=379 node_err=0 tx_err=0 rx_err=10
adhoc sm st=1 lvl=0 retry=0 rpk=0[gw1 9.904] rr=8 to=0 rec=0 aw=0ms ae=1ms mw=1ms me=23ms
[gw2 9.904]  rex=0 lrex=0 lrex_age=0ms up_gw=1 up_no=0 up_id=0 up_age=0ms gw_start=1 gw_lock=0 gw_left=22025ms net_act=0 net_closed=0 net_left=0ms
adhoc data sub=0/0 busy=0 skip=0 fail=0 ack=0 rex=0
adhoc link rxstart=1598 skip=46 tx=150/153 busy=3 fail=0 rx=389/1987 empty=1598 err=0 rssi=-35 tc=12985
uplink i2c q=0/1 run=0 ok=3343[gw2 9.934]  err=291 to=1 rec=1 aw=0ms ae=0ms mw=1ms me=50ms
[gw1 10.025] uplink ax=-859 ay=-93 az=-390 mg, t=34.30C rh=25.96%
[gw2 10.055] uplink ax=390 ay=39 az=835 mg, t=36.03C [gw2 10.086] rh=22.17%
[gw1 10.238] uplink ax=-859 ay=-109 az=-398 mg, t=34.30C rh=25.96%
[gw2 10.268] uplink ax=414 ay=15 az=882 mg, t=36.03C rh=22.17%
[gw1 10.420] uplink ax=-875 ay=-1[gw1 10.450] 25 az=-398 mg, t=34.30C rh=25.96%
[gw1 10.481] * 
[gw2 10.481] uplink ax=406 ay=15 az=859 mg, t=36.03C rh=22.17%
[gw1 10.632] uplink ax=-859 ay=-117 az=-406 mg, t=34.36C rh=25.96%
[gw2 10.663] uplink ax=398 ay=31 az=890 mg, t=36.03C rh=22.17%
[gw2 10.723] * 
[gw1 10.875] uplink ax=-867 ay=-117 az=-398 mg, t=34.36C rh=25.96%
uplink stat accel_hz=400 sht_hz=1 sht_ok=9 sht_err=0 ready=1
adhoc stat role=GW init=1 node=1 tx=183 rx=389 node_err=0 tx_err=0 rx_err=11
adhoc sm st=1 lvl=0 retry=0 rpk=0 rex=0 lrex=0 lrex_age=0ms up_gw=0 up_no=0 up_id=0 up_age=0ms gw_start=1 g[gw2 10.875] uplink ax=421 ay=31 az=882 mg, t=35.98C rh=22.30%
uplink stat accel_hz=399 sht_hz=1 sht_ok=9 sht_err=0 ready=1
adhoc stat role=GW init=1 node=1000002 tx=169 rx=420 node_err=0 tx_err=0 rx_err=12
adhoc sm st=1 lvl=0 retry=0 rpk=0 rex=0 lr[gw1 10.906] w_lock=0 gw_left=21031ms net_act=0 net_closed=0 net_left=0ms
adhoc data sub=0/0 busy=0 skip=0 fail=0 ack=0 rex=0
adhoc link rxstart=1798 skip=85 tx=183/193 busy=10 fail=0 rx=400/2198 empty=1798 err=0 rssi=-46 tc=14903
uplink i2c q=0/1 run=0 ok=4474 err=10 to=0 rec=0 aw=0ms ae=1ms mw=1ms me=23ms
[gw2 10.906] ex=0 lrex_age=0ms up_gw=1 up_no=0 up_id=0 up_age=0ms gw_start=1 gw_lock=0 gw_left=21025ms net_act=0 net_closed=0 net_left=0ms
adhoc data sub=0/0 busy=0 skip=0 fail=0 ack=0 rex=0
adhoc link rxstart=1798 skip=50 tx=169/172 busy=3 fail=0 rx=432/2230 empty=1798 err=0 rssi=-37 tc=14607
uplink i2c q=0/1 run=0 ok=374[gw2 10.936] 5 err=325 to=1 rec=1 aw=0ms ae=0ms mw=1ms me=50ms
[gw1 11.027] uplink ax=-882 ay=-101 az=-375 mg, t=34.36C rh=25.96%
[gw2 11.057] uplink ax=421 ay=15 az=843 mg, t=35.98C rh=22.30%
[gw1 11.240] uplink ax=-859 ay=-109 az=-398 mg, t=34.36C rh=25.96%
[gw2 11.270] uplink ax=437 ay=39 az=867 mg, t=35.98C rh=22.30%
[gw1 11.422] uplink ax=-882 ay=-109 az=-414 mg, t=34.3[gw1 11.452] 6C rh=25.96%
[gw2 11.452] uplink ax=414 ay=39 [gw1 11.483] * 
[gw2 11.483] az=867 mg, t=35.98C rh=22.30%
[gw1 11.634] uplink ax=-867 ay=-109 az=-390 mg, t=34.30C rh=26.16%
[gw2 11.664] uplink ax=406 ay=46 az=843 mg, t=35.98C rh=22.30%
[gw2 11.725] * 
[gw1 11.816] uplink ax=-867 ay=-101 az=-42[gw1 11.847] 1 mg, t=34.30C rh=26.16%
uplink stat accel_hz=400 sht_hz=1 sht_ok=10 sht_err=0 ready=1
adhoc stat role=GW init=1 node=1 tx=204 rx=436 node_err=0 tx_err=0 rx_err=16
adhoc sm st=1 lvl=0 retry=0 rpk=0 rex=0 lrex=0 lrex_age=0ms up_gw=0 up_no=0 up_id=0 up_age=0ms gw_start=1 gw_lock=0 gw_left=20031ms net_act=0 net_closed=0 net[gw1 11.877] _left=0ms
adhoc data sub=0/0 busy=0 skip=0 fail=0 ack=0 rex=0
adhoc link rxstart=1998 skip=95 tx=204/214 busy=10 fail=0 rx=452/2450 empty=1998 err=0 rssi=-46 tc=16498
uplink i2c q=0/1 run=0 ok=4935 err=11 to=0 rec=0 aw=0ms ae=1ms mw=1ms me=23ms
[gw2 11.877] uplink ax=390 ay=39 az=835 mg, t=36.03C rh=22.37%
uplink stat accel_hz=401 sht_hz=1 sht_ok=10 sht_err=0 ready=1
adhoc stat role=GW init=1 node=1000002 tx=189 rx=469 node_err=0 tx_err=0 rx_err=16
adhoc sm st=1 lvl=0 retry=0 rpk=0 rex=0 lrex=0 lrex_age=0ms up_[gw2 11.908] gw=1 up_no=0 up_id=0 up_age=0ms gw_start=1 gw_lock=0 gw_left=20025ms net_act=0 net_closed=0 net_left=0ms
adhoc data sub=0/0 busy=0 skip=0 fail=0 ack=0 rex=0
adhoc link rxstart=1998 skip=54 tx=189/192 busy=3 fail=0 rx=485/2483 empty=1998 err=0 rssi=-37 tc=16219
uplink i2c q=0/1 run=0 ok=4147 err=358 to=1 rec=1 [gw2 11.938] aw=0ms ae=0ms mw=1ms me=50ms
[gw1 12.030] uplink ax=-859 ay=-125 az=-375 mg, t=34.30C rh=26.16%
[gw2 12.060] uplink ax=406 ay=23 az=882 mg, t=36.03C rh=22.37%
[gw1 12.243] uplink ax=-859 ay=-109 az=-398 mg, t=34.30C rh=26.16%
[gw2 12.273] uplink ax=421 ay=46 az=890 mg, t=36.03C rh=22.37%
[gw1 12.426] uplink ax=-882 ay=-101 az=-382 mg, t=34.30C rh=26.16%
[gw2 12.457] uplink ax=398 ay=23 az=882 mg, t=36.03C rh=22.37%
[gw1 12.487] * 
[gw1 12.639] uplink ax=-867 ay=-125 az=-406 mg, t=34.35C rh=25.96%
[gw2 12.670] uplink ax=429 ay=54 az=898 mg, t=36.03C rh=22.37%
[gw2 12.700] *[gw2 12.730]  
[gw1 12.821] uplink ax=-867 ay=-[gw1 12.851] 125 az=-398 mg, t=34.35C rh=25.96%
uplink stat accel_hz=400 sht_hz=1 sht_ok=11 sht_err=0 ready=1
adhoc stat role=GW init=1 node=1 tx=223 rx=471 node_err=0 tx_err=0 rx_err=18
adhoc sm st=1 lvl=0 retry=0 rpk=0 rex=0 lrex=0 lrex_age=0ms up_gw=0 up_no=0 up_id=0 up_age=0ms gw_start=1 gw_lock=0 gw_left=19031ms net_act=0 net_cl[gw2 12.851] uplink ax[gw1 12.882] osed=0 net_left=0ms
adhoc data sub=0/0 busy=0 skip=0 fail=0 ack=0 rex=0
adhoc link rxstart=2198 skip=101 tx=223/233 busy=10 fail=0 rx=489/2687 empty=2198 err=0 rssi=-30 tc=18144
uplink i2c q=0/1 run=0 ok=5404 err=12 to=0 rec=0 aw=0ms ae=1ms mw=1ms me=23ms
[gw2 12.882] =414 ay=46 az=820 mg, t=36.06C rh=22.24%
uplink stat accel_hz=400 sht_hz=1 sht_ok=11 sht_err=0 ready=1
adhoc stat role=GW init=1 node=1000002 tx=206 rx=512 node_err=0 tx_err=0 rx_err=18
adhoc sm st=1 lvl=0 retry=0 rpk=0 rex=0 lrex=0 lrex_age=0ms up_gw=1 up_no=0 up_id=0 up_age=0ms gw_start=1 gw_lock=0 gw_left=19025ms net_[gw2 12.913] act=0 net_closed=0 net_left=0ms
adhoc data sub=0/0 busy=0 skip=0 fail=0 ack=0 rex=0
adhoc link rxstart=2198 skip=58 tx=206/209 busy=3 fail=0 rx=530/2728 empty=2198 err=0 rssi=-37 tc=17787
uplink i2c q=0/1 run=0 ok=4549 err=389 to=1 rec=1 aw=0ms ae=0ms mw=1ms me=50ms
[gw1 13.034] uplink ax=-851 ay=-117 az=-406 mg, t=34.35C rh=25.96%
[gw2 13.065] uplink ax=406 ay=23 az=898 mg, t=36.06C rh=22.24%
[gw1 13.246] uplink ax=-859 ay=-117 az=-398 mg, t=34.35C rh=25.96%
[gw2 13.277] uplink ax=437 ay=46 az=843 mg, t=36.06C rh=22.24%
[gw1 13.429] uplink ax=-851 ay=-117 az=-382 mg, t=34.35C rh=25.96%
[gw2 13.459] uplink ax=398 ay=31 az=851 mg, t=36.06C rh=22.24%
[gw1 13.489] * 
[gw1 13.641] uplink ax=-875 ay=-132 az=-406 mg, t=34.31C rh=25.96%
[gw2 13.672] uplink ax=421 ay=15 az=882 mg, t=36.06C rh=22.24%
[gw2 13.702] * 
[gw1 13.824] uplink ax=-875 ay=-125 az=-390 mg, t=34.31C rh=25.96[gw1 13.855] %
uplink stat accel_hz=400 sht_hz=1 sht_ok=12 sht_err=0 ready=1
adhoc stat role=GW init=1 node=1 tx=242 rx=507 node_err=0 tx_err=0 rx_err=19
adhoc sm st=1 lvl=0 retry=0 rpk=0 rex=0 lrex=0 lrex_age=0ms up_gw=0 up_no=0 up_id=0 up_age=0ms gw_start=1 gw_lock=0 gw_left=18031ms net_act=0 net_closed=0 net_left=0ms
adhoc data [gw2 13.855] uplink ax=421 ay=23 a[gw1 13.885] sub=0/0 busy=0 skip=0 fail=0 ack=0 rex=0
adhoc link rxstart=2398 skip=105 tx=242/252 busy=10 fail=0 rx=526/2924 empty=2398 err=0 rssi=-30 tc=19666
uplink i2c q=0/1 run=0 ok=5870 err=12 to=0 rec=0 aw=0ms ae=1ms mw=1ms me=23ms
[gw2 13.885] z=867 mg, t=36.08C rh=22.31%
uplink stat accel_hz=400 sht_hz=1 sht_ok=12 sht_err=0 ready=1
adhoc stat role=GW init=1 node=1000002 tx=225 rx=560 node_err=0 tx_err=0 rx_err=21
adhoc sm st=1 lvl=0 retry=0 rpk=0 rex=0 lrex=0 lrex_age=0ms up_gw=1 up_no=0 up_id=0 up_age=0ms gw_start=1 gw_lock=0 gw_left=18025ms net_act=0 net_c[gw2 13.916] losed=0 net_left=0ms
adhoc data sub=0/0 busy=0 skip=0 fail=0 ack=0 rex=0
adhoc link rxstart=2398 skip=62 tx=225/228 busy=3 fail=0 rx=581/2979 empty=2398 err=0 rssi=-48 tc=19349
uplink i2c q=0/1 run=0 ok=4951 err=422 to=1 rec=1 aw=0ms ae=0ms mw=1ms me=50ms
[gw1 14.038] uplink ax=-851 ay=-117 az=-398 mg, t=34.31C rh=25.96%
[gw2 14.068] uplink ax=414 ay=23 az=890 mg, t=36.08C rh=22.31%
[gw1 14.251] uplink ax=-875 ay=-117 az=-382 mg, t=34.31C rh=25.96%
[gw2 14.251] u[gw2 14.281] plink ax=406 ay=31 az=882 mg, t=36.08C rh=22.31%
[gw1 14.433] uplink ax=-882 ay=-101 az=-390 mg, t=34.31C rh=25.96%
[gw2 14.463] uplink ax=437 ay=39 az=835 mg, t=36.08C rh=22.31%
[gw1 14.493] * 
[gw1 14.615] uplink ax=-867 ay=-[gw1 14.645] 101 az=-398 mg, t=34.34C rh=25.89%
[gw2 14.675] uplink ax=414 ay=46 az=867 mg, t=36.08C rh=22.31%
[gw2 14.706] * 
[gw1 14.828] uplink ax=-875 ay=-101 az=-398 mg, t=34.34C rh=25.89%
uplink stat accel_hz=400 sht_hz=1 sht_[gw1 14.858] ok=13 sht_err=0 ready=1
adhoc stat role=GW init=1 node=1 tx=262 rx=542 node_err=0 tx_err=0 rx_err=23
adhoc sm st=1 lvl=0 retry=0 rpk=0 rex=0 lrex=0 lrex_age=0ms up_gw=0 up_no=0 up_id=0 up_age=0ms gw_start=1 gw_lock=0 gw_left=17031ms net_act=0 net_closed=0 net_left=0ms
adhoc data sub=0/0 busy=0 skip=0 fail=0 ac[gw2 14.858] uplink ax=429 ay=39 az=906 mg, t=36.06C rh=22.31%
uplink sta[gw1 14.889] k=0 rex=0
adhoc link rxstart=2598 skip=112 tx=262/272 busy=10 fail=0 rx=565/3163 empty=2598 err=0 rssi=-30 tc=21299
uplink i2c q=0/1 run=0 ok=6336 err=15 to=0 rec=0 aw=0ms ae=1ms mw=1ms me=23ms
[gw2 14.889] t accel_hz=400 sht_hz=1 sht_ok=13 sht_err=0 ready=1
adhoc stat role=GW init=1 node=1000002 tx=245 rx=607 node_err=0 tx_err=0 rx_err=24
adhoc sm st=1 lvl=0 retry=0 rpk=0 rex=0 lrex=0 lrex_age=0ms up_gw=1 up_no=0 up_id=0 up_age=0ms gw_start=1 gw_lock=0 gw_left=17025ms net_act=0 net_closed=0 net_left=0ms
adhoc data sub=0/0 [gw2 14.919] busy=0 skip=0 fail=0 ack=0 rex=0
adhoc link rxstart=2598 skip=69 tx=245/250 busy=5 fail=0 rx=631/3229 empty=2598 err=0 rssi=-35 tc=21015
uplink i2c q=0/1 run=0 ok=5353 err=455 to=2 rec=2 aw=0ms ae=0ms mw=1ms me=50ms
[gw1 15.041] uplink ax=-875 ay=-109 az=-406 mg, t=34.34C rh=25.89%
[gw2 15.072] uplink ax=406 ay=39 az=929 mg, t=36.06C rh=22.31%
[gw1 15.223] uplink ax=-875 ay=-117 az=-390 mg, t=34.34C rh=25.89%
[gw2 15.253] uplink ax=406 ay=23 az=882 mg, [gw2 15.284] t=36.06C rh=22.31%
[gw1 15.436] uplink ax=-875 ay=-101 az=-375 mg, t=34.34C rh=25.89%
[gw1 15.466] * 
[gw2 15.466] uplink ax=429 ay=23 az=875 mg, t=36.06C rh=22.31%
[gw1 15.618] uplink ax=-843 ay=-85 az=-375 mg, t=34.33C rh=25.96%
[gw2 15.679] uplink ax=406 ay=23 az=875 mg, t=36.06C rh=22.31%
[gw2 15.709] * 
[gw1 15.830] uplink ax=-859 ay=-101 az=-390 mg, t=34.33C rh=25.96%
uplink stat accel_hz=400 sht_hz=1 sht_ok=14 sht_err=0 ready=1
adhoc s[gw1 15.861] tat role=GW init=1 node=1 tx=283 rx=580 node_err=0 tx_err=0 rx_err=25
adhoc sm st=1 lvl=0 retry=0 rpk=0 rex=0 lrex=0 lrex_age=0ms up_gw=0 up_no=0 up_id=0 up_age=0ms gw_start=1 gw_lock=0 gw_left=16031ms net_act=0 net_closed=0 net_left=0ms
adhoc data sub=0/0 busy=0 skip=0 fail=0 ack=0 rex=0
adhoc link rxstart=27[gw2 15.861] uplink ax=429 ay=31 az=835 mg, t=36.08C rh=22.24%
uplink stat accel_hz=400 sht_hz=1 sht_ok=1[gw1 15.891] 98 skip=117 tx=283/293 busy=10 fail=0 rx=605/3403 empty=2798 err=0 rssi=-43 tc=22897
uplink i2c q=0/1 run=0 ok=6802 err=16 to=0 rec=0 aw=0ms ae=1ms mw=1ms me=23ms
[gw2 15.891] 4 sht_err=0 ready=1
adhoc stat role=GW init=1 node=1000002 tx=265 rx=661 node_err=0 tx_err=0 rx_err=26
adhoc sm st=1 lvl=0 retry=0 rpk=0 rex=0 lrex=0 lrex_age=0ms up_gw=1 up_no=0 up_id=0 up_age=0ms gw_start=1 gw_lock=0 gw_left=16025ms net_act=0 net_closed=0 net_left=0ms
adhoc data sub=0/0 busy=0 skip=0 fail=0 [gw2 15.921] ack=0 rex=0
adhoc link rxstart=2798 skip=74 tx=265/270 busy=5 fail=0 rx=687/3485 empty=2798 err=0 rssi=-37 tc=22618
uplink i2c q=0/1 run=0 ok=5755 err=488 to=2 rec=2 aw=0ms ae=0ms mw=1ms me=50ms
[gw1 16.043] uplink ax=-867 ay=-93 az=-406 mg, t=34.33C rh=25.96%
[gw2 16.074] uplink ax=414 ay=7 az=851 mg, t=36.08C rh=22.24%
[gw1 16.225] uplink ax=-867 ay=-93 az=-375 mg, t=34.33C rh=25.96%
[gw2 16.256] uplink ax=414 ay=39 az=875 mg, t=36.08C rh=22.24%
[gw1 16.438] uplink ax=-867 ay=-109 az=-398 mg, t=34.33C rh=25.96%
[gw1 16.468] * 
[gw2 16.468] uplink ax=414 ay=23 az=859 mg, t=36.08C rh=22.24%
[gw1 16.621] uplink ax=-867 ay=-109 az=-390 mg, t=34.36C rh=25.96%
[gw2 16.651] uplink ax[gw2 16.681] =375 ay=23 az=820 mg, t=36.08C rh=22.24%
[gw2 16.711] * 
[gw1 16.833] uplink ax=-859 ay=-125 az=-390 mg, t=34.36C rh=25.96%
uplink stat accel_hz=400 sht_hz=1 sht_ok=15 sht_err=0 ready=1
adhoc stat role=GW init=1 nod[gw1 16.863] e=1 tx=305 rx=622 node_err=0 tx_err=0 rx_err=27
adhoc sm st=1 lvl=0 retry=0 rpk=0 rex=0 lrex=0 lrex_age=0ms up_gw=0 up_no=0 up_id=0 up_age=0ms gw_start=1 gw_lock=0 gw_left=15031ms net_act=0 net_closed=0 net_left=0ms
adhoc data sub=0/0 busy=0 skip=0 fail=0 ack=0 rex=0
adhoc link rxstart=2998 skip=123 tx=305/315 busy=10 f[gw2 16.863] uplink ax=406 ay=23 az=843 mg, t=36.10C rh=22.11%
uplink stat accel_hz=400 sht_hz=1 sht_ok=15 sht_err=0 ready=1
[gw1 16.894] ail=0 rx=649/3647 empty=2998 err=0 rssi=-46 tc=24478
uplink i2c q=0/1 run=0 ok=7268 err=16 to=0 rec=0 aw=0ms ae=1ms mw=1ms me=23ms
[gw2 16.894] adhoc stat role=GW init=1 node=1000002 tx=285 rx=715 node_err=0 tx_err=0 rx_err=29
adhoc sm st=1 lvl=0 retry=0 rpk=0 rex=0 lrex=0 lrex_age=0ms up_gw=1 up_no=0 up_id=0 up_age=0ms gw_start=1 gw_lock=0 gw_left=15025ms net_act=0 net_closed=0 net_left=0ms
adhoc data sub=0/0 busy=0 skip=0 fail=0 ack=0 rex=0
adhoc link rxstart[gw2 16.924] =2998 skip=78 tx=285/290 busy=5 fail=0 rx=744/3742 empty=2998 err=0 rssi=-35 tc=24185
uplink i2c q=0/1 run=0 ok=6157 err=520 to=2 rec=2 aw=0ms ae=0ms mw=1ms me=50ms
[gw1 17.045] uplink ax=-867 ay=-101 az=-390 mg, t=34.36C rh=25.96%
[gw2 17.076] uplink ax=414 ay=15 az=890 mg, t=36.10C rh=22.11%
[gw1 17.227] uplink ax=-859 ay=-101 az=-375 mg, t=34.36C rh=25.96%
[gw2 17.258] uplink ax=429 ay=39 az=882 mg, t=36.10C rh=22.11%
[gw1 17.440] uplink ax=-859 ay=-125 az=-390 mg, t=34.36C rh=25.96%
[gw1 17.471] * 
[gw2 17.471] uplink ax=421 ay=31 az=875 mg, t=36.10C rh=22.11%
[gw1 17.623] uplink ax=-867 ay=-125 az=-406 mg, t=34.35C rh=25.82%
[gw2 17.653] uplink ax=398 ay=15 az=867 mg, [gw2 17.684] t=36.10C rh=22.11%
[gw2 17.715] * 
[gw1 17.836] uplink ax=-882 ay=-117 az=-390 mg, t=34.35C rh=25.82%
uplink stat accel_hz=400 sht_hz=1 sht_ok=16 sht_err=0 ready=1
adhoc stat role=GW init=1 node=1 tx=324 rx=657 node_err=0 tx_err=0 rx_[gw1 17.867] err=27
adhoc sm st=1 lvl=0 retry=0 rpk=0 rex=0 lrex=0 lrex_age=0ms up_gw=0 up_no=0 up_id=0 up_age=0ms gw_start=1 gw_lock=0 gw_left=14031ms net_act=0 net_closed=0 net_left=0ms
adhoc data sub=0/0 busy=0 skip=0 fail=0 ack=0 rex=0
adhoc link rxstart=3198 skip=128 tx=324/334 busy=10 fail=0 rx=684/3882 empty=3198 err=0 rssi=-[gw2 17.867] uplink ax=406 ay=31 az=906 mg, t=36.06C rh=22.31%
uplink stat accel_hz=400 sht_hz=1 sht_ok=16 sht_err=0 ready=1
adhoc stat role=GW init=1 node=1000002 tx=3[gw1 17.897] 42 tc=26145
uplink i2c q=0/1 run=0 ok=7734 err=17 to=0 rec=0 aw=0ms ae=1ms mw=1ms me=23ms
[gw2 17.897] 03 rx=764 node_err=0 tx_err=0 rx_err=30
adhoc sm st=1 lvl=0 retry=0 rpk=0 rex=0 lrex=0 lrex_age=0ms up_gw=1 up_no=0 up_id=0 up_age=0ms gw_start=1 gw_lock=0 gw_left=14025ms net_act=0 net_closed=0 net_left=0ms
adhoc data sub=0/0 busy=0 skip=0 fail=0 ack=0 rex=0
adhoc link rxstart=3198 skip=82 tx=303/308 busy=5 f[gw2 17.928] ail=0 rx=794/3992 empty=3198 err=0 rssi=-36 tc=25795
uplink i2c q=0/1 run=0 ok=6559 err=554 to=2 rec=2 aw=0ms ae=0ms mw=1ms me=50ms
[gw1 18.018] uplink ax=-851 ay=-125 az=-39[gw1 18.049] 8 mg, t=34.35C rh=25.82%
[gw2 18.079] uplink ax=421 ay=23 az=851 mg, t=36.06C rh=22.31%
[gw1 18.231] uplink ax=-875 ay=-109 az=-406 mg, t=34.35C rh=25.82%
[gw2 18.262] uplink ax=421 ay=31 az=882 mg, t=36.06C rh=22.31%
[gw1 18.443] uplink ax=-859 ay=-117 az=-406 mg, t=34.35C rh=25.82%
[gw1 18.474] * 
[gw2 18.474] uplink ax=421 ay=46 az=898 mg, t=36.06C rh=22.31%
[gw1 18.625] uplink ax=-867 ay=-117 az=-390 mg, t=34.35C rh=25.89%
[gw2 18.656] uplink ax=398 ay=31 az=867 mg, t=36.06C rh=22.31%
[gw2 18.716] * 
[gw1 18.838] uplink ax=-859 ay=-109 az=-414 mg, t=34.35C rh=25.89%
uplink stat accel_hz=400 sht_hz=1 sht_ok=17 sht_err=0 ready=1
adhoc stat role=GW init=1 node=1 tx=348 rx=703 node_err=0 tx_err=0 rx_err=29
adhoc sm st=[gw1 18.868] 1 lvl=0 retry=0 rpk=0 rex=0 lrex=0 lrex_age=0ms up_gw=0 up_no=0 up_id=0 up_age=0ms gw_start=1 gw_lock=0 gw_left=13031ms net_act=0 net_closed=0 net_left=0ms
adhoc data sub=0/0 busy=0 skip=0 fail=0 ack=0 rex=0
adhoc link rxstart=3398 skip=133 tx=348/358 busy=10 fail=0 rx=732/4130 empty=3398 err=0 rssi=-46 tc=2771[gw2 18.868] uplink ax=398 ay=46 az=875 mg, t=36.03C rh=22.37%
uplink stat accel_hz=400 sht_hz=1 sht_ok=17 sht_err=0 ready=1
adhoc stat role=GW init=1 node=1000002 tx=325 rx=822[gw1 18.899] 0
uplink i2c q=0/1 run=0 ok=8200 err=19 to=0 rec=0 aw=0ms ae=1ms mw=1ms me=23ms
[gw2 18.899]  node_err=0 tx_err=0 rx_err=32
adhoc sm st=1 lvl=0 retry=0 rpk=0 rex=0 lrex=0 lrex_age=0ms up_gw=1 up_no=0 up_id=0 up_age=0ms gw_start=1 gw_lock=0 gw_left=13025ms net_act=0 net_closed=0 net_left=0ms
adhoc data sub=0/0 busy=0 skip=0 fail=0 ack=0 rex=0
adhoc link rxstart=3398 skip=86 tx=325/330 busy=5 fail=0 rx=854/4252 e[gw2 18.929] mpty=3398 err=0 rssi=-35 tc=27388
uplink i2c q=0/1 run=0 ok=6961 err=586 to=2 rec=2 aw=0ms ae=0ms mw=1ms me=50ms
[gw1 19.020] uplink ax=-875 ay=-101 az=-367 mg, t=34.3[gw1 19.050] 5C rh=25.89%
[gw2 19.050] u[gw2 19.080] plink ax=414 ay=39 az=859 mg, t=36.03C rh=22.37%
[gw1 19.232] uplink ax=-867 ay=-101 az=-390 mg, t=34.35C rh=25.89%
[gw2 19.262] uplink ax=382 ay=46 az=898 mg, t=36.03C rh=22.37%
[gw1 19.444] uplink ax=-859 ay=-109 az=-382[gw1 19.475]  mg, t=34.35C rh=25.89%
* 
[gw2 19.475] uplink ax=437 ay=46 az=867 mg, t=36.03C rh=22.37%
[gw1 19.627] uplink ax=-859 ay=-101 az=-398 mg, t=34.35C rh=25.89%
[gw2 19.657] uplink ax=414 ay=39 az=835 mg, t=36.03C rh=22.37%
[gw2 19.719] * 
[gw1 19.841] uplink ax=-859 ay=-101 az=-398 mg, t=34.35C rh=25.89%
uplink stat accel_hz=400 sht_hz=1 sht_ok=17 sht_err=1 ready=1
adhoc stat role=GW init=1 node=1 tx=367 rx=746 node_err=0 tx_err=0 rx_err=31
adhoc sm st=1 lvl=0 retry=0 rpk=0 rex=0 lrex=0 lrex_age[gw1 19.871] =0ms up_gw=0 up_no=0 up_id=0 up_age=0ms gw_start=1 gw_lock=0 gw_left=12031ms net_act=0 net_closed=0 net_left=0ms
adhoc data sub=0/0 busy=0 skip=0 fail=0 ack=0 rex=0
adhoc link rxstart=3598 skip=145 tx=367/377 busy=10 fail=0 rx=777/4375 empty=3598 err=0 rssi=-42 tc=29292
uplink i2c q=0/1 run=0 ok=8665 err=22 to=[gw2 19.871] uplink ax=406 ay=39 az=843 mg, t=36.10C rh=22.11%
uplink stat accel_hz=399 sht_hz=1 sht_ok=18 sht_err=0 ready=1
adhoc stat role=GW init=1 node=1000002 tx=345 rx=869 node_err=0 tx_err=0 rx_err=34
adhoc sm st[gw1 19.902] 1 rec=1 aw=0ms ae=1ms mw=1ms me=50ms
[gw2 19.902] =1 lvl=0 retry=0 rpk=0 rex=0 lrex=0 lrex_age=0ms up_gw=1 up_no=0 up_id=0 up_age=0ms gw_start=1 gw_lock=0 gw_left=12025ms net_act=0 net_closed=0 net_left=0ms
adhoc data sub=0/0 busy=0 skip=0 fail=0 ack=0 rex=0
adhoc link rxstart=3598 skip=90 tx=345/350 busy=5 fail=0 rx=903/4501 empty=3598 err=0 rssi=-37 tc=29017[gw2 19.932] 
uplink i2c q=0/1 run=0 ok=7363 err=618 to=2 rec=2 aw=0ms ae=0ms mw=1ms me=50ms
[gw1 20.023] uplink ax=-859 ay=-109 az=-382 mg, t=34.35C rh=25.89%
[gw2 20.054] uplink ax=398 ay=31 az=875 mg, t=36.10C [gw2 20.084] rh=22.11%
[gw1 20.236] uplink ax=-882 ay=-101 az=-406 mg, t=34.35C rh=25.89%
[gw2 20.266] uplink ax=390 ay=31 az=898 mg, t=36.10C rh=22.11%
[gw1 20.448] uplink ax=-867 ay=-101 az=-398 mg, t=34.35C rh=25.89%
[gw1 20.478] * 
[gw2 20.478] uplink ax=406 ay=31 az=875 mg, t=36.10C rh=22.11%
[gw1 20.630] uplink ax=-867 ay=-85 az=-398 mg, t=34.33C rh=25.96%
[gw2 20.661] uplink ax=406 ay=46 az=875 mg, t=36.10C rh=22.11%
[gw2 20.721] * 
[gw1 20.842] uplink ax=-882 ay=-93 az=-414 mg, t=34.33C rh=25.96%
uplink stat accel_hz=395 sht_hz=0 sht_ok=18 sht_err=1 ready=1
adhoc stat role=GW init=1 node=1 tx=388 rx=792 node_err=0 tx_err=0 rx_err=34
adhoc sm st=1 lvl=0 retry=0 rpk=0 rex=0 lrex=0 lrex_age=0ms up_gw[gw1 20.873] =0 up_no=0 up_id=0 up_age=0ms gw_start=1 gw_lock=0 gw_left=11031ms net_act=0 net_closed=0 net_left=0ms
adhoc data sub=0/0 busy=0 skip=0 fail=0 ack=0 rex=0
adhoc link rxstart=3798 skip=156 tx=388/398 busy=10 fail=0 rx=826/4624 empty=3798 err=0 rssi=-42 tc=30929
uplink i2c q=0/1 run=0 ok=9131 err=26 to=1 rec=1 aw[gw2 20.873] uplink ax=429 ay=54 az=867 mg, t=36.07C rh=22.11%
uplink stat accel_hz=401 sht_hz=1 sht_ok=19 sht_err=0 ready=1
adhoc stat role=GW init=1 node=1000002 tx=364 rx=915 node_err=0 tx_err=0 rx_err=36
adhoc sm st=1 lvl=0 retry=0 rpk=0 rex=0 l[gw1 20.903] =0ms ae=1ms mw=1ms me=50ms
[gw2 20.903] rex=0 lrex_age=0ms up_gw=1 up_no=0 up_id=0 up_age=0ms gw_start=1 gw_lock=0 gw_left=11025ms net_act=0 net_closed=0 net_left=0ms
adhoc data sub=0/0 busy=0 skip=0 fail=0 ack=0 rex=0
adhoc link rxstart=3798 skip=94 tx=364/369 busy=5 fail=0 rx=951/4749 empty=3798 err=0 rssi=-35 tc=30631
uplink i2c q=0/1 run=0 ok=7765 err=649[gw2 20.934]  to=2 rec=2 aw=0ms ae=0ms mw=1ms me=50ms
[gw1 21.025] uplink ax=-875 ay=-109 az=-375 mg, t=34.33C rh=25.96%
[gw2 21.056] uplink ax=414 ay=7 az=851 mg, t=36.07C rh=22.11%
[gw1 21.237] uplink ax=-859 ay=-125 az=-406 mg, t=34.33C rh=25.96%
[gw2 21.268] uplink ax=429 ay=54 az=828 mg, t=36.07C rh=22.11%
[gw1 21.420] uplink ax=-851 ay=-125 az=-398 mg, t=34.[gw1 21.450] 33C rh=25.96%
[gw2 21.450] u[gw1 21.480] * 
[gw2 21.480] plink ax=414 ay=70 az=828 mg, t=36.07C rh=22.11%
[gw1 21.634] uplink ax=-875 ay=-125 az=-406 mg, t=34.38C rh=25.76%
[gw2 21.664] uplink ax=398 ay=46 az=867 mg, t=36.07C rh=22.11%
[gw2 21.725] * 
[gw1 21.847] uplink ax=-882 ay=-117 az=-382 mg, t=34.38C rh=25.76%
uplink stat accel_hz=405 sht_hz=1 sht_ok=19 sht_err=1 ready=1
adhoc stat role=GW init=1 node=1 tx=409 rx=835 node_err=0 tx_err=0 rx_err=36
adhoc sm st=1 lvl=0 retry=0 rpk=0 rex=0 lrex=0 lrex_age=0ms up_gw=0 up_no=0 up_id=0 up_age=0ms gw_start=1 gw[gw1 21.877] _lock=0 gw_left=10031ms net_act=0 net_closed=0 net_left=0ms
adhoc data sub=0/0 busy=0 skip=0 fail=0 ack=0 rex=0
adhoc link rxstart=3998 skip=163 tx=409/419 busy=10 fail=0 rx=871/4869 empty=3998 err=0 rssi=-30 tc=32484
uplink i2c q=0/1 run=0 ok=9597 err=27 to=1 rec=1 aw=0ms ae=1ms mw=1ms me=50ms
[gw2 21.877] uplink ax=429 ay=39 az=890 mg, t=36.07C rh=22.31%
uplink stat accel_hz=400 sht_hz=1 sht_ok=20 sht_err=0 ready=1
adhoc stat role=GW init=1 node=1000002 tx=384 rx=964 node_err=0 tx_err=0 rx_err=39
adhoc sm st=1 lvl=0 retry=0 rpk=0 rex=0 lrex=0 lrex_age=0ms up_gw=1 up_no=[gw2 21.908] 0 up_id=0 up_age=0ms gw_start=1 gw_lock=0 gw_left=10025ms net_act=0 net_closed=0 net_left=0ms
adhoc data sub=0/0 busy=0 skip=0 fail=0 ack=0 rex=0
adhoc link rxstart=3998 skip=98 tx=384/389 busy=5 fail=0 rx=1003/5001 empty=3998 err=0 rssi=-35 tc=32200
uplink i2c q=0/1 run=0 ok=8167 err=682 to=2 rec=2 aw=0ms ae=0[gw2 21.938] ms mw=1ms me=50ms
[gw1 22.029] uplink ax=-875 ay=-93 az=-390 mg, t=34.38C rh=25.76%
[gw2 22.060] uplink ax=398 ay=46 az=828 mg, t=36.07C rh=22.31%
[gw1 22.242] uplink ax=-882 ay=-132 az=-382 mg, t=34.38C rh=25.76%
[gw2 22.273] uplink ax=382 ay=23 az=835 mg, t=36.07C rh=22.31%
[gw1 22.425] uplink ax=-867 ay=-125 az=-398 mg, t=34.38C rh=25.76%
[gw2 22.455] uplink ax=421 ay=7 az=859 mg, t=36.07C rh=22.31%
[gw1 22.485] * 
[gw1 22.637] uplink ax=-875 ay=-109 az=-390 mg, t=34.38C rh=25.76%
[gw2 22.667] uplink ax=398 ay=39 az=820 mg, t=36.07C rh=22.31%
[gw2 22.729] * 
[gw1 22.851] uplink ax=-867 ay=-109 az=-382 mg, t=34.38C rh=25.76%
uplink stat accel[gw1 22.881] _hz=400 sht_hz=1 sht_ok=20 sht_err=1 ready=1
adhoc stat role=GW init=1 node=1 tx=429 rx=877 node_err=0 tx_err=0 rx_err=37
adhoc sm st=1 lvl=0 retry=0 rpk=0 rex=0 lrex=0 lrex_age=0ms up_gw=0 up_no=0 up_id=0 up_age=0ms gw_start=1 gw_lock=0 gw_left=9031ms net_act=0 net_closed=0 net_left=0ms
adhoc data sub=0/0 bus[gw2 22.881] uplink ax=429 ay=7 az=851 mg, t=36.02C rh=22.24%
uplink stat accel_hz=400 sht_hz=1 sht_ok=21 sht_err=0 ready=1
adhoc stat role=GW init=1 node=1000002 tx=403 rx=1013 node_err=0 tx_err=0 rx_err=40
adhoc sm st=1 lvl=0 retry=0 rpk=0 rex=0 lrex=0 lrex_age=0ms up_gw=1 up_no=0 up_id=0 up_age=0ms gw_start=1[gw1 22.911] y=0 skip=0 fail=0 ack=0 rex=0
adhoc link rxstart=4198 skip=166 tx=429/439 busy=10 fail=0 rx=914/5112 empty=4198 err=0 rssi=-43 tc=34152
uplink i2c q=0/1 run=0 ok=10065 err=28 to=1 rec=1 aw=0ms ae=1ms mw=1ms me=50ms
[gw2 22.911]  gw_lock=0 gw_left=9025ms net_act=0 net_closed=0 net_left=0ms
adhoc data sub=0/0 busy=0 skip=0 fail=0 ack=0 rex=0
adhoc link rxstart=4198 skip=102 tx=403/408 busy=5 fail=0 rx=1053/5251 empty=4198 err=0 rssi=-35 tc=33779
uplink i2c q=0/1 run=0 ok=8569 err=714 to=2 rec=2 aw=0ms ae=0ms mw=1ms me=50ms
[gw1 23.032] uplink ax=-875 ay=-109 az=-375 mg, t=34.38C rh=25.76%
[gw2 23.063] uplink ax=429 ay=15 az=835 mg, t=36.02C rh=22.24%
[gw1 23.245] uplink ax=-875 ay=-85 az=-406 mg, t=34.38C rh=25.76%
[gw2 23.275] uplink ax=414 ay=23 az=882 mg, t=36.02C rh=22.24%
[gw1 23.427] uplink ax=-867 ay=-109 az=-390 mg, t=34.38C rh=25.76%
[gw2 23.458] uplink ax=406 ay=31 az=867 mg, t=36.02C rh=22.24%
[gw1 23.488] * 
[gw1 23.640] uplink ax=-859 ay=-117 az=-390 mg, t=34.38C rh=25.96%
[gw2 23.670] uplink ax=406 ay=39 az=828 mg, t=36.02C rh=22.24%
[gw2 23.731] * 
[gw1 23.822] uplink ax=-859 ay=-101 az=-382 mg, t=34.38C rh=25.9[gw1 23.853] 6%
uplink stat accel_hz=400 sht_hz=1 sht_ok=21 sht_err=1 ready=1
adhoc stat role=GW init=1 node=1 tx=447 rx=916 node_err=0 tx_err=0 rx_err=38
adhoc sm st=1 lvl=0 retry=0 rpk=0 rex=0 lrex=0 lrex_age=0ms up_gw=0 up_no=0 up_id=0 up_age=0ms gw_start=1 gw_lock=0 gw_left=8031ms net_act=0 net_closed=0 net_left=0ms
a[gw2 23.853] uplink ax=398 ay=23[gw1 23.883] dhoc data sub=0/0 busy=0 skip=0 fail=0 ack=0 rex=0
adhoc link rxstart=4398 skip=173 tx=447/457 busy=10 fail=0 rx=954/5352 empty=4398 err=0 rssi=-43 tc=35736
uplink i2c q=0/1 run=0 ok=10529 err=29 to=1 rec=1 aw=0ms ae=1ms mw=1ms me=50ms
[gw2 23.883]  az=953 mg, t=36.08C rh=22.24%
uplink stat accel_hz=400 sht_hz=1 sht_ok=22 sht_err=0 ready=1
adhoc stat role=GW init=1 node=1000002 tx=421 rx=1063 node_err=0 tx_err=0 rx_err=42
adhoc sm st=1 lvl=0 retry=0 rpk=0 rex=0 lrex=0 lrex_age=0ms up_gw=1 up_no=0 up_id=0 up_age=0ms gw_start=1 gw_lock=0 gw_left=8025ms net[gw2 23.914] _act=0 net_closed=0 net_left=0ms
adhoc data sub=0/0 busy=0 skip=0 fail=0 ack=0 rex=0
adhoc link rxstart=4398 skip=106 tx=421/426 busy=5 fail=0 rx=1105/5503 empty=4398 err=0 rssi=-35 tc=35403
uplink i2c q=0/1 run=0 ok=8971 err=746 to=2 rec=2 aw=0ms ae=0ms mw=1ms me=50ms
[gw1 24.035] uplink ax=-867 ay=-101 az=-398 mg, t=34.38C rh=25.96%
[gw2 24.066] uplink ax=414 ay=46 az=851 mg, t=36.08C rh=22.24%
[gw1 24.217] uplink ax=-867 ay=-1[gw1 24.248] 09 az=-406 mg, t=34.38C rh=25.96%
[gw2 24.278] uplink ax=406 ay=23 az=859 mg, t=36.08C rh=22.24%
[gw1 24.429] uplink ax=-867 ay=-109 az=-382 mg, t=34.38C rh=25.96%
[gw2 24.460] uplink ax=429 ay=54 az=867 mg, t=36.08C rh=22.24%
[gw1 24.490] * 
[gw1 24.613] uplink ax[gw1 24.643] =-875 ay=-109 az=-382 mg, t=34.34C rh=25.96%
[gw2 24.674] uplink ax=398 ay=15 az=851 mg, t=36.08C rh=22.24%
[gw2 24.704] * 
[gw1 24.826] uplink ax=-867 ay=-125 az=-406 mg, t=34.34C rh=25.96%
uplink stat accel_hz=400 sht_hz=1 sht_ok=22 sht_err=1 ready=1
adhoc stat role=GW init=1 n[gw1 24.856] ode=1 tx=466 rx=958 node_err=0 tx_err=0 rx_err=39
adhoc sm st=1 lvl=0 retry=0 rpk=0 rex=0 lrex=0 lrex_age=0ms up_gw=0 up_no=0 up_id=0 up_age=0ms gw_start=1 gw_lock=0 gw_left=7031ms net_act=0 net_closed=0 net_left=0ms
adhoc data sub=0/0 busy=0 skip=0 fail=0 ack=0 rex=0
adhoc link rxstart=4598 skip=177 tx=466/47[gw2 24.856] uplink ax=429 ay=46 az=882 mg, t=36.11C rh=22.38%[gw1 24.886] 6 busy=10 fail=0 rx=997/5595 empty=4598 err=0 rssi=-30 tc=37279
uplink i2c q=0/1 run=0 ok=10992 err=31 to=1 rec=1 aw=0ms ae=1ms mw=1ms me=50ms
[gw2 24.886] 
uplink stat accel_hz=400 sht_hz=1 sht_ok=23 sht_err=0 ready=1
adhoc stat role=GW init=1 node=1000002 tx=439 rx=1110 node_err=0 tx_err=0 rx_err=43
adhoc sm st=1 lvl=0 retry=0 rpk=0 rex=0 lrex=0 lrex_age=0ms up_gw=1 up_no=0 up_id=0 up_age=0ms gw_start=1 gw_lock=0 gw_left=7025ms net_act=0 net_closed=0 net_left=0m[gw2 24.917] s
adhoc data sub=0/0 busy=0 skip=0 fail=0 ack=0 rex=0
adhoc link rxstart=4598 skip=110 tx=439/444 busy=5 fail=0 rx=1153/5751 empty=4598 err=0 rssi=-35 tc=36996
uplink i2c q=0/1 run=0 ok=9373 err=778 to=2 rec=2 aw=0ms ae=0ms mw=1ms me=50ms
[gw1 25.038] uplink ax=-867 ay=-117 az=-390 mg, t=34.34C rh=25.96%
[gw2 25.068] uplink ax=414 ay=15 az=843 mg, t=36.11C rh=22.38%
[gw1 25.221] uplink ax=-875 ay=-109 az=-398 mg, t=34.34C rh=25.9[gw1 25.251] 6%
[gw2 25.251] uplink ax=421 ay=23[gw2 25.282]  az=882 mg, t=36.11C rh=22.38%
[gw1 25.433] uplink ax=-851 ay=-125 az=-398 mg, t=34.34C rh=25.96%
[gw2 25.464] uplink ax=406 ay=46 az=796 mg, t=36.11C rh=22.38%
[gw1 25.495] * 
[gw1 25.618] uplink ax=-867 ay=-117 az=-375 mg, t=34.34C rh=25.89%
[gw2 25.679] uplink ax=421 ay=39 az=890 mg, t=36.11C rh=22.38%
[gw2 25.709] * 
[gw1 25.831] uplink ax=-875 ay=-109 az=-390 mg, t=34.34C rh=25.89%
uplink stat accel_hz=400 sht_hz=1 sht_ok=23 sht_err=1 ready=1
adhoc stat role=G[gw1 25.861] W init=1 node=1 tx=488 rx=1005 node_err=0 tx_err=0 rx_err=43
adhoc sm st=1 lvl=0 retry=0 rpk=0 rex=0 lrex=0 lrex_age=0ms up_gw=0 up_no=0 up_id=0 up_age=0ms gw_start=1 gw_lock=0 gw_left=6031ms net_act=0 net_closed=0 net_left=0ms
adhoc data sub=0/0 busy=0 skip=0 fail=0 ack=0 rex=0
adhoc link rxstart=4798 skip=185 tx=488/49[gw2 25.861] uplink ax=406 ay=23 az=875 mg, t=36.07C rh=22.31%
uplink stat accel_hz=399 sht_hz=1 sht_ok=24 sht_err=0 ready=1[gw1 25.892] 9 busy=11 fail=0 rx=1048/5846 empty=4798 err=0 rssi=-30 tc=38917
uplink i2c q=0/1 run=0 ok=11461 err=33 to=1 rec=1 aw=0ms ae=1ms mw=1ms me=50ms
[gw2 25.892] 
adhoc stat role=GW init=1 node=1000002 tx=458 rx=1164 node_err=0 tx_err=0 rx_err=47
adhoc sm st=1 lvl=0 retry=0 rpk=0 rex=0 lrex=0 lrex_age=0ms up_gw=1 up_no=0 up_id=0 up_age=0ms gw_start=1 gw_lock=0 gw_left=6025ms net_act=0 net_closed=0 net_left=0ms
adhoc data sub=0/0 busy=0 skip=0 fail=0 ack=0 rex=0
adhoc l[gw2 25.923] ink rxstart=4798 skip=114 tx=458/463 busy=5 fail=0 rx=1211/6009 empty=4798 err=0 rssi=-35 tc=38637
uplink i2c q=0/1 run=0 ok=9775 err=810 to=2 rec=2 aw=0ms ae=0ms mw=1ms me=50ms
[gw1 26.044] uplink ax=-882 ay=-109 az=-367 mg, t=34.34C rh=25.89%
[gw2 26.075] uplink ax=398 ay=54 az=828 mg, t=36.07C rh=22.31%
[gw1 26.226] uplink ax=-859 ay=-109 az=-390 mg, t=34.34C rh=25.89%
[gw2 26.257] uplink ax=375 ay=54 az=851 mg, t=36.07C rh=22.31%
[gw1 26.439] uplink ax=-890 ay=-93 az=-398 mg, t=34.34C rh=25.89%
[gw1 26.469] * 
[gw2 26.469] uplink ax=414 ay=46 az=914 mg, t=36.07C rh=22.31%
[gw1 26.621] uplink ax=-875 ay=-109 az=-375 mg, t=34.33C rh=26.03%
[gw2 26.652] uplink ax=421 ay=46 az=851 mg, t[gw2 26.682] =36.07C rh=22.31%
[gw2 26.712] * 
[gw1 26.834] uplink ax=-859 ay=-125 az=-414 mg, t=34.33C rh=26.03%
uplink stat accel_hz=400 sht_hz=1 sht_ok=24 sht_err=1 ready=1
adhoc stat role=GW init=1 node=1 tx=507 rx=1047 [gw1 26.864] node_err=0 tx_err=0 rx_err=44
adhoc sm st=1 lvl=0 retry=0 rpk=0 rex=0 lrex=0 lrex_age=0ms up_gw=0 up_no=0 up_id=0 up_age=0ms gw_start=1 gw_lock=0 gw_left=5031ms net_act=0 net_closed=0 net_left=0ms
adhoc data sub=0/0 busy=0 skip=0 fail=0 ack=0 rex=0
adhoc link rxstart=4998 skip=190 tx=507/518 busy=11 fail=0 rx=[gw2 26.864] uplink ax=398 ay=46 az=835 mg, t=36.04C rh=22.31%
uplink stat accel_hz=401 sht_hz=1 sht_ok=25 sht_err=0 ready=1
adhoc stat[gw1 26.895] 1091/6089 empty=4998 err=0 rssi=-49 tc=40543
uplink i2c q=0/1 run=0 ok=11925 err=35 to=2 rec=2 aw=0ms ae=1ms mw=1ms me=50ms
[gw2 26.895]  role=GW init=1 node=1000002 tx=476 rx=1205 node_err=0 tx_err=0 rx_err=48
adhoc sm st=1 lvl=0 retry=0 rpk=0 rex=0 lrex=0 lrex_age=0ms up_gw=1 up_no=0 up_id=0 up_age=0ms gw_start=1 gw_lock=0 gw_left=5023ms net_act=0 net_closed=0 net_left=0ms
adhoc data sub=0/0 busy=0 skip=0 fail=0 ack=0 rex=0
adhoc link rxstart=4998 skip=[gw2 26.925] 121 tx=476/481 busy=5 fail=0 rx=1253/6251 empty=4998 err=0 rssi=-34 tc=40207
uplink i2c q=0/1 run=0 ok=10175 err=845 to=2 rec=2 aw=0ms ae=0ms mw=1ms me=50ms
[gw1 27.017] uplink ax=[gw1 27.047] -859 ay=-109 az=-414 mg, t=34.33C rh=26.03%
[gw2 27.077] uplink ax=406 ay=39 az=882 mg, t=36.04C rh=22.31%
[gw1 27.230] uplink ax=-875 ay=-109 az=-390 mg, t=34.33C rh=26.03%
[gw2 27.260] uplink ax=421 ay=31 az=851 mg, t=36.04C rh=22.31%
[gw1 27.442] uplink ax=-867 ay=-109 az=-390 mg, t=34.33C rh=26.03%
[gw1 27.473] * 
[gw2 27.473] uplink ax=398 ay=31 az=890 mg, t=36.04C rh=22.31%
[gw1 27.625] uplink ax=-875 ay=-109 az=-398 mg, t=34.35C rh=25.89%
[gw2 27.655] uplink ax=414 ay=54 az=890 mg, t=36.04C rh=22.31%
[gw2 27.716] * 
[gw1 27.839] uplink ax=-851 ay=-125 az=-375 mg, t=34.35C rh=25.89%
uplink stat accel_hz=400 sht_hz=1 sht_ok=25 sht_err=1 ready=1
adhoc stat role=GW init=1 node=1 tx=526 rx=1086 node_err=0 tx_err=0 rx_err=46
adhoc sm st=1 lvl=0 r[gw1 27.869] etry=0 rpk=0 rex=0 lrex=0 lrex_age=0ms up_gw=0 up_no=0 up_id=0 up_age=0ms gw_start=1 gw_lock=0 gw_left=4031ms net_act=0 net_closed=0 net_left=0ms
adhoc data sub=0/0 busy=0 skip=0 fail=0 ack=0 rex=0
adhoc link rxstart=5198 skip=200 tx=526/540 busy=14 fail=0 rx=1132/6330 empty=5198 err=0 rssi=-30 tc=42076
uplink [gw2 27.869] uplink ax=398 ay=62 az=867 mg, t=36.08C rh=22.17%
uplink stat accel_hz=399 sht_hz=1 sht_ok=26 sht_err=0 ready=1
adhoc stat role=GW init=1 node=1000002 tx=495 rx=1245 node_err=0 tx_err=0[gw1 27.900] i2c q=0/1 run=0 ok=12391 err=37 to=2 rec=2 aw=0ms ae=1ms mw=1ms me=50ms
[gw2 27.900]  rx_err=50
adhoc sm st=1 lvl=0 retry=0 rpk=0 rex=0 lrex=0 lrex_age=0ms up_gw=1 up_no=0 up_id=0 up_age=0ms gw_start=1 gw_lock=0 gw_left=4025ms net_act=0 net_closed=0 net_left=0ms
adhoc data sub=0/0 busy=0 skip=0 fail=0 ack=0 rex=0
adhoc link rxstart=5198 skip=125 tx=495/500 busy=5 fail=0 rx=1295/6493 empty=5198 err=0 rss[gw2 27.930] i=-34 tc=41792
uplink i2c q=0/1 run=0 ok=10579 err=877 to=2 rec=2 aw=0ms ae=0ms mw=1ms me=50ms
[gw1 28.022] uplink ax=-875 ay=-109 az=-382 mg, t=34.35C rh=25.89%
[gw2 28.052] uplink ax=398 ay=54 az=875 mg, [gw2 28.082] t=36.08C rh=22.17%
[gw1 28.234] uplink ax=-867 ay=-101 az=-382 mg, t=34.35C rh=25.89%
[gw2 28.265] uplink ax=421 ay=62 az=867 mg, t=36.08C rh=22.17%
[gw1 28.416] u[gw1 28.446] plink ax=-882 ay=-101 az=-390 mg, t=34.35C rh=25.89%
[gw1 28.477] * 
[gw2 28.477] uplink ax=414 ay=39 az=906 mg, t=36.08C rh=22.17%
[gw1 28.629] uplink ax=-875 ay=-101 az=-375 mg, t=34.30C rh=25.96%
[gw2 28.659] uplink ax=421 ay=0 az=882 mg, t=36.08C rh=22.17%
[gw2 28.719] * 
[gw1 28.841] uplink ax=-875 ay=-109 az=-398 mg, t=34.30C rh=25.96%
uplink stat accel_hz=400 sht_hz=1 sht_ok=26 sht_err=1 ready=1
adhoc stat role=GW init=1 node=1 tx=547 rx=1133 node_err=0 tx_err=0 rx_err=51
adhoc sm st=1 lvl=0 retry=0 rpk=0 rex=0 lre[gw1 28.871] x=0 lrex_age=0ms up_gw=0 up_no=0 up_id=0 up_age=0ms gw_start=1 gw_lock=0 gw_left=3031ms net_act=0 net_closed=0 net_left=0ms
adhoc data sub=0/0 busy=0 skip=0 fail=0 ack=0 rex=0
adhoc link rxstart=5398 skip=204 tx=547/561 busy=14 fail=0 rx=1184/6582 empty=5398 err=0 rssi=-31 tc=43724
uplink i2c q=0/1 run=0 ok=128[gw2 28.871] uplink ax=429 ay=31 az=843 mg, t=36.03C rh=22.44%
uplink stat accel_hz=401 sht_hz=1 sht_ok=27 sht_err=0 ready=1
adhoc stat role=GW init=1 node=1000002 tx=514 rx=1281 node_err=0 tx_err=0 rx_err=55
adhoc sm s[gw1 28.902] 57 err=38 to=2 rec=2 aw=0ms ae=1ms mw=1ms me=50ms
[gw2 28.902] t=1 lvl=0 retry=0 rpk=0 rex=0 lrex=0 lrex_age=0ms up_gw=1 up_no=0 up_id=0 up_age=0ms gw_start=1 gw_lock=0 gw_left=3025ms net_act=0 net_closed=0 net_left=0ms
adhoc data sub=0/0 busy=0 skip=0 fail=0 ack=0 rex=0
adhoc link rxstart=5398 skip=129 tx=514/519 busy=5 fail=0 rx=1336/6734 empty=5398 err=0 rssi=-37 tc=43419
uplink[gw2 28.932]  i2c q=0/1 run=0 ok=10981 err=909 to=2 rec=2 aw=0ms ae=0ms mw=1ms me=50ms
[gw1 29.023] uplink ax=-867 ay=-93 az=-406 mg, t=34.30C rh=25.96%
[gw2 29.054] uplink ax=414 ay=23 az=914 mg, t=36.03C rh=22.44%
[gw1 29.236] uplink ax=-859 ay=-125 az=-367 mg, t=34.30C rh=25.96%
[gw2 29.266] uplink ax=414 ay=54 az=859 mg, t=36.03C rh=22.44%
[gw1 29.418] uplink ax=-867 ay=-1[gw1 29.448] 17 az=-390 mg, t=34.30C rh=25.96%
[gw2 29.448] u[gw1 29.479] * 
[gw2 29.479] plink ax=421 ay=31 az=914 mg, t=36.03C rh=22.44%
[gw1 29.631] uplink ax=-867 ay=-125 az=-398 mg, t=34.39C rh=26.03%
[gw2 29.661] uplink ax=406 ay=31 az=882 mg, t=36.03C rh=22.44%
[gw2 29.722] * 
[gw1 29.844] uplink ax=-867 ay=-109 az=-406 mg, t=34.39C rh=26.03%
uplink stat accel_hz=400 sht_hz=1 sht_ok=27 sht_err=1 ready=1
adhoc stat role=GW init=1 node=1 tx=569 rx=1179 node_err=0 tx_err=0 rx_err=53
adhoc sm st=1 lvl=0 retry=0 rpk=0 rex=0 lrex=0 lrex_age=0ms up_gw=0 up_no=[gw1 29.874] 0 up_id=0 up_age=0ms gw_start=1 gw_lock=0 gw_left=2031ms net_act=0 net_closed=0 net_left=0ms
adhoc data sub=0/0 busy=0 skip=0 fail=0 ack=0 rex=0
adhoc link rxstart=5598 skip=210 tx=569/583 busy=14 fail=0 rx=1232/6830 empty=5598 err=0 rssi=-30 tc=45328
uplink i2c q=0/1 run=0 ok=13323 err=39 to=2 rec=2 aw=0ms ae=1ms mw=1ms[gw2 29.874] uplink ax=421 ay=46 az=867 mg, t=36.03C rh=22.24%
uplink stat accel_hz=400 sht_hz=1 sht_ok=28 sht_err=0 ready=1
adhoc stat role=GW init=1 node=1000002 tx=535 rx=1328 node_err=0 tx_err=0 rx_err=57
adhoc sm st=1 lvl=0 retry=0 rpk=0 rex=0 lrex=0 lrex_age=0ms up_gw=1 up_no[gw1 29.904]  me=50ms
[gw2 29.904] =0 up_id=0 up_age=0ms gw_start=1 gw_lock=0 gw_left=2025ms net_act=0 net_closed=0 net_left=0ms
adhoc data sub=0/0 busy=0 skip=0 fail=0 ack=0 rex=0
adhoc link rxstart=5598 skip=136 tx=535/543 busy=8 fail=0 rx=1385/6983 empty=5598 err=0 rssi=-37 tc=44983
uplink i2c q=0/1 run=0 ok=11383 err=942 to=2 rec=2 aw=0ms a[gw2 29.935] e=0ms mw=1ms me=50ms
[gw1 30.026] uplink ax=-859 ay=-101 az=-382 mg, t=34.39C rh=26.03%
[gw2 30.057] uplink ax=398 ay=23 az=851 mg, t=36.03C rh=22.24%
[gw1 30.238] uplink ax=-867 ay=-101 az=-375 mg, t=34.39C rh=26.03%
[gw2 30.269] uplink ax=421 ay=15 az=851 mg, t=36.03C rh=22.24%
[gw1 30.451] uplink ax=-867 ay=-109 az=-382 mg, t=34.39C rh=26.03%
[gw2 30.451] uplink ax=414 ay=31[gw1 30.482] * 
[gw2 30.482]  az=890 mg, t=36.03C rh=22.24%
[gw1 30.634] uplink ax=-867 ay=-93 az=-398 mg, t=34.35C rh=25.96%
[gw2 30.664] uplink ax=414 ay=31 az=828 mg, t=36.03C rh=22.24%
[gw2 30.725] * 
[gw1 30.846] uplink ax=-859 ay=-93 az=-367 mg, t=34.35C rh=25.96%
uplink stat accel_hz=400 sht_hz=1 sht_ok=28 sht_err=1 ready=1
adhoc stat role=GW init=1 node=1 tx=589 rx=1222 node_err=0 tx_err=0 rx_err=54
adhoc sm st=1 lvl=0 retry=0 rpk=0 rex=0 lrex=0 lrex_age=0ms up_gw=0 up_no=0 up_id=0 up_age=0ms [gw1 30.876] gw_start=1 gw_lock=0 gw_left=1031ms net_act=0 net_closed=0 net_left=0ms
adhoc data sub=0/0 busy=0 skip=0 fail=0 ack=0 rex=0
adhoc link rxstart=5798 skip=215 tx=589/603 busy=14 fail=0 rx=1276/7074 empty=5798 err=0 rssi=-47 tc=46877
uplink i2c q=0/1 run=0 ok=13789 err=41 to=2 rec=2 aw=0ms ae=1ms mw=1ms me=50ms
[gw2 30.876] uplink ax=421 ay=31 az=851 mg, t=36.10C rh=22.38%
uplink stat accel_hz=399 sht_hz=1 sht_ok=29 sht_err=0 ready=1
adhoc stat role=GW init=1 node=1000002 tx=556 rx=1378 node_err=0 tx_err=0 rx_err=59
adhoc sm st=1 lvl=0 retry=0 rpk=0 rex=0 lrex=0 lrex_age=0ms up[gw2 30.907] _gw=1 up_no=0 up_id=0 up_age=0ms gw_start=1 gw_lock=0 gw_left=1025ms net_act=0 net_closed=0 net_left=0ms
adhoc data sub=0/0 busy=0 skip=0 fail=0 ack=0 rex=0
adhoc link rxstart=5798 skip=144 tx=556/564 busy=8 fail=0 rx=1437/7235 empty=5798 err=0 rssi=-35 tc=46636
uplink i2c q=0/1 run=0 ok=11785 err=976 to=2 rec=2 aw=0ms a[gw2 30.937] e=0ms mw=1ms me=50ms
[gw1 31.028] uplink ax=-851 ay=-109 az=-390 mg, t=34.35C rh=25.96%
[gw2 31.058] uplink ax=429 ay=70 az=890 mg, t=36.10C rh=22.38%
[gw1 31.240] uplink ax=-882 ay=-117 az=-398 mg, t=34.35C rh=25.96%
[gw2 31.270] uplink ax=421 ay=23 az=914 mg, t=36.10C rh=22.38%
[gw1 31.423] uplink ax=-867 ay=-101 az=-398 mg, t=34.35C rh=25.96%
[gw2 31.453] uplink ax=414 ay=31 az=921 mg, t=36.10C rh=22.38%
[gw1 31.484] * 
[gw1 31.635] uplink ax=-859 ay=-109 az=-406 mg, t=34.37C rh=25.89%
[gw2 31.665] uplink ax=398 ay=15 az=906 mg, t=36.10C rh=22.38%
[gw2 31.726] * 
[gw1 31.818] u[gw1 31.848] plink ax=-867 ay=-101 az=-398 mg, t=34.37C rh=25.89%
uplink stat accel_hz=400 sht_hz=1 sht_ok=29 sht_err=1 ready=1
adhoc stat role=GW init=1 node=1 tx=606 rx=1258 node_err=0 tx_err=0 rx_err=56
adhoc sm st=1 lvl=0 retry=0 rpk=0 rex=0 lrex=0 lrex_age=0ms up_gw=0 up_no=0 up_id=0 up_age=0ms gw_start=1 gw_lock=0 gw_left=31[gw2 31.848] u[gw1 31.879] ms net_act=0 net_closed=0 net_left=0ms
adhoc data sub=0/0 busy=0 skip=0 fail=0 ack=0 rex=0
adhoc link rxstart=5998 skip=222 tx=606/622 busy=16 fail=0 rx=1314/7312 empty=5998 err=0 rssi=-49 tc=48533
uplink i2c q=0/1 run=0 ok=14255 err=43 to=2 rec=2 aw=0ms ae=1ms mw=1ms me=50ms
[gw2 31.879] plink ax=429 ay=7 az=890 mg, t=36.03C rh=22.58%
uplink stat accel_hz=401 sht_hz=1 sht_ok=30 sht_err=0 ready=1
adhoc stat role=GW init=1 node=1000002 tx=574 rx=1420 node_err=0 tx_err=0 rx_err=62
adhoc sm st=1 lvl=0 retry=0 rpk=0 rex=0 lrex=0 lrex_age=0ms up_gw=1 up_no=0 up_id=0 up_age=0ms gw_start=1 gw_lock=0 [gw2 31.909] gw_left=25ms net_act=0 net_closed=0 net_left=0ms
adhoc data sub=0/0 busy=0 skip=0 fail=0 ack=0 rex=0
adhoc link rxstart=5998 skip=149 tx=574/582 busy=8 fail=0 rx=1482/7480 empty=5998 err=0 rssi=-35 tc=48221
uplink i2c q=0/1 run=0 ok=12187 err=1008 to=2 rec=2 aw=0ms ae=0ms mw=1ms me=50ms
[gw1 32.030] uplink ax=-882 ay=-109 az=-382 mg, t=34.37C rh=25.89%
[gw2 32.061] uplink ax=406 ay=15 az=890 mg, t=36.03C rh=22.58%
[gw1 32.244] uplink ax=-867 ay=-109 az=-406 mg, t=34.37C rh=25.89%
[gw2 32.275] uplink ax=429 ay=15 az=906 mg, t=36.03C rh=22.58%
[gw1 32.426] uplink ax=-882 ay=-93 az=-398 mg, t=34.37C rh=25.89%
[gw2 32.456] uplink ax=421 ay=54 az=859 mg, t=36.03C rh=22.58%
[gw1 32.487] * 
[gw1 32.639] uplink ax=-890 ay=-109 az=-382 mg, t=34.36C rh=26.03%
[gw2 32.670] uplink ax=414 ay=0 az=875 mg, t=36.03C rh=22.58%
[gw2 32.730] * 
[gw1 32.821] uplink ax=-875 ay=-109 az=-390 mg, t=34.3[gw1 32.852] 6C rh=26.03%
uplink stat accel_hz=400 sht_hz=1 sht_ok=30 sht_err=1 ready=1
adhoc stat role=GW init=1 node=1 tx=606 rx=1261 node_err=0 tx_err=0 rx_err=56
adhoc sm st=1 lvl=0 retry=0 rpk=0 rex=0 lrex=0 lrex_age=0ms up_gw=0 up_no=0 up_id=0 up_age=0ms gw_start=1 gw_lock=1 gw_left=0ms net_act=0 net_closed=0 net_lef[gw2 32.852] uplink ax=[gw1 32.882] t=0ms
adhoc data sub=0/0 busy=0 skip=0 fail=0 ack=0 rex=0
adhoc link rxstart=6198 skip=222 tx=606/622 busy=16 fail=0 rx=1317/7515 empty=6198 err=0 rssi=-30 tc=48745
uplink i2c q=0/1 run=0 ok=14721 err=44 to=2 rec=2 aw=0ms ae=1ms mw=1ms me=50ms
[gw2 32.882] 437 ay=39 az=859 mg, t=36.06C rh=22.31%
uplink stat accel_hz=400 sht_hz=1 sht_ok=31 sht_err=0 ready=1
adhoc stat role=GW init=1 node=1000002 tx=574 rx=1422 node_err=0 tx_err=0 rx_err=62
adhoc sm st=1 lvl=0 retry=0 rpk=0 rex=0 lrex=0 lrex_age=0ms up_gw=1 up_no=0 up_id=0 up_age=0ms gw_start=1 gw_lock=1 gw_left=0[gw2 32.913] ms net_act=0 net_closed=0 net_left=0ms
adhoc data sub=0/0 busy=0 skip=0 fail=0 ack=0 rex=0
adhoc link rxstart=6198 skip=149 tx=574/582 busy=8 fail=0 rx=1484/7682 empty=6198 err=0 rssi=-35 tc=48365
uplink i2c q=0/1 run=0 ok=12589 err=1041 to=2 rec=2 aw=0ms ae=0ms mw=1ms me=50ms
[gw1 33.033] uplink ax=-859 ay=-117 az=-390 mg, t=34.36C rh=26.03%
[gw2 33.064] uplink ax=398 ay=31 az=882 mg, t=36.06C rh=22.31%
[gw1 33.215] u[gw1 33.246] plink ax=-867 ay=-93 az=-382 mg, t=34.36C rh=26.03%
[gw2 33.276] uplink ax=421 ay=78 az=820 mg, t=36.06C rh=22.31%
[gw1 33.427] uplink ax=-882 ay=-101 az=-390 mg, t=34.36C rh=26.03%
[gw2 33.457] uplink ax=406 ay=62 az=812 mg, t=36.06C rh=22.31%
[gw1 33.488] * 
[gw1 33.639] uplink ax=-859 ay=-101 az=-390 mg, t=34.38C rh=26.03%
[gw2 33.670] uplink ax=390 ay=31 az=898 mg, t=36.06C rh=22.31%
[gw2 33.730] * 
[gw1 33.821] uplink ax=-890 ay=-132 az=-390 mg, t=34.[gw1 33.852] 38C rh=26.03%
uplink stat accel_hz=400 sht_hz=1 sht_ok=31 sht_err=1 ready=1
adhoc stat role=GW init=1 node=1 tx=606 rx=1261 node_err=0 tx_err=0 rx_err=56
adhoc sm st=1 lvl=0 retry=0 rpk=0 rex=0 lrex=0 lrex_age=0ms up_gw=0 up_no=0 up_id=0 up_age=0ms gw_start=1 gw_lock=1 gw_left=0ms net_act=0 net_closed=0 net_left=0ms
ad[gw2 33.852] uplink a[gw1 33.882] hoc data sub=0/0 busy=0 skip=0 fail=0 ack=0 rex=0
adhoc link rxstart=6398 skip=222 tx=606/622 busy=16 fail=0 rx=1317/7715 empty=6398 err=0 rssi=-30 tc=48745
uplink i2c q=0/1 run=0 ok=15187 err=44 to=2 rec=2 aw=0ms ae=1ms mw=1ms me=50ms
[gw2 33.882] x=398 ay=39 az=906 mg, t=36.06C rh=22.10%
uplink stat accel_hz=400 sht_hz=1 sht_ok=32 sht_err=0 ready=1
adhoc stat role=GW init=1 node=1000002 tx=574 rx=1422 node_err=0 tx_err=0 rx_err=62
adhoc sm st=1 lvl=0 retry=0 rpk=0 rex=0 lrex=0 lrex_age=0ms up_gw=1 up_no=0 up_id=0 up_age=0ms gw_start=1 gw_lock=1 gw_left=0ms net_ac[gw2 33.913] t=0 net_closed=0 net_left=0ms
adhoc data sub=0/0 busy=0 skip=0 fail=0 ack=0 rex=0
adhoc link rxstart=6398 skip=149 tx=574/582 busy=8 fail=0 rx=1484/7882 empty=6398 err=0 rssi=-35 tc=48365
uplink i2c q=0/1 run=0 ok=12991 err=1073 to=2 rec=2 aw=0ms ae=0ms mw=1ms me=50ms

[OCD OUTPUT]
Open On-Chip Debugger 0.11.0+dev-snapshot (2026-02-25-15:11)
Licensed under GNU GPL v2
For bug reports, read
	http://openocd.org/doc/doxygen/bugs.html
Info : only one transport option; autoselect 'sdi'
Warn : Transport "sdi" was already selected
Ready for Remote Connections
Info : WCH-LinkW  mode:RV version 2.14 
Info : wlink_init ok
Info : clock speed 6000 kHz
Info : [wch_riscv.cpu.0] datacount=2 progbufsize=8
Info : [wch_riscv.cpu.0] Examined RISC-V core; found 1 harts
Info : [wch_riscv.cpu.0]  XLEN=32, misa=0x40901105
[wch_riscv.cpu.0] Target successfully examined.
Info : starting gdb server for wch_riscv.cpu.0 on 3333
Info : Listening on port 3333 for gdb connections
